*********************************************************************
* LD Score Regression (LDSC)
* Version 1.0.1
* (C) 2014-2019 Brendan Bulik-Sullivan and Hilary Finucane
* Broad Institute of MIT and Harvard / MIT Department of Mathematics
* GNU General Public License v3
*********************************************************************
Call: 
./ldsc.py \
--out .codex_work/public_inputs_20260903/ldsc_audit/logs/BD_CLIN_PGC4__SCZ_PGC2022 \
--print-snps .codex_work/public_inputs_20260903/reference/extracted/eur_w_ld_chr/w_hm3.snplist \
--rg .codex_work/public_inputs_20260903/standardized/ldsc/BD_CLIN_PGC4.sumstats.gz,.codex_work/public_inputs_20260903/standardized/ldsc/SCZ_PGC2022.sumstats.gz \
--ref-ld-chr .codex_work/public_inputs_20260903/reference/extracted/eur_w_ld_chr/ \
--w-ld-chr .codex_work/public_inputs_20260903/reference/weights/weights.hm3_noMHC. \
--print-cov  

Beginning analysis at Thu Sep  3 22:15:28 2026
Reading summary statistics from .codex_work/public_inputs_20260903/standardized/ldsc/BD_CLIN_PGC4.sumstats.gz ...
Read summary statistics for 1117881 SNPs.
Reading reference panel LD Score from .codex_work/public_inputs_20260903/reference/extracted/eur_w_ld_chr/[1-22] ... (ldscore_fromlist)
Read reference panel LD Scores for 1290028 SNPs.
Removing partitioned LD Scores with zero variance.
Reading regression weight LD Score from .codex_work/public_inputs_20260903/reference/weights/weights.hm3_noMHC.[1-22] ... (ldscore_fromlist)
Read regression weight LD Scores for 1187349 SNPs.
After merging with reference panel LD, 1117881 SNPs remain.
After merging with regression SNP LD, 1106325 SNPs remain.
Computing rg for phenotype 2/2
Reading summary statistics from .codex_work/public_inputs_20260903/standardized/ldsc/SCZ_PGC2022.sumstats.gz ...
Read summary statistics for 1131521 SNPs.
After merging with summary statistics, 1104789 SNPs remain.
1104789 SNPs with valid alleles.

Heritability of phenotype 1
---------------------------
Total Observed scale h2: 0.3542 (0.0172)
Lambda GC: 1.3435
Mean Chi^2: 1.4428
Intercept: 1.0213 (0.0098)
Ratio: 0.048 (0.0222)

Heritability of phenotype 2/2
-----------------------------
Total Observed scale h2: 0.7999 (0.0319)
Lambda GC: 1.777
Mean Chi^2: 2.0603
Intercept: 1.081 (0.0163)
Ratio: 0.0764 (0.0153)

Genetic Covariance
------------------
Total Observed scale gencov: 0.3624 (0.0175)
Mean z1*z2: 0.6445
Intercept: 0.2079 (0.0088)

Genetic Correlation
-------------------
Genetic Correlation: 0.6808 (0.0184)
Z-score: 36.9322
P: 1.4084e-298

Printing covariance matrix of the estimates to .codex_work/public_inputs_20260903/ldsc_audit/logs/BD_CLIN_PGC4__SCZ_PGC2022BD_CLIN_PGC4.sumstats.gz_SCZ_PGC2022.sumstats.gz.hsq1.cov.
Printing covariance matrix of the estimates to .codex_work/public_inputs_20260903/ldsc_audit/logs/BD_CLIN_PGC4__SCZ_PGC2022BD_CLIN_PGC4.sumstats.gz_SCZ_PGC2022.sumstats.gz.hsq2.cov.
Printing covariance matrix of the estimates to .codex_work/public_inputs_20260903/ldsc_audit/logs/BD_CLIN_PGC4__SCZ_PGC2022BD_CLIN_PGC4.sumstats.gz_SCZ_PGC2022.sumstats.gz.gencov.cov.

Summary of Genetic Correlation Results
                                                                           p1                                                                           p2     rg     se       z           p  h2_obs  h2_obs_se  h2_int  h2_int_se  gcov_int  gcov_int_se
.codex_work/public_inputs_20260903/standardized/ldsc/BD_CLIN_PGC4.sumstats.gz .codex_work/public_inputs_20260903/standardized/ldsc/SCZ_PGC2022.sumstats.gz 0.6808 0.0184 36.9322 1.4084e-298  0.7999     0.0319   1.081     0.0163    0.2079       0.0088

Analysis finished at Thu Sep  3 22:15:44 2026
Total time elapsed: 15.74s
