*********************************************************************
* LD Score Regression (LDSC)
* Version 1.0.1
* (C) 2014-2019 Brendan Bulik-Sullivan and Hilary Finucane
* Broad Institute of MIT and Harvard / MIT Department of Mathematics
* GNU General Public License v3
*********************************************************************
Call: 
./ldsc.py \
--out .codex_work/public_inputs_20260903/ldsc_audit/logs/BD_CLIN_PGC4__ASD \
--print-snps .codex_work/public_inputs_20260903/reference/extracted/eur_w_ld_chr/w_hm3.snplist \
--rg .codex_work/public_inputs_20260903/standardized/ldsc/BD_CLIN_PGC4.sumstats.gz,.codex_work/public_inputs_20260903/standardized/ldsc/ASD.sumstats.gz \
--ref-ld-chr .codex_work/public_inputs_20260903/reference/extracted/eur_w_ld_chr/ \
--w-ld-chr .codex_work/public_inputs_20260903/reference/weights/weights.hm3_noMHC. \
--print-cov  

Beginning analysis at Thu Sep  3 22:14:49 2026
Reading summary statistics from .codex_work/public_inputs_20260903/standardized/ldsc/BD_CLIN_PGC4.sumstats.gz ...
Read summary statistics for 1117881 SNPs.
Reading reference panel LD Score from .codex_work/public_inputs_20260903/reference/extracted/eur_w_ld_chr/[1-22] ... (ldscore_fromlist)
Read reference panel LD Scores for 1290028 SNPs.
Removing partitioned LD Scores with zero variance.
Reading regression weight LD Score from .codex_work/public_inputs_20260903/reference/weights/weights.hm3_noMHC.[1-22] ... (ldscore_fromlist)
Read regression weight LD Scores for 1187349 SNPs.
After merging with reference panel LD, 1117881 SNPs remain.
After merging with regression SNP LD, 1106325 SNPs remain.
Computing rg for phenotype 2/2
Reading summary statistics from .codex_work/public_inputs_20260903/standardized/ldsc/ASD.sumstats.gz ...
Read summary statistics for 1050308 SNPs.
After merging with summary statistics, 1030545 SNPs remain.
1030544 SNPs with valid alleles.

Heritability of phenotype 1
---------------------------
Total Observed scale h2: 0.3414 (0.0176)
Lambda GC: 1.3619
Mean Chi^2: 1.4649
Intercept: 1.0381 (0.0119)
Ratio: 0.0819 (0.0255)

Heritability of phenotype 2/2
-----------------------------
Total Observed scale h2: 0.2075 (0.0181)
Lambda GC: 1.1723
Mean Chi^2: 1.2007
Intercept: 1.004 (0.0103)
Ratio: 0.0201 (0.0513)

Genetic Covariance
------------------
Total Observed scale gencov: 0.042 (0.0128)
Mean z1*z2: 0.0587
Intercept: 0.0139 (0.0079)

Genetic Correlation
-------------------
Genetic Correlation: 0.1579 (0.05)
Z-score: 3.1604
P: 0.0016

Printing covariance matrix of the estimates to .codex_work/public_inputs_20260903/ldsc_audit/logs/BD_CLIN_PGC4__ASDBD_CLIN_PGC4.sumstats.gz_ASD.sumstats.gz.hsq1.cov.
Printing covariance matrix of the estimates to .codex_work/public_inputs_20260903/ldsc_audit/logs/BD_CLIN_PGC4__ASDBD_CLIN_PGC4.sumstats.gz_ASD.sumstats.gz.hsq2.cov.
Printing covariance matrix of the estimates to .codex_work/public_inputs_20260903/ldsc_audit/logs/BD_CLIN_PGC4__ASDBD_CLIN_PGC4.sumstats.gz_ASD.sumstats.gz.gencov.cov.

Summary of Genetic Correlation Results
                                                                           p1                                                                   p2     rg   se      z      p  h2_obs  h2_obs_se  h2_int  h2_int_se  gcov_int  gcov_int_se
.codex_work/public_inputs_20260903/standardized/ldsc/BD_CLIN_PGC4.sumstats.gz .codex_work/public_inputs_20260903/standardized/ldsc/ASD.sumstats.gz 0.1579 0.05 3.1604 0.0016  0.2075     0.0181   1.004     0.0103    0.0139       0.0079

Analysis finished at Thu Sep  3 22:15:07 2026
Total time elapsed: 18.34s
