*********************************************************************
* LD Score Regression (LDSC)
* Version 1.0.1
* (C) 2014-2019 Brendan Bulik-Sullivan and Hilary Finucane
* Broad Institute of MIT and Harvard / MIT Department of Mathematics
* GNU General Public License v3
*********************************************************************
Call: 
./ldsc.py \
--out /public/home/zhengxiaoyang/phenotype_ascertainment_pilot/results/p25/target_aux_rg/BD_CLIN_PGC4__AUD \
--print-snps /public/home/zhengxiaoyang/PTSD_JPEP/resources/ldsc_ref/w_hm3.snplist \
--rg /public/home/zhengxiaoyang/phenotype_ascertainment_pilot/results/p1/ldsc_input/BD_CLIN_PGC4.sumstats.gz,/public/home/zhengxiaoyang/BPD_transdiagnostic_genetics/analysis/ldsc/munged/AUD.sumstats.gz \
--ref-ld-chr /public/home/zhengxiaoyang/PTSD_JPEP/resources/ldsc_ref/eur_w_ld_chr/ \
--w-ld-chr /public/home/zhengxiaoyang/PTSD_JPEP/resources/ldsc_ref/weights_hm3_noMHC/weights.hm3_noMHC. \
--print-cov  

Beginning analysis at Mon Aug 31 00:19:13 2026
Reading summary statistics from /public/home/zhengxiaoyang/phenotype_ascertainment_pilot/results/p1/ldsc_input/BD_CLIN_PGC4.sumstats.gz ...
Read summary statistics for 1109041 SNPs.
Reading reference panel LD Score from /public/home/zhengxiaoyang/PTSD_JPEP/resources/ldsc_ref/eur_w_ld_chr/[1-22] ... (ldscore_fromlist)
Read reference panel LD Scores for 1290028 SNPs.
Removing partitioned LD Scores with zero variance.
Reading regression weight LD Score from /public/home/zhengxiaoyang/PTSD_JPEP/resources/ldsc_ref/weights_hm3_noMHC/weights.hm3_noMHC.[1-22] ... (ldscore_fromlist)
Read regression weight LD Scores for 1187349 SNPs.
After merging with reference panel LD, 1106273 SNPs remain.
After merging with regression SNP LD, 1106273 SNPs remain.
Computing rg for phenotype 2/2
Reading summary statistics from /public/home/zhengxiaoyang/BPD_transdiagnostic_genetics/analysis/ldsc/munged/AUD.sumstats.gz ...
Read summary statistics for 1176971 SNPs.
After merging with summary statistics, 1102614 SNPs remain.
1102614 SNPs with valid alleles.

Heritability of phenotype 1
---------------------------
Total Observed scale h2: 0.3538 (0.0171)
Lambda GC: 1.3436
Mean Chi^2: 1.4432
Intercept: 1.0219 (0.0099)
Ratio: 0.0494 (0.0222)

Heritability of phenotype 2/2
-----------------------------
Total Observed scale h2: 0.0877 (0.0038)
Lambda GC: 1.3443
Mean Chi^2: 1.4603
Intercept: 1.0419 (0.0073)
Ratio: 0.091 (0.0159)

Genetic Covariance
------------------
Total Observed scale gencov: 0.0516 (0.005)
Mean z1*z2: 0.1351
Intercept: 0.0221 (0.0055)

Genetic Correlation
-------------------
Genetic Correlation: 0.2927 (0.025)
Z-score: 11.7324
P: 8.6932e-32

Printing covariance matrix of the estimates to /public/home/zhengxiaoyang/phenotype_ascertainment_pilot/results/p25/target_aux_rg/BD_CLIN_PGC4__AUDBD_CLIN_PGC4.sumstats.gz_AUD.sumstats.gz.hsq1.cov.
Printing covariance matrix of the estimates to /public/home/zhengxiaoyang/phenotype_ascertainment_pilot/results/p25/target_aux_rg/BD_CLIN_PGC4__AUDBD_CLIN_PGC4.sumstats.gz_AUD.sumstats.gz.hsq2.cov.
Printing covariance matrix of the estimates to /public/home/zhengxiaoyang/phenotype_ascertainment_pilot/results/p25/target_aux_rg/BD_CLIN_PGC4__AUDBD_CLIN_PGC4.sumstats.gz_AUD.sumstats.gz.gencov.cov.

Summary of Genetic Correlation Results
                                                                                                     p1                                                                                           p2     rg    se       z          p  h2_obs  h2_obs_se  h2_int  h2_int_se  gcov_int  gcov_int_se
/public/home/zhengxiaoyang/phenotype_ascertainment_pilot/results/p1/ldsc_input/BD_CLIN_PGC4.sumstats.gz /public/home/zhengxiaoyang/BPD_transdiagnostic_genetics/analysis/ldsc/munged/AUD.sumstats.gz 0.2927 0.025 11.7324 8.6932e-32  0.0877     0.0038  1.0419     0.0073    0.0221       0.0055

Analysis finished at Mon Aug 31 00:19:24 2026
Total time elapsed: 10.76s
