*********************************************************************
* LD Score Regression (LDSC)
* Version 1.0.1
* (C) 2014-2019 Brendan Bulik-Sullivan and Hilary Finucane
* Broad Institute of MIT and Harvard / MIT Department of Mathematics
* GNU General Public License v3
*********************************************************************
Call: 
./ldsc.py \
--out .codex_work/public_inputs_20260903/ldsc_audit/logs/BD_CLIN_PGC4__MDD_CLIN_PGC2025 \
--print-snps .codex_work/public_inputs_20260903/reference/extracted/eur_w_ld_chr/w_hm3.snplist \
--rg .codex_work/public_inputs_20260903/standardized/ldsc/BD_CLIN_PGC4.sumstats.gz,.codex_work/public_inputs_20260903/standardized/ldsc/MDD_CLIN_PGC2025.sumstats.gz \
--ref-ld-chr .codex_work/public_inputs_20260903/reference/extracted/eur_w_ld_chr/ \
--w-ld-chr .codex_work/public_inputs_20260903/reference/weights/weights.hm3_noMHC. \
--print-cov  

Beginning analysis at Thu Sep  3 22:15:10 2026
Reading summary statistics from .codex_work/public_inputs_20260903/standardized/ldsc/BD_CLIN_PGC4.sumstats.gz ...
Read summary statistics for 1117881 SNPs.
Reading reference panel LD Score from .codex_work/public_inputs_20260903/reference/extracted/eur_w_ld_chr/[1-22] ... (ldscore_fromlist)
Read reference panel LD Scores for 1290028 SNPs.
Removing partitioned LD Scores with zero variance.
Reading regression weight LD Score from .codex_work/public_inputs_20260903/reference/weights/weights.hm3_noMHC.[1-22] ... (ldscore_fromlist)
Read regression weight LD Scores for 1187349 SNPs.
After merging with reference panel LD, 1117881 SNPs remain.
After merging with regression SNP LD, 1106325 SNPs remain.
Computing rg for phenotype 2/2
Reading summary statistics from .codex_work/public_inputs_20260903/standardized/ldsc/MDD_CLIN_PGC2025.sumstats.gz ...
Read summary statistics for 1114009 SNPs.
After merging with summary statistics, 1096911 SNPs remain.
1096911 SNPs with valid alleles.

Heritability of phenotype 1
---------------------------
Total Observed scale h2: 0.3504 (0.0169)
Lambda GC: 1.3466
Mean Chi^2: 1.4455
Intercept: 1.0257 (0.0102)
Ratio: 0.0576 (0.023)

Heritability of phenotype 2/2
-----------------------------
Total Observed scale h2: 0.0954 (0.0101)
Lambda GC: 1.1332
Mean Chi^2: 1.1361
Intercept: 1.0125 (0.0075)
Ratio: 0.092 (0.0554)

Genetic Covariance
------------------
Total Observed scale gencov: 0.0777 (0.01)
Mean z1*z2: 0.23
Intercept: 0.1364 (0.0071)

Genetic Correlation
-------------------
Genetic Correlation: 0.4248 (0.052)
Z-score: 8.165
P: 3.2138e-16

Printing covariance matrix of the estimates to .codex_work/public_inputs_20260903/ldsc_audit/logs/BD_CLIN_PGC4__MDD_CLIN_PGC2025BD_CLIN_PGC4.sumstats.gz_MDD_CLIN_PGC2025.sumstats.gz.hsq1.cov.
Printing covariance matrix of the estimates to .codex_work/public_inputs_20260903/ldsc_audit/logs/BD_CLIN_PGC4__MDD_CLIN_PGC2025BD_CLIN_PGC4.sumstats.gz_MDD_CLIN_PGC2025.sumstats.gz.hsq2.cov.
Printing covariance matrix of the estimates to .codex_work/public_inputs_20260903/ldsc_audit/logs/BD_CLIN_PGC4__MDD_CLIN_PGC2025BD_CLIN_PGC4.sumstats.gz_MDD_CLIN_PGC2025.sumstats.gz.gencov.cov.

Summary of Genetic Correlation Results
                                                                           p1                                                                                p2     rg    se     z          p  h2_obs  h2_obs_se  h2_int  h2_int_se  gcov_int  gcov_int_se
.codex_work/public_inputs_20260903/standardized/ldsc/BD_CLIN_PGC4.sumstats.gz .codex_work/public_inputs_20260903/standardized/ldsc/MDD_CLIN_PGC2025.sumstats.gz 0.4248 0.052 8.165 3.2138e-16  0.0954     0.0101  1.0125     0.0075    0.1364       0.0071

Analysis finished at Thu Sep  3 22:15:26 2026
Total time elapsed: 15.89s
