*********************************************************************
* LD Score Regression (LDSC)
* Version 1.0.1
* (C) 2014-2019 Brendan Bulik-Sullivan and Hilary Finucane
* Broad Institute of MIT and Harvard / MIT Department of Mathematics
* GNU General Public License v3
*********************************************************************
Call: 
./ldsc.py \
--out .codex_work/public_inputs_20260903/ldsc_audit/logs/BD_CLIN_PGC4__PTSD \
--print-snps .codex_work/public_inputs_20260903/reference/extracted/eur_w_ld_chr/w_hm3.snplist \
--rg .codex_work/public_inputs_20260903/standardized/ldsc/BD_CLIN_PGC4.sumstats.gz,.codex_work/public_inputs_20260903/standardized/ldsc/PTSD.sumstats.gz \
--ref-ld-chr .codex_work/public_inputs_20260903/reference/extracted/eur_w_ld_chr/ \
--w-ld-chr .codex_work/public_inputs_20260903/reference/weights/weights.hm3_noMHC. \
--print-cov  

Beginning analysis at Thu Sep  3 22:15:10 2026
Reading summary statistics from .codex_work/public_inputs_20260903/standardized/ldsc/BD_CLIN_PGC4.sumstats.gz ...
Read summary statistics for 1117881 SNPs.
Reading reference panel LD Score from .codex_work/public_inputs_20260903/reference/extracted/eur_w_ld_chr/[1-22] ... (ldscore_fromlist)
Read reference panel LD Scores for 1290028 SNPs.
Removing partitioned LD Scores with zero variance.
Reading regression weight LD Score from .codex_work/public_inputs_20260903/reference/weights/weights.hm3_noMHC.[1-22] ... (ldscore_fromlist)
Read regression weight LD Scores for 1187349 SNPs.
After merging with reference panel LD, 1117881 SNPs remain.
After merging with regression SNP LD, 1106325 SNPs remain.
Computing rg for phenotype 2/2
Reading summary statistics from .codex_work/public_inputs_20260903/standardized/ldsc/PTSD.sumstats.gz ...
Read summary statistics for 1075748 SNPs.
After merging with summary statistics, 1029562 SNPs remain.
1029562 SNPs with valid alleles.

Heritability of phenotype 1
---------------------------
Total Observed scale h2: 0.3575 (0.017)
Lambda GC: 1.3504
Mean Chi^2: 1.4516
Intercept: 1.0214 (0.0102)
Ratio: 0.0474 (0.0227)

Heritability of phenotype 2/2
-----------------------------
Total Observed scale h2: 0.0549 (0.0024)
Lambda GC: 1.4406
Mean Chi^2: 1.5364
Intercept: 1.0324 (0.0105)
Ratio: 0.0604 (0.0196)

Genetic Covariance
------------------
Total Observed scale gencov: 0.0521 (0.0043)
Mean z1*z2: 0.186
Intercept: 0.0134 (0.0074)

Genetic Correlation
-------------------
Genetic Correlation: 0.372 (0.0279)
Z-score: 13.3237
P: 1.6861e-40

Printing covariance matrix of the estimates to .codex_work/public_inputs_20260903/ldsc_audit/logs/BD_CLIN_PGC4__PTSDBD_CLIN_PGC4.sumstats.gz_PTSD.sumstats.gz.hsq1.cov.
Printing covariance matrix of the estimates to .codex_work/public_inputs_20260903/ldsc_audit/logs/BD_CLIN_PGC4__PTSDBD_CLIN_PGC4.sumstats.gz_PTSD.sumstats.gz.hsq2.cov.
Printing covariance matrix of the estimates to .codex_work/public_inputs_20260903/ldsc_audit/logs/BD_CLIN_PGC4__PTSDBD_CLIN_PGC4.sumstats.gz_PTSD.sumstats.gz.gencov.cov.

Summary of Genetic Correlation Results
                                                                           p1                                                                    p2    rg     se       z          p  h2_obs  h2_obs_se  h2_int  h2_int_se  gcov_int  gcov_int_se
.codex_work/public_inputs_20260903/standardized/ldsc/BD_CLIN_PGC4.sumstats.gz .codex_work/public_inputs_20260903/standardized/ldsc/PTSD.sumstats.gz 0.372 0.0279 13.3237 1.6861e-40  0.0549     0.0024  1.0324     0.0105    0.0134       0.0074

Analysis finished at Thu Sep  3 22:15:26 2026
Total time elapsed: 15.77s
