*********************************************************************
* LD Score Regression (LDSC)
* Version 1.0.1
* (C) 2014-2019 Brendan Bulik-Sullivan and Hilary Finucane
* Broad Institute of MIT and Harvard / MIT Department of Mathematics
* GNU General Public License v3
*********************************************************************
Call: 
./ldsc.py \
--out .codex_work/public_inputs_20260903/ldsc_audit/logs/BD_CLIN_PGC4__BD_FINNGEN_R13 \
--print-snps .codex_work/public_inputs_20260903/reference/extracted/eur_w_ld_chr/w_hm3.snplist \
--rg .codex_work/public_inputs_20260903/standardized/ldsc/BD_CLIN_PGC4.sumstats.gz,.codex_work/public_inputs_20260903/standardized/ldsc/BD_FINNGEN_R13.sumstats.gz \
--ref-ld-chr .codex_work/public_inputs_20260903/reference/extracted/eur_w_ld_chr/ \
--w-ld-chr .codex_work/public_inputs_20260903/reference/weights/weights.hm3_noMHC. \
--print-cov  

Beginning analysis at Thu Sep  3 22:19:29 2026
Reading summary statistics from .codex_work/public_inputs_20260903/standardized/ldsc/BD_CLIN_PGC4.sumstats.gz ...
Read summary statistics for 1117881 SNPs.
Reading reference panel LD Score from .codex_work/public_inputs_20260903/reference/extracted/eur_w_ld_chr/[1-22] ... (ldscore_fromlist)
Read reference panel LD Scores for 1290028 SNPs.
Removing partitioned LD Scores with zero variance.
Reading regression weight LD Score from .codex_work/public_inputs_20260903/reference/weights/weights.hm3_noMHC.[1-22] ... (ldscore_fromlist)
Read regression weight LD Scores for 1187349 SNPs.
After merging with reference panel LD, 1117881 SNPs remain.
After merging with regression SNP LD, 1106325 SNPs remain.
Computing rg for phenotype 2/2
Reading summary statistics from .codex_work/public_inputs_20260903/standardized/ldsc/BD_FINNGEN_R13.sumstats.gz ...
Read summary statistics for 1159122 SNPs.
After merging with summary statistics, 1088357 SNPs remain.
1088342 SNPs with valid alleles.

Heritability of phenotype 1
---------------------------
Total Observed scale h2: 0.3512 (0.0174)
Lambda GC: 1.3477
Mean Chi^2: 1.4468
Intercept: 1.0255 (0.0098)
Ratio: 0.0571 (0.022)

Heritability of phenotype 2/2
-----------------------------
Total Observed scale h2: 0.1477 (0.0167)
Lambda GC: 1.16
Mean Chi^2: 1.1688
Intercept: 1.0593 (0.0097)
Ratio: 0.3515 (0.0573)

Genetic Covariance
------------------
Total Observed scale gencov: 0.1921 (0.0121)
Mean z1*z2: 0.1803
Intercept: 0.0007 (0.0058)

Genetic Correlation
-------------------
Genetic Correlation: 0.8436 (0.0564)
Z-score: 14.955
P: 1.4439e-50

Printing covariance matrix of the estimates to .codex_work/public_inputs_20260903/ldsc_audit/logs/BD_CLIN_PGC4__BD_FINNGEN_R13BD_CLIN_PGC4.sumstats.gz_BD_FINNGEN_R13.sumstats.gz.hsq1.cov.
Printing covariance matrix of the estimates to .codex_work/public_inputs_20260903/ldsc_audit/logs/BD_CLIN_PGC4__BD_FINNGEN_R13BD_CLIN_PGC4.sumstats.gz_BD_FINNGEN_R13.sumstats.gz.hsq2.cov.
Printing covariance matrix of the estimates to .codex_work/public_inputs_20260903/ldsc_audit/logs/BD_CLIN_PGC4__BD_FINNGEN_R13BD_CLIN_PGC4.sumstats.gz_BD_FINNGEN_R13.sumstats.gz.gencov.cov.

Summary of Genetic Correlation Results
                                                                           p1                                                                              p2     rg     se      z          p  h2_obs  h2_obs_se  h2_int  h2_int_se  gcov_int  gcov_int_se
.codex_work/public_inputs_20260903/standardized/ldsc/BD_CLIN_PGC4.sumstats.gz .codex_work/public_inputs_20260903/standardized/ldsc/BD_FINNGEN_R13.sumstats.gz 0.8436 0.0564 14.955 1.4439e-50  0.1477     0.0167  1.0593     0.0097    0.0007       0.0058

Analysis finished at Thu Sep  3 22:19:38 2026
Total time elapsed: 9.2s
