*********************************************************************
* LD Score Regression (LDSC)
* Version 1.0.1
* (C) 2014-2019 Brendan Bulik-Sullivan and Hilary Finucane
* Broad Institute of MIT and Harvard / MIT Department of Mathematics
* GNU General Public License v3
*********************************************************************
Call: 
./ldsc.py \
--out .codex_work/public_inputs_20260903/ldsc_audit/logs/BD_CLIN_PGC4__OCD_2025 \
--print-snps .codex_work/public_inputs_20260903/reference/extracted/eur_w_ld_chr/w_hm3.snplist \
--rg .codex_work/public_inputs_20260903/standardized/ldsc/BD_CLIN_PGC4.sumstats.gz,.codex_work/public_inputs_20260903/standardized/ldsc/OCD_2025.sumstats.gz \
--ref-ld-chr .codex_work/public_inputs_20260903/reference/extracted/eur_w_ld_chr/ \
--w-ld-chr .codex_work/public_inputs_20260903/reference/weights/weights.hm3_noMHC. \
--print-cov  

Beginning analysis at Thu Sep  3 22:15:10 2026
Reading summary statistics from .codex_work/public_inputs_20260903/standardized/ldsc/BD_CLIN_PGC4.sumstats.gz ...
Read summary statistics for 1117881 SNPs.
Reading reference panel LD Score from .codex_work/public_inputs_20260903/reference/extracted/eur_w_ld_chr/[1-22] ... (ldscore_fromlist)
Read reference panel LD Scores for 1290028 SNPs.
Removing partitioned LD Scores with zero variance.
Reading regression weight LD Score from .codex_work/public_inputs_20260903/reference/weights/weights.hm3_noMHC.[1-22] ... (ldscore_fromlist)
Read regression weight LD Scores for 1187349 SNPs.
After merging with reference panel LD, 1117881 SNPs remain.
After merging with regression SNP LD, 1106325 SNPs remain.
Computing rg for phenotype 2/2
Reading summary statistics from .codex_work/public_inputs_20260903/standardized/ldsc/OCD_2025.sumstats.gz ...
Read summary statistics for 1141452 SNPs.
After merging with summary statistics, 1093701 SNPs remain.
1093699 SNPs with valid alleles.

Heritability of phenotype 1
---------------------------
Total Observed scale h2: 0.3513 (0.0175)
Lambda GC: 1.346
Mean Chi^2: 1.445
Intercept: 1.0238 (0.0103)
Ratio: 0.0534 (0.0231)

Heritability of phenotype 2/2
-----------------------------
Total Observed scale h2: 0.3155 (0.0206)
Lambda GC: 1.221
Mean Chi^2: 1.2339
Intercept: 1.0226 (0.0079)
Ratio: 0.0965 (0.0339)

Genetic Covariance
------------------
Total Observed scale gencov: 0.1183 (0.0125)
Mean z1*z2: 0.1354
Intercept: 0.033 (0.0064)

Genetic Correlation
-------------------
Genetic Correlation: 0.3552 (0.0357)
Z-score: 9.9641
P: 2.1894e-23

Printing covariance matrix of the estimates to .codex_work/public_inputs_20260903/ldsc_audit/logs/BD_CLIN_PGC4__OCD_2025BD_CLIN_PGC4.sumstats.gz_OCD_2025.sumstats.gz.hsq1.cov.
Printing covariance matrix of the estimates to .codex_work/public_inputs_20260903/ldsc_audit/logs/BD_CLIN_PGC4__OCD_2025BD_CLIN_PGC4.sumstats.gz_OCD_2025.sumstats.gz.hsq2.cov.
Printing covariance matrix of the estimates to .codex_work/public_inputs_20260903/ldsc_audit/logs/BD_CLIN_PGC4__OCD_2025BD_CLIN_PGC4.sumstats.gz_OCD_2025.sumstats.gz.gencov.cov.

Summary of Genetic Correlation Results
                                                                           p1                                                                        p2     rg     se      z          p  h2_obs  h2_obs_se  h2_int  h2_int_se  gcov_int  gcov_int_se
.codex_work/public_inputs_20260903/standardized/ldsc/BD_CLIN_PGC4.sumstats.gz .codex_work/public_inputs_20260903/standardized/ldsc/OCD_2025.sumstats.gz 0.3552 0.0357 9.9641 2.1894e-23  0.3155     0.0206  1.0226     0.0079     0.033       0.0064

Analysis finished at Thu Sep  3 22:15:27 2026
Total time elapsed: 16.42s
