*********************************************************************
* LD Score Regression (LDSC)
* Version 1.0.1
* (C) 2014-2019 Brendan Bulik-Sullivan and Hilary Finucane
* Broad Institute of MIT and Harvard / MIT Department of Mathematics
* GNU General Public License v3
*********************************************************************
Call: 
./ldsc.py \
--out .codex_work/public_inputs_20260903/ldsc_audit/logs/BD_CLIN_PGC4__CUD_2023_EUR \
--print-snps .codex_work/public_inputs_20260903/reference/extracted/eur_w_ld_chr/w_hm3.snplist \
--rg .codex_work/public_inputs_20260903/standardized/ldsc/BD_CLIN_PGC4.sumstats.gz,.codex_work/public_inputs_20260903/standardized/ldsc/CUD_2023_EUR.sumstats.gz \
--ref-ld-chr .codex_work/public_inputs_20260903/reference/extracted/eur_w_ld_chr/ \
--w-ld-chr .codex_work/public_inputs_20260903/reference/weights/weights.hm3_noMHC. \
--print-cov  

Beginning analysis at Thu Sep  3 22:15:10 2026
Reading summary statistics from .codex_work/public_inputs_20260903/standardized/ldsc/BD_CLIN_PGC4.sumstats.gz ...
Read summary statistics for 1117881 SNPs.
Reading reference panel LD Score from .codex_work/public_inputs_20260903/reference/extracted/eur_w_ld_chr/[1-22] ... (ldscore_fromlist)
Read reference panel LD Scores for 1290028 SNPs.
Removing partitioned LD Scores with zero variance.
Reading regression weight LD Score from .codex_work/public_inputs_20260903/reference/weights/weights.hm3_noMHC.[1-22] ... (ldscore_fromlist)
Read regression weight LD Scores for 1187349 SNPs.
After merging with reference panel LD, 1117881 SNPs remain.
After merging with regression SNP LD, 1106325 SNPs remain.
Computing rg for phenotype 2/2
Reading summary statistics from .codex_work/public_inputs_20260903/standardized/ldsc/CUD_2023_EUR.sumstats.gz ...
Read summary statistics for 1185253 SNPs.
After merging with summary statistics, 1106306 SNPs remain.
1106304 SNPs with valid alleles.

Heritability of phenotype 1
---------------------------
Total Observed scale h2: 0.3545 (0.0173)
Lambda GC: 1.3431
Mean Chi^2: 1.4424
Intercept: 1.021 (0.0098)
Ratio: 0.0475 (0.0221)

Heritability of phenotype 2/2
-----------------------------
Total Observed scale h2: 0.0871 (0.0051)
Lambda GC: 1.2381
Mean Chi^2: 1.2886
Intercept: 0.9952 (0.0093)
Ratio < 0 (usually indicates GC correction).

Genetic Covariance
------------------
Total Observed scale gencov: 0.0473 (0.0058)
Mean z1*z2: 0.1029
Intercept: 0.0062 (0.0061)

Genetic Correlation
-------------------
Genetic Correlation: 0.2694 (0.031)
Z-score: 8.7041
P: 3.2022e-18

Printing covariance matrix of the estimates to .codex_work/public_inputs_20260903/ldsc_audit/logs/BD_CLIN_PGC4__CUD_2023_EURBD_CLIN_PGC4.sumstats.gz_CUD_2023_EUR.sumstats.gz.hsq1.cov.
Printing covariance matrix of the estimates to .codex_work/public_inputs_20260903/ldsc_audit/logs/BD_CLIN_PGC4__CUD_2023_EURBD_CLIN_PGC4.sumstats.gz_CUD_2023_EUR.sumstats.gz.hsq2.cov.
Printing covariance matrix of the estimates to .codex_work/public_inputs_20260903/ldsc_audit/logs/BD_CLIN_PGC4__CUD_2023_EURBD_CLIN_PGC4.sumstats.gz_CUD_2023_EUR.sumstats.gz.gencov.cov.

Summary of Genetic Correlation Results
                                                                           p1                                                                            p2     rg    se      z          p  h2_obs  h2_obs_se  h2_int  h2_int_se  gcov_int  gcov_int_se
.codex_work/public_inputs_20260903/standardized/ldsc/BD_CLIN_PGC4.sumstats.gz .codex_work/public_inputs_20260903/standardized/ldsc/CUD_2023_EUR.sumstats.gz 0.2694 0.031 8.7041 3.2022e-18  0.0871     0.0051  0.9952     0.0093    0.0062       0.0061

Analysis finished at Thu Sep  3 22:15:26 2026
Total time elapsed: 16.38s
