*********************************************************************
* LD Score Regression (LDSC)
* Version 1.0.1
* (C) 2014-2019 Brendan Bulik-Sullivan and Hilary Finucane
* Broad Institute of MIT and Harvard / MIT Department of Mathematics
* GNU General Public License v3
*********************************************************************
Call: 
./ldsc.py \
--out .codex_work/public_inputs_20260903/ldsc_audit/logs/BD_FINNGEN_R13__MDD_CLIN_PGC2025 \
--print-snps .codex_work/public_inputs_20260903/reference/extracted/eur_w_ld_chr/w_hm3.snplist \
--rg .codex_work/public_inputs_20260903/standardized/ldsc/BD_FINNGEN_R13.sumstats.gz,.codex_work/public_inputs_20260903/standardized/ldsc/MDD_CLIN_PGC2025.sumstats.gz \
--ref-ld-chr .codex_work/public_inputs_20260903/reference/extracted/eur_w_ld_chr/ \
--w-ld-chr .codex_work/public_inputs_20260903/reference/weights/weights.hm3_noMHC. \
--print-cov  

Beginning analysis at Thu Sep  3 22:15:47 2026
Reading summary statistics from .codex_work/public_inputs_20260903/standardized/ldsc/BD_FINNGEN_R13.sumstats.gz ...
Read summary statistics for 1159122 SNPs.
Reading reference panel LD Score from .codex_work/public_inputs_20260903/reference/extracted/eur_w_ld_chr/[1-22] ... (ldscore_fromlist)
Read reference panel LD Scores for 1290028 SNPs.
Removing partitioned LD Scores with zero variance.
Reading regression weight LD Score from .codex_work/public_inputs_20260903/reference/weights/weights.hm3_noMHC.[1-22] ... (ldscore_fromlist)
Read regression weight LD Scores for 1187349 SNPs.
After merging with reference panel LD, 1159122 SNPs remain.
After merging with regression SNP LD, 1147172 SNPs remain.
Computing rg for phenotype 2/2
Reading summary statistics from .codex_work/public_inputs_20260903/standardized/ldsc/MDD_CLIN_PGC2025.sumstats.gz ...
Read summary statistics for 1114009 SNPs.
After merging with summary statistics, 1086418 SNPs remain.
1086405 SNPs with valid alleles.

Heritability of phenotype 1
---------------------------
Total Observed scale h2: 0.1476 (0.0167)
Lambda GC: 1.1602
Mean Chi^2: 1.169
Intercept: 1.0594 (0.0094)
Ratio: 0.3517 (0.0557)

Heritability of phenotype 2/2
-----------------------------
Total Observed scale h2: 0.0946 (0.0098)
Lambda GC: 1.1343
Mean Chi^2: 1.1365
Intercept: 1.0136 (0.0076)
Ratio: 0.0993 (0.0558)

Genetic Covariance
------------------
Total Observed scale gencov: 0.0857 (0.0095)
Mean z1*z2: 0.0865
Intercept: 0.0031 (0.0062)

Genetic Correlation
-------------------
Genetic Correlation: 0.7256 (0.0815)
Z-score: 8.9016
P: 5.5028e-19

Printing covariance matrix of the estimates to .codex_work/public_inputs_20260903/ldsc_audit/logs/BD_FINNGEN_R13__MDD_CLIN_PGC2025BD_FINNGEN_R13.sumstats.gz_MDD_CLIN_PGC2025.sumstats.gz.hsq1.cov.
Printing covariance matrix of the estimates to .codex_work/public_inputs_20260903/ldsc_audit/logs/BD_FINNGEN_R13__MDD_CLIN_PGC2025BD_FINNGEN_R13.sumstats.gz_MDD_CLIN_PGC2025.sumstats.gz.hsq2.cov.
Printing covariance matrix of the estimates to .codex_work/public_inputs_20260903/ldsc_audit/logs/BD_FINNGEN_R13__MDD_CLIN_PGC2025BD_FINNGEN_R13.sumstats.gz_MDD_CLIN_PGC2025.sumstats.gz.gencov.cov.

Summary of Genetic Correlation Results
                                                                             p1                                                                                p2     rg     se      z          p  h2_obs  h2_obs_se  h2_int  h2_int_se  gcov_int  gcov_int_se
.codex_work/public_inputs_20260903/standardized/ldsc/BD_FINNGEN_R13.sumstats.gz .codex_work/public_inputs_20260903/standardized/ldsc/MDD_CLIN_PGC2025.sumstats.gz 0.7256 0.0815 8.9016 5.5028e-19  0.0946     0.0098  1.0136     0.0076    0.0031       0.0062

Analysis finished at Thu Sep  3 22:16:04 2026
Total time elapsed: 16.95s
