*********************************************************************
* LD Score Regression (LDSC)
* Version 1.0.1
* (C) 2014-2019 Brendan Bulik-Sullivan and Hilary Finucane
* Broad Institute of MIT and Harvard / MIT Department of Mathematics
* GNU General Public License v3
*********************************************************************
Call: 
./ldsc.py \
--out .codex_work/public_inputs_20260903/ldsc_audit/logs/BD_FINNGEN_R13__AN \
--print-snps .codex_work/public_inputs_20260903/reference/extracted/eur_w_ld_chr/w_hm3.snplist \
--rg .codex_work/public_inputs_20260903/standardized/ldsc/BD_FINNGEN_R13.sumstats.gz,.codex_work/public_inputs_20260903/standardized/ldsc/AN.sumstats.gz \
--ref-ld-chr .codex_work/public_inputs_20260903/reference/extracted/eur_w_ld_chr/ \
--w-ld-chr .codex_work/public_inputs_20260903/reference/weights/weights.hm3_noMHC. \
--print-cov  

Beginning analysis at Thu Sep  3 22:15:28 2026
Reading summary statistics from .codex_work/public_inputs_20260903/standardized/ldsc/BD_FINNGEN_R13.sumstats.gz ...
Read summary statistics for 1159122 SNPs.
Reading reference panel LD Score from .codex_work/public_inputs_20260903/reference/extracted/eur_w_ld_chr/[1-22] ... (ldscore_fromlist)
Read reference panel LD Scores for 1290028 SNPs.
Removing partitioned LD Scores with zero variance.
Reading regression weight LD Score from .codex_work/public_inputs_20260903/reference/weights/weights.hm3_noMHC.[1-22] ... (ldscore_fromlist)
Read regression weight LD Scores for 1187349 SNPs.
After merging with reference panel LD, 1159122 SNPs remain.
After merging with regression SNP LD, 1147172 SNPs remain.
Computing rg for phenotype 2/2
Reading summary statistics from .codex_work/public_inputs_20260903/standardized/ldsc/AN.sumstats.gz ...
Read summary statistics for 928536 SNPs.
After merging with summary statistics, 910636 SNPs remain.
910623 SNPs with valid alleles.

Heritability of phenotype 1
---------------------------
Total Observed scale h2: 0.1573 (0.0168)
Lambda GC: 1.1644
Mean Chi^2: 1.173
Intercept: 1.0499 (0.0098)
Ratio: 0.2884 (0.0569)

Heritability of phenotype 2/2
-----------------------------
Total Observed scale h2: 0.2501 (0.0175)
Lambda GC: 1.2598
Mean Chi^2: 1.3048
Intercept: 1.0213 (0.0113)
Ratio: 0.0698 (0.0372)

Genetic Covariance
------------------
Total Observed scale gencov: 0.0643 (0.0127)
Mean z1*z2: 0.0544
Intercept: -0.0014 (0.0071)

Genetic Correlation
-------------------
Genetic Correlation: 0.324 (0.0669)
Z-score: 4.8409
P: 1.2924e-06

Printing covariance matrix of the estimates to .codex_work/public_inputs_20260903/ldsc_audit/logs/BD_FINNGEN_R13__ANBD_FINNGEN_R13.sumstats.gz_AN.sumstats.gz.hsq1.cov.
Printing covariance matrix of the estimates to .codex_work/public_inputs_20260903/ldsc_audit/logs/BD_FINNGEN_R13__ANBD_FINNGEN_R13.sumstats.gz_AN.sumstats.gz.hsq2.cov.
Printing covariance matrix of the estimates to .codex_work/public_inputs_20260903/ldsc_audit/logs/BD_FINNGEN_R13__ANBD_FINNGEN_R13.sumstats.gz_AN.sumstats.gz.gencov.cov.

Summary of Genetic Correlation Results
                                                                             p1                                                                  p2    rg     se      z          p  h2_obs  h2_obs_se  h2_int  h2_int_se  gcov_int  gcov_int_se
.codex_work/public_inputs_20260903/standardized/ldsc/BD_FINNGEN_R13.sumstats.gz .codex_work/public_inputs_20260903/standardized/ldsc/AN.sumstats.gz 0.324 0.0669 4.8409 1.2924e-06  0.2501     0.0175  1.0213     0.0113   -0.0014       0.0071

Analysis finished at Thu Sep  3 22:15:43 2026
Total time elapsed: 15.0s
