*********************************************************************
* LD Score Regression (LDSC)
* Version 1.0.1
* (C) 2014-2019 Brendan Bulik-Sullivan and Hilary Finucane
* Broad Institute of MIT and Harvard / MIT Department of Mathematics
* GNU General Public License v3
*********************************************************************
Call: 
./ldsc.py \
--out .codex_work/public_inputs_20260903/ldsc_audit/logs/BD_FINNGEN_R13__SCZ_PGC2022 \
--print-snps .codex_work/public_inputs_20260903/reference/extracted/eur_w_ld_chr/w_hm3.snplist \
--rg .codex_work/public_inputs_20260903/standardized/ldsc/BD_FINNGEN_R13.sumstats.gz,.codex_work/public_inputs_20260903/standardized/ldsc/SCZ_PGC2022.sumstats.gz \
--ref-ld-chr .codex_work/public_inputs_20260903/reference/extracted/eur_w_ld_chr/ \
--w-ld-chr .codex_work/public_inputs_20260903/reference/weights/weights.hm3_noMHC. \
--print-cov  

Beginning analysis at Thu Sep  3 22:16:06 2026
Reading summary statistics from .codex_work/public_inputs_20260903/standardized/ldsc/BD_FINNGEN_R13.sumstats.gz ...
Read summary statistics for 1159122 SNPs.
Reading reference panel LD Score from .codex_work/public_inputs_20260903/reference/extracted/eur_w_ld_chr/[1-22] ... (ldscore_fromlist)
Read reference panel LD Scores for 1290028 SNPs.
Removing partitioned LD Scores with zero variance.
Reading regression weight LD Score from .codex_work/public_inputs_20260903/reference/weights/weights.hm3_noMHC.[1-22] ... (ldscore_fromlist)
Read regression weight LD Scores for 1187349 SNPs.
After merging with reference panel LD, 1159122 SNPs remain.
After merging with regression SNP LD, 1147172 SNPs remain.
Computing rg for phenotype 2/2
Reading summary statistics from .codex_work/public_inputs_20260903/standardized/ldsc/SCZ_PGC2022.sumstats.gz ...
Read summary statistics for 1131521 SNPs.
After merging with summary statistics, 1101103 SNPs remain.
1101088 SNPs with valid alleles.

Heritability of phenotype 1
---------------------------
Total Observed scale h2: 0.1479 (0.0168)
Lambda GC: 1.1593
Mean Chi^2: 1.168
Intercept: 1.0592 (0.009)
Ratio: 0.3524 (0.0539)

Heritability of phenotype 2/2
-----------------------------
Total Observed scale h2: 0.8035 (0.0312)
Lambda GC: 1.7764
Mean Chi^2: 2.0594
Intercept: 1.0786 (0.0161)
Ratio: 0.0742 (0.0152)

Genetic Covariance
------------------
Total Observed scale gencov: 0.1739 (0.0166)
Mean z1*z2: 0.1728
Intercept: 0.0094 (0.0076)

Genetic Correlation
-------------------
Genetic Correlation: 0.5045 (0.0469)
Z-score: 10.7612
P: 5.25e-27

Printing covariance matrix of the estimates to .codex_work/public_inputs_20260903/ldsc_audit/logs/BD_FINNGEN_R13__SCZ_PGC2022BD_FINNGEN_R13.sumstats.gz_SCZ_PGC2022.sumstats.gz.hsq1.cov.
Printing covariance matrix of the estimates to .codex_work/public_inputs_20260903/ldsc_audit/logs/BD_FINNGEN_R13__SCZ_PGC2022BD_FINNGEN_R13.sumstats.gz_SCZ_PGC2022.sumstats.gz.hsq2.cov.
Printing covariance matrix of the estimates to .codex_work/public_inputs_20260903/ldsc_audit/logs/BD_FINNGEN_R13__SCZ_PGC2022BD_FINNGEN_R13.sumstats.gz_SCZ_PGC2022.sumstats.gz.gencov.cov.

Summary of Genetic Correlation Results
                                                                             p1                                                                           p2     rg     se       z          p  h2_obs  h2_obs_se  h2_int  h2_int_se  gcov_int  gcov_int_se
.codex_work/public_inputs_20260903/standardized/ldsc/BD_FINNGEN_R13.sumstats.gz .codex_work/public_inputs_20260903/standardized/ldsc/SCZ_PGC2022.sumstats.gz 0.5045 0.0469 10.7612 5.2500e-27  0.8035     0.0312  1.0786     0.0161    0.0094       0.0076

Analysis finished at Thu Sep  3 22:16:23 2026
Total time elapsed: 16.37s
