*********************************************************************
* LD Score Regression (LDSC)
* Version 1.0.1
* (C) 2014-2019 Brendan Bulik-Sullivan and Hilary Finucane
* Broad Institute of MIT and Harvard / MIT Department of Mathematics
* GNU General Public License v3
*********************************************************************
Call: 
./ldsc.py \
--out .codex_work/public_inputs_20260903/ldsc_audit/logs/BD_FINNGEN_R13__OCD_2025 \
--print-snps .codex_work/public_inputs_20260903/reference/extracted/eur_w_ld_chr/w_hm3.snplist \
--rg .codex_work/public_inputs_20260903/standardized/ldsc/BD_FINNGEN_R13.sumstats.gz,.codex_work/public_inputs_20260903/standardized/ldsc/OCD_2025.sumstats.gz \
--ref-ld-chr .codex_work/public_inputs_20260903/reference/extracted/eur_w_ld_chr/ \
--w-ld-chr .codex_work/public_inputs_20260903/reference/weights/weights.hm3_noMHC. \
--print-cov  

Beginning analysis at Thu Sep  3 22:15:48 2026
Reading summary statistics from .codex_work/public_inputs_20260903/standardized/ldsc/BD_FINNGEN_R13.sumstats.gz ...
Read summary statistics for 1159122 SNPs.
Reading reference panel LD Score from .codex_work/public_inputs_20260903/reference/extracted/eur_w_ld_chr/[1-22] ... (ldscore_fromlist)
Read reference panel LD Scores for 1290028 SNPs.
Removing partitioned LD Scores with zero variance.
Reading regression weight LD Score from .codex_work/public_inputs_20260903/reference/weights/weights.hm3_noMHC.[1-22] ... (ldscore_fromlist)
Read regression weight LD Scores for 1187349 SNPs.
After merging with reference panel LD, 1159122 SNPs remain.
After merging with regression SNP LD, 1147172 SNPs remain.
Computing rg for phenotype 2/2
Reading summary statistics from .codex_work/public_inputs_20260903/standardized/ldsc/OCD_2025.sumstats.gz ...
Read summary statistics for 1141452 SNPs.
After merging with summary statistics, 1111074 SNPs remain.
1111059 SNPs with valid alleles.

Heritability of phenotype 1
---------------------------
Total Observed scale h2: 0.1491 (0.0162)
Lambda GC: 1.1596
Mean Chi^2: 1.1679
Intercept: 1.0592 (0.0088)
Ratio: 0.3527 (0.0522)

Heritability of phenotype 2/2
-----------------------------
Total Observed scale h2: 0.3145 (0.0202)
Lambda GC: 1.2182
Mean Chi^2: 1.2315
Intercept: 1.0242 (0.0069)
Ratio: 0.1046 (0.0299)

Genetic Covariance
------------------
Total Observed scale gencov: 0.0909 (0.0129)
Mean z1*z2: 0.0805
Intercept: 0.0222 (0.0051)

Genetic Correlation
-------------------
Genetic Correlation: 0.4199 (0.0618)
Z-score: 6.7942
P: 1.089e-11

Printing covariance matrix of the estimates to .codex_work/public_inputs_20260903/ldsc_audit/logs/BD_FINNGEN_R13__OCD_2025BD_FINNGEN_R13.sumstats.gz_OCD_2025.sumstats.gz.hsq1.cov.
Printing covariance matrix of the estimates to .codex_work/public_inputs_20260903/ldsc_audit/logs/BD_FINNGEN_R13__OCD_2025BD_FINNGEN_R13.sumstats.gz_OCD_2025.sumstats.gz.hsq2.cov.
Printing covariance matrix of the estimates to .codex_work/public_inputs_20260903/ldsc_audit/logs/BD_FINNGEN_R13__OCD_2025BD_FINNGEN_R13.sumstats.gz_OCD_2025.sumstats.gz.gencov.cov.

Summary of Genetic Correlation Results
                                                                             p1                                                                        p2     rg     se      z          p  h2_obs  h2_obs_se  h2_int  h2_int_se  gcov_int  gcov_int_se
.codex_work/public_inputs_20260903/standardized/ldsc/BD_FINNGEN_R13.sumstats.gz .codex_work/public_inputs_20260903/standardized/ldsc/OCD_2025.sumstats.gz 0.4199 0.0618 6.7942 1.0890e-11  0.3145     0.0202  1.0242     0.0069    0.0222       0.0051

Analysis finished at Thu Sep  3 22:16:05 2026
Total time elapsed: 17.0s
