*********************************************************************
* LD Score Regression (LDSC)
* Version 1.0.1
* (C) 2014-2019 Brendan Bulik-Sullivan and Hilary Finucane
* Broad Institute of MIT and Harvard / MIT Department of Mathematics
* GNU General Public License v3
*********************************************************************
Call: 
./ldsc.py \
--out .codex_work/public_inputs_20260903/ldsc_audit/logs/BD_PGC2021__BD_FINNGEN_R13 \
--print-snps .codex_work/public_inputs_20260903/reference/extracted/eur_w_ld_chr/w_hm3.snplist \
--rg .codex_work/public_inputs_20260903/standardized/ldsc/BD_PGC2021.sumstats.gz,.codex_work/public_inputs_20260903/standardized/ldsc/BD_FINNGEN_R13.sumstats.gz \
--ref-ld-chr .codex_work/public_inputs_20260903/reference/extracted/eur_w_ld_chr/ \
--w-ld-chr .codex_work/public_inputs_20260903/reference/weights/weights.hm3_noMHC. \
--print-cov  

Beginning analysis at Thu Sep  3 22:19:29 2026
Reading summary statistics from .codex_work/public_inputs_20260903/standardized/ldsc/BD_PGC2021.sumstats.gz ...
Read summary statistics for 1121823 SNPs.
Reading reference panel LD Score from .codex_work/public_inputs_20260903/reference/extracted/eur_w_ld_chr/[1-22] ... (ldscore_fromlist)
Read reference panel LD Scores for 1290028 SNPs.
Removing partitioned LD Scores with zero variance.
Reading regression weight LD Score from .codex_work/public_inputs_20260903/reference/weights/weights.hm3_noMHC.[1-22] ... (ldscore_fromlist)
Read regression weight LD Scores for 1187349 SNPs.
After merging with reference panel LD, 1121823 SNPs remain.
After merging with regression SNP LD, 1110246 SNPs remain.
Computing rg for phenotype 2/2
Reading summary statistics from .codex_work/public_inputs_20260903/standardized/ldsc/BD_FINNGEN_R13.sumstats.gz ...
Read summary statistics for 1159122 SNPs.
After merging with summary statistics, 1092340 SNPs remain.
1092327 SNPs with valid alleles.

Heritability of phenotype 1
---------------------------
Total Observed scale h2: 0.2802 (0.0123)
Lambda GC: 1.4726
Mean Chi^2: 1.6164
Intercept: 1.0367 (0.0114)
Ratio: 0.0596 (0.0185)

Heritability of phenotype 2/2
-----------------------------
Total Observed scale h2: 0.1479 (0.0167)
Lambda GC: 1.1601
Mean Chi^2: 1.1688
Intercept: 1.0594 (0.0094)
Ratio: 0.352 (0.0558)

Genetic Covariance
------------------
Total Observed scale gencov: 0.1801 (0.0102)
Mean z1*z2: 0.2249
Intercept: 0.0028 (0.0063)

Genetic Correlation
-------------------
Genetic Correlation: 0.8847 (0.0531)
Z-score: 16.6473
P: 3.1643e-62

Printing covariance matrix of the estimates to .codex_work/public_inputs_20260903/ldsc_audit/logs/BD_PGC2021__BD_FINNGEN_R13BD_PGC2021.sumstats.gz_BD_FINNGEN_R13.sumstats.gz.hsq1.cov.
Printing covariance matrix of the estimates to .codex_work/public_inputs_20260903/ldsc_audit/logs/BD_PGC2021__BD_FINNGEN_R13BD_PGC2021.sumstats.gz_BD_FINNGEN_R13.sumstats.gz.hsq2.cov.
Printing covariance matrix of the estimates to .codex_work/public_inputs_20260903/ldsc_audit/logs/BD_PGC2021__BD_FINNGEN_R13BD_PGC2021.sumstats.gz_BD_FINNGEN_R13.sumstats.gz.gencov.cov.

Summary of Genetic Correlation Results
                                                                         p1                                                                              p2     rg     se       z          p  h2_obs  h2_obs_se  h2_int  h2_int_se  gcov_int  gcov_int_se
.codex_work/public_inputs_20260903/standardized/ldsc/BD_PGC2021.sumstats.gz .codex_work/public_inputs_20260903/standardized/ldsc/BD_FINNGEN_R13.sumstats.gz 0.8847 0.0531 16.6473 3.1643e-62  0.1479     0.0167  1.0594     0.0094    0.0028       0.0063

Analysis finished at Thu Sep  3 22:19:39 2026
Total time elapsed: 9.18s
