*********************************************************************
* LD Score Regression (LDSC)
* Version 1.0.1
* (C) 2014-2019 Brendan Bulik-Sullivan and Hilary Finucane
* Broad Institute of MIT and Harvard / MIT Department of Mathematics
* GNU General Public License v3
*********************************************************************
Call: 
./ldsc.py \
--out .codex_work/public_inputs_20260903/ldsc_audit/logs/EPILEPSY_ILAE2023_EUR__EPILEPSY_FINNGEN_R13 \
--print-snps .codex_work/public_inputs_20260903/reference/extracted/eur_w_ld_chr/w_hm3.snplist \
--rg .codex_work/public_inputs_20260903/standardized/ldsc/EPILEPSY_ILAE2023_EUR.sumstats.gz,.codex_work/public_inputs_20260903/standardized/ldsc/EPILEPSY_FINNGEN_R13.sumstats.gz \
--ref-ld-chr .codex_work/public_inputs_20260903/reference/extracted/eur_w_ld_chr/ \
--w-ld-chr .codex_work/public_inputs_20260903/reference/weights/weights.hm3_noMHC. \
--print-cov  

Beginning analysis at Thu Sep  3 22:19:50 2026
Reading summary statistics from .codex_work/public_inputs_20260903/standardized/ldsc/EPILEPSY_ILAE2023_EUR.sumstats.gz ...
Read summary statistics for 905117 SNPs.
Reading reference panel LD Score from .codex_work/public_inputs_20260903/reference/extracted/eur_w_ld_chr/[1-22] ... (ldscore_fromlist)
Read reference panel LD Scores for 1290028 SNPs.
Removing partitioned LD Scores with zero variance.
Reading regression weight LD Score from .codex_work/public_inputs_20260903/reference/weights/weights.hm3_noMHC.[1-22] ... (ldscore_fromlist)
Read regression weight LD Scores for 1187349 SNPs.
After merging with reference panel LD, 905117 SNPs remain.
After merging with regression SNP LD, 898073 SNPs remain.
Computing rg for phenotype 2/2
Reading summary statistics from .codex_work/public_inputs_20260903/standardized/ldsc/EPILEPSY_FINNGEN_R13.sumstats.gz ...
Read summary statistics for 1159115 SNPs.
After merging with summary statistics, 887219 SNPs remain.
887213 SNPs with valid alleles.

Heritability of phenotype 1
---------------------------
Total Observed scale h2: 0.1123 (0.0135)
Lambda GC: 1.2597
Mean Chi^2: 1.2694
Intercept: 1.1037 (0.0117)
Ratio: 0.3851 (0.0435)

Heritability of phenotype 2/2
-----------------------------
Total Observed scale h2: 0.0731 (0.0118)
Lambda GC: 1.0999
Mean Chi^2: 1.1179
Intercept: 1.017 (0.0111)
Ratio: 0.1439 (0.0938)

Genetic Covariance
------------------
Total Observed scale gencov: 0.0675 (0.008)
Mean z1*z2: 0.0942
Intercept: -0.0032 (0.0074)

Genetic Correlation
-------------------
Genetic Correlation: 0.7454 (0.0898)
Z-score: 8.3042
P: 1.0046e-16

Printing covariance matrix of the estimates to .codex_work/public_inputs_20260903/ldsc_audit/logs/EPILEPSY_ILAE2023_EUR__EPILEPSY_FINNGEN_R13EPILEPSY_ILAE2023_EUR.sumstats.gz_EPILEPSY_FINNGEN_R13.sumstats.gz.hsq1.cov.
Printing covariance matrix of the estimates to .codex_work/public_inputs_20260903/ldsc_audit/logs/EPILEPSY_ILAE2023_EUR__EPILEPSY_FINNGEN_R13EPILEPSY_ILAE2023_EUR.sumstats.gz_EPILEPSY_FINNGEN_R13.sumstats.gz.hsq2.cov.
Printing covariance matrix of the estimates to .codex_work/public_inputs_20260903/ldsc_audit/logs/EPILEPSY_ILAE2023_EUR__EPILEPSY_FINNGEN_R13EPILEPSY_ILAE2023_EUR.sumstats.gz_EPILEPSY_FINNGEN_R13.sumstats.gz.gencov.cov.

Summary of Genetic Correlation Results
                                                                                    p1                                                                                    p2     rg     se      z          p  h2_obs  h2_obs_se  h2_int  h2_int_se  gcov_int  gcov_int_se
.codex_work/public_inputs_20260903/standardized/ldsc/EPILEPSY_ILAE2023_EUR.sumstats.gz .codex_work/public_inputs_20260903/standardized/ldsc/EPILEPSY_FINNGEN_R13.sumstats.gz 0.7454 0.0898 8.3042 1.0046e-16  0.0731     0.0118   1.017     0.0111   -0.0032       0.0074

Analysis finished at Thu Sep  3 22:19:54 2026
Total time elapsed: 4.52s
