*********************************************************************
* LD Score Regression (LDSC)
* Version 1.0.1
* (C) 2014-2019 Brendan Bulik-Sullivan and Hilary Finucane
* Broad Institute of MIT and Harvard / MIT Department of Mathematics
* GNU General Public License v3
*********************************************************************
Call: 
./ldsc.py \
--out .codex_work/public_inputs_20260903/ldsc_audit/logs/MDD_CLIN_PGC2025__CUD_2023_EUR \
--print-snps .codex_work/public_inputs_20260903/reference/extracted/eur_w_ld_chr/w_hm3.snplist \
--rg .codex_work/public_inputs_20260903/standardized/ldsc/MDD_CLIN_PGC2025.sumstats.gz,.codex_work/public_inputs_20260903/standardized/ldsc/CUD_2023_EUR.sumstats.gz \
--ref-ld-chr .codex_work/public_inputs_20260903/reference/extracted/eur_w_ld_chr/ \
--w-ld-chr .codex_work/public_inputs_20260903/reference/weights/weights.hm3_noMHC. \
--print-cov  

Beginning analysis at Thu Sep  3 22:16:25 2026
Reading summary statistics from .codex_work/public_inputs_20260903/standardized/ldsc/MDD_CLIN_PGC2025.sumstats.gz ...
Read summary statistics for 1114009 SNPs.
Reading reference panel LD Score from .codex_work/public_inputs_20260903/reference/extracted/eur_w_ld_chr/[1-22] ... (ldscore_fromlist)
Read reference panel LD Scores for 1290028 SNPs.
Removing partitioned LD Scores with zero variance.
Reading regression weight LD Score from .codex_work/public_inputs_20260903/reference/weights/weights.hm3_noMHC.[1-22] ... (ldscore_fromlist)
Read regression weight LD Scores for 1187349 SNPs.
After merging with reference panel LD, 1114009 SNPs remain.
After merging with regression SNP LD, 1103283 SNPs remain.
Computing rg for phenotype 2/2
Reading summary statistics from .codex_work/public_inputs_20260903/standardized/ldsc/CUD_2023_EUR.sumstats.gz ...
Read summary statistics for 1185253 SNPs.
After merging with summary statistics, 1103268 SNPs remain.
1103268 SNPs with valid alleles.

Heritability of phenotype 1
---------------------------
Total Observed scale h2: 0.0951 (0.0096)
Lambda GC: 1.1327
Mean Chi^2: 1.1357
Intercept: 1.013 (0.0073)
Ratio: 0.0955 (0.0535)

Heritability of phenotype 2/2
-----------------------------
Total Observed scale h2: 0.0868 (0.0051)
Lambda GC: 1.2407
Mean Chi^2: 1.2893
Intercept: 0.996 (0.0094)
Ratio < 0 (usually indicates GC correction).

Genetic Covariance
------------------
Total Observed scale gencov: 0.036 (0.0049)
Mean z1*z2: 0.0875
Intercept: 0.0127 (0.0066)

Genetic Correlation
-------------------
Genetic Correlation: 0.3966 (0.0496)
Z-score: 8.0029
P: 1.2154e-15

Printing covariance matrix of the estimates to .codex_work/public_inputs_20260903/ldsc_audit/logs/MDD_CLIN_PGC2025__CUD_2023_EURMDD_CLIN_PGC2025.sumstats.gz_CUD_2023_EUR.sumstats.gz.hsq1.cov.
Printing covariance matrix of the estimates to .codex_work/public_inputs_20260903/ldsc_audit/logs/MDD_CLIN_PGC2025__CUD_2023_EURMDD_CLIN_PGC2025.sumstats.gz_CUD_2023_EUR.sumstats.gz.hsq2.cov.
Printing covariance matrix of the estimates to .codex_work/public_inputs_20260903/ldsc_audit/logs/MDD_CLIN_PGC2025__CUD_2023_EURMDD_CLIN_PGC2025.sumstats.gz_CUD_2023_EUR.sumstats.gz.gencov.cov.

Summary of Genetic Correlation Results
                                                                               p1                                                                            p2     rg     se      z          p  h2_obs  h2_obs_se  h2_int  h2_int_se  gcov_int  gcov_int_se
.codex_work/public_inputs_20260903/standardized/ldsc/MDD_CLIN_PGC2025.sumstats.gz .codex_work/public_inputs_20260903/standardized/ldsc/CUD_2023_EUR.sumstats.gz 0.3966 0.0496 8.0029 1.2154e-15  0.0868     0.0051   0.996     0.0094    0.0127       0.0066

Analysis finished at Thu Sep  3 22:16:40 2026
Total time elapsed: 15.4s
