*********************************************************************
* LD Score Regression (LDSC)
* Version 1.0.1
* (C) 2014-2019 Brendan Bulik-Sullivan and Hilary Finucane
* Broad Institute of MIT and Harvard / MIT Department of Mathematics
* GNU General Public License v3
*********************************************************************
Call: 
./ldsc.py \
--out .codex_work/public_inputs_20260903/ldsc_audit/logs/MDD_EHR_PGC2025__CUD_2023_EUR \
--print-snps .codex_work/public_inputs_20260903/reference/extracted/eur_w_ld_chr/w_hm3.snplist \
--rg .codex_work/public_inputs_20260903/standardized/ldsc/MDD_EHR_PGC2025.sumstats.gz,.codex_work/public_inputs_20260903/standardized/ldsc/CUD_2023_EUR.sumstats.gz \
--ref-ld-chr .codex_work/public_inputs_20260903/reference/extracted/eur_w_ld_chr/ \
--w-ld-chr .codex_work/public_inputs_20260903/reference/weights/weights.hm3_noMHC. \
--print-cov  

Beginning analysis at Thu Sep  3 22:17:14 2026
Reading summary statistics from .codex_work/public_inputs_20260903/standardized/ldsc/MDD_EHR_PGC2025.sumstats.gz ...
Read summary statistics for 1077617 SNPs.
Reading reference panel LD Score from .codex_work/public_inputs_20260903/reference/extracted/eur_w_ld_chr/[1-22] ... (ldscore_fromlist)
Read reference panel LD Scores for 1290028 SNPs.
Removing partitioned LD Scores with zero variance.
Reading regression weight LD Score from .codex_work/public_inputs_20260903/reference/weights/weights.hm3_noMHC.[1-22] ... (ldscore_fromlist)
Read regression weight LD Scores for 1187349 SNPs.
After merging with reference panel LD, 1077617 SNPs remain.
After merging with regression SNP LD, 1075169 SNPs remain.
Computing rg for phenotype 2/2
Reading summary statistics from .codex_work/public_inputs_20260903/standardized/ldsc/CUD_2023_EUR.sumstats.gz ...
Read summary statistics for 1185253 SNPs.
After merging with summary statistics, 1075166 SNPs remain.
1075166 SNPs with valid alleles.

Heritability of phenotype 1
---------------------------
Total Observed scale h2: 0.0486 (0.0018)
Lambda GC: 1.6351
Mean Chi^2: 1.8335
Intercept: 1.0311 (0.0127)
Ratio: 0.0373 (0.0152)

Heritability of phenotype 2/2
-----------------------------
Total Observed scale h2: 0.088 (0.0052)
Lambda GC: 1.2365
Mean Chi^2: 1.2843
Intercept: 0.9954 (0.009)
Ratio < 0 (usually indicates GC correction).

Genetic Covariance
------------------
Total Observed scale gencov: 0.0337 (0.002)
Mean z1*z2: 0.3338
Intercept: 0.0819 (0.0074)

Genetic Correlation
-------------------
Genetic Correlation: 0.5151 (0.0243)
Z-score: 21.1612
P: 2.1758e-99

Printing covariance matrix of the estimates to .codex_work/public_inputs_20260903/ldsc_audit/logs/MDD_EHR_PGC2025__CUD_2023_EURMDD_EHR_PGC2025.sumstats.gz_CUD_2023_EUR.sumstats.gz.hsq1.cov.
Printing covariance matrix of the estimates to .codex_work/public_inputs_20260903/ldsc_audit/logs/MDD_EHR_PGC2025__CUD_2023_EURMDD_EHR_PGC2025.sumstats.gz_CUD_2023_EUR.sumstats.gz.hsq2.cov.
Printing covariance matrix of the estimates to .codex_work/public_inputs_20260903/ldsc_audit/logs/MDD_EHR_PGC2025__CUD_2023_EURMDD_EHR_PGC2025.sumstats.gz_CUD_2023_EUR.sumstats.gz.gencov.cov.

Summary of Genetic Correlation Results
                                                                              p1                                                                            p2     rg     se       z          p  h2_obs  h2_obs_se  h2_int  h2_int_se  gcov_int  gcov_int_se
.codex_work/public_inputs_20260903/standardized/ldsc/MDD_EHR_PGC2025.sumstats.gz .codex_work/public_inputs_20260903/standardized/ldsc/CUD_2023_EUR.sumstats.gz 0.5151 0.0243 21.1612 2.1758e-99   0.088     0.0052  0.9954      0.009    0.0819       0.0074

Analysis finished at Thu Sep  3 22:17:30 2026
Total time elapsed: 15.26s
