*********************************************************************
* LD Score Regression (LDSC)
* Version 1.0.1
* (C) 2014-2019 Brendan Bulik-Sullivan and Hilary Finucane
* Broad Institute of MIT and Harvard / MIT Department of Mathematics
* GNU General Public License v3
*********************************************************************
Call: 
./ldsc.py \
--out /Users/fandiesmas/Desktop/Molecular_Psychiatry/.codex_work/ldsc_recompute_20260904/ldsc_audit/logs/MDD_EHR_PGC2025__MDD_FINNGEN_R13 \
--print-snps /Users/fandiesmas/Desktop/Molecular_Psychiatry/.codex_work/public_inputs_20260903/reference/extracted/eur_w_ld_chr/w_hm3.snplist \
--rg /Users/fandiesmas/Desktop/Molecular_Psychiatry/.codex_work/public_inputs_20260903/standardized/ldsc/MDD_EHR_PGC2025.sumstats.gz,/Users/fandiesmas/Desktop/Molecular_Psychiatry/.codex_work/ldsc_recompute_20260904/standardized/ldsc/MDD_FINNGEN_R13.sumstats.gz \
--ref-ld-chr /Users/fandiesmas/Desktop/Molecular_Psychiatry/.codex_work/public_inputs_20260903/reference/extracted/eur_w_ld_chr/ \
--w-ld-chr /Users/fandiesmas/Desktop/Molecular_Psychiatry/.codex_work/public_inputs_20260903/reference/weights/weights.hm3_noMHC. \
--print-cov  

Beginning analysis at Fri Sep  4 09:26:53 2026
Reading summary statistics from /Users/fandiesmas/Desktop/Molecular_Psychiatry/.codex_work/public_inputs_20260903/standardized/ldsc/MDD_EHR_PGC2025.sumstats.gz ...
Read summary statistics for 1077617 SNPs.
Reading reference panel LD Score from /Users/fandiesmas/Desktop/Molecular_Psychiatry/.codex_work/public_inputs_20260903/reference/extracted/eur_w_ld_chr/[1-22] ... (ldscore_fromlist)
Read reference panel LD Scores for 1290028 SNPs.
Removing partitioned LD Scores with zero variance.
Reading regression weight LD Score from /Users/fandiesmas/Desktop/Molecular_Psychiatry/.codex_work/public_inputs_20260903/reference/weights/weights.hm3_noMHC.[1-22] ... (ldscore_fromlist)
Read regression weight LD Scores for 1187349 SNPs.
After merging with reference panel LD, 1077617 SNPs remain.
After merging with regression SNP LD, 1075169 SNPs remain.
Computing rg for phenotype 2/2
Reading summary statistics from /Users/fandiesmas/Desktop/Molecular_Psychiatry/.codex_work/ldsc_recompute_20260904/standardized/ldsc/MDD_FINNGEN_R13.sumstats.gz ...
Read summary statistics for 1159088 SNPs.
After merging with summary statistics, 1059428 SNPs remain.
1059428 SNPs with valid alleles.

Heritability of phenotype 1
---------------------------
Total Observed scale h2: 0.0487 (0.0017)
Lambda GC: 1.6393
Mean Chi^2: 1.8416
Intercept: 1.0326 (0.013)
Ratio: 0.0387 (0.0155)

Heritability of phenotype 2/2
-----------------------------
Total Observed scale h2: 0.0957 (0.0053)
Lambda GC: 1.4631
Mean Chi^2: 1.5309
Intercept: 1.1211 (0.0116)
Ratio: 0.2282 (0.0218)

Genetic Covariance
------------------
Total Observed scale gencov: 0.0586 (0.0024)
Mean z1*z2: 0.7135
Intercept: 0.2183 (0.0093)

Genetic Correlation
-------------------
Genetic Correlation: 0.8575 (0.0188)
Z-score: 45.663
P: 0.

Printing covariance matrix of the estimates to /Users/fandiesmas/Desktop/Molecular_Psychiatry/.codex_work/ldsc_recompute_20260904/ldsc_audit/logs/MDD_EHR_PGC2025__MDD_FINNGEN_R13MDD_EHR_PGC2025.sumstats.gz_MDD_FINNGEN_R13.sumstats.gz.hsq1.cov.
Printing covariance matrix of the estimates to /Users/fandiesmas/Desktop/Molecular_Psychiatry/.codex_work/ldsc_recompute_20260904/ldsc_audit/logs/MDD_EHR_PGC2025__MDD_FINNGEN_R13MDD_EHR_PGC2025.sumstats.gz_MDD_FINNGEN_R13.sumstats.gz.hsq2.cov.
Printing covariance matrix of the estimates to /Users/fandiesmas/Desktop/Molecular_Psychiatry/.codex_work/ldsc_recompute_20260904/ldsc_audit/logs/MDD_EHR_PGC2025__MDD_FINNGEN_R13MDD_EHR_PGC2025.sumstats.gz_MDD_FINNGEN_R13.sumstats.gz.gencov.cov.

Summary of Genetic Correlation Results
                                                                                                                             p1                                                                                                                               p2     rg     se      z   p  h2_obs  h2_obs_se  h2_int  h2_int_se  gcov_int  gcov_int_se
/Users/fandiesmas/Desktop/Molecular_Psychiatry/.codex_work/public_inputs_20260903/standardized/ldsc/MDD_EHR_PGC2025.sumstats.gz /Users/fandiesmas/Desktop/Molecular_Psychiatry/.codex_work/ldsc_recompute_20260904/standardized/ldsc/MDD_FINNGEN_R13.sumstats.gz 0.8575 0.0188 45.663 0.0  0.0957     0.0053  1.1211     0.0116    0.2183       0.0093

Analysis finished at Fri Sep  4 09:26:58 2026
Total time elapsed: 4.81s
