*********************************************************************
* LD Score Regression (LDSC)
* Version 1.0.1
* (C) 2014-2019 Brendan Bulik-Sullivan and Hilary Finucane
* Broad Institute of MIT and Harvard / MIT Department of Mathematics
* GNU General Public License v3
*********************************************************************
Call: 
./ldsc.py \
--out /public/home/zhengxiaoyang/phenotype_ascertainment_pilot/results/p25/target_aux_rg/MDD_EHR_PGC2025__AUD \
--print-snps /public/home/zhengxiaoyang/PTSD_JPEP/resources/ldsc_ref/w_hm3.snplist \
--rg /public/home/zhengxiaoyang/phenotype_ascertainment_pilot/results/p1/ldsc_input/MDD_EHR_PGC2025.sumstats.gz,/public/home/zhengxiaoyang/BPD_transdiagnostic_genetics/analysis/ldsc/munged/AUD.sumstats.gz \
--ref-ld-chr /public/home/zhengxiaoyang/PTSD_JPEP/resources/ldsc_ref/eur_w_ld_chr/ \
--w-ld-chr /public/home/zhengxiaoyang/PTSD_JPEP/resources/ldsc_ref/weights_hm3_noMHC/weights.hm3_noMHC. \
--print-cov  

Beginning analysis at Mon Aug 31 00:18:14 2026
Reading summary statistics from /public/home/zhengxiaoyang/phenotype_ascertainment_pilot/results/p1/ldsc_input/MDD_EHR_PGC2025.sumstats.gz ...
Read summary statistics for 1078061 SNPs.
Reading reference panel LD Score from /public/home/zhengxiaoyang/PTSD_JPEP/resources/ldsc_ref/eur_w_ld_chr/[1-22] ... (ldscore_fromlist)
Read reference panel LD Scores for 1290028 SNPs.
Removing partitioned LD Scores with zero variance.
Reading regression weight LD Score from /public/home/zhengxiaoyang/PTSD_JPEP/resources/ldsc_ref/weights_hm3_noMHC/weights.hm3_noMHC.[1-22] ... (ldscore_fromlist)
Read regression weight LD Scores for 1187349 SNPs.
After merging with reference panel LD, 1075159 SNPs remain.
After merging with regression SNP LD, 1075159 SNPs remain.
Computing rg for phenotype 2/2
Reading summary statistics from /public/home/zhengxiaoyang/BPD_transdiagnostic_genetics/analysis/ldsc/munged/AUD.sumstats.gz ...
Read summary statistics for 1176971 SNPs.
After merging with summary statistics, 1071111 SNPs remain.
1071111 SNPs with valid alleles.

Heritability of phenotype 1
---------------------------
Total Observed scale h2: 0.0486 (0.0017)
Lambda GC: 1.6365
Mean Chi^2: 1.8351
Intercept: 1.0309 (0.0125)
Ratio: 0.0371 (0.015)

Heritability of phenotype 2/2
-----------------------------
Total Observed scale h2: 0.0864 (0.0038)
Lambda GC: 1.3409
Mean Chi^2: 1.4572
Intercept: 1.0466 (0.0071)
Ratio: 0.1019 (0.0155)

Genetic Covariance
------------------
Total Observed scale gencov: 0.0383 (0.0018)
Mean z1*z2: 0.3934
Intercept: 0.0846 (0.0063)

Genetic Correlation
-------------------
Genetic Correlation: 0.5913 (0.0232)
Z-score: 25.4741
P: 3.823e-143

Printing covariance matrix of the estimates to /public/home/zhengxiaoyang/phenotype_ascertainment_pilot/results/p25/target_aux_rg/MDD_EHR_PGC2025__AUDMDD_EHR_PGC2025.sumstats.gz_AUD.sumstats.gz.hsq1.cov.
Printing covariance matrix of the estimates to /public/home/zhengxiaoyang/phenotype_ascertainment_pilot/results/p25/target_aux_rg/MDD_EHR_PGC2025__AUDMDD_EHR_PGC2025.sumstats.gz_AUD.sumstats.gz.hsq2.cov.
Printing covariance matrix of the estimates to /public/home/zhengxiaoyang/phenotype_ascertainment_pilot/results/p25/target_aux_rg/MDD_EHR_PGC2025__AUDMDD_EHR_PGC2025.sumstats.gz_AUD.sumstats.gz.gencov.cov.

Summary of Genetic Correlation Results
                                                                                                        p1                                                                                           p2     rg     se       z           p  h2_obs  h2_obs_se  h2_int  h2_int_se  gcov_int  gcov_int_se
/public/home/zhengxiaoyang/phenotype_ascertainment_pilot/results/p1/ldsc_input/MDD_EHR_PGC2025.sumstats.gz /public/home/zhengxiaoyang/BPD_transdiagnostic_genetics/analysis/ldsc/munged/AUD.sumstats.gz 0.5913 0.0232 25.4741 3.8230e-143  0.0864     0.0038  1.0466     0.0071    0.0846       0.0063

Analysis finished at Mon Aug 31 00:18:24 2026
Total time elapsed: 9.77s
