*********************************************************************
* LD Score Regression (LDSC)
* Version 1.0.1
* (C) 2014-2019 Brendan Bulik-Sullivan and Hilary Finucane
* Broad Institute of MIT and Harvard / MIT Department of Mathematics
* GNU General Public License v3
*********************************************************************
Call: 
./ldsc.py \
--out /Users/fandiesmas/Desktop/Molecular_Psychiatry/.codex_work/ldsc_recompute_20260904/ldsc_audit/logs/MDD_FINNGEN_R13__ASD \
--print-snps /Users/fandiesmas/Desktop/Molecular_Psychiatry/.codex_work/public_inputs_20260903/reference/extracted/eur_w_ld_chr/w_hm3.snplist \
--rg /Users/fandiesmas/Desktop/Molecular_Psychiatry/.codex_work/ldsc_recompute_20260904/standardized/ldsc/MDD_FINNGEN_R13.sumstats.gz,/Users/fandiesmas/Desktop/Molecular_Psychiatry/.codex_work/public_inputs_20260903/standardized/ldsc/ASD.sumstats.gz \
--ref-ld-chr /Users/fandiesmas/Desktop/Molecular_Psychiatry/.codex_work/public_inputs_20260903/reference/extracted/eur_w_ld_chr/ \
--w-ld-chr /Users/fandiesmas/Desktop/Molecular_Psychiatry/.codex_work/public_inputs_20260903/reference/weights/weights.hm3_noMHC. \
--print-cov  

Beginning analysis at Fri Sep  4 09:26:41 2026
Reading summary statistics from /Users/fandiesmas/Desktop/Molecular_Psychiatry/.codex_work/ldsc_recompute_20260904/standardized/ldsc/MDD_FINNGEN_R13.sumstats.gz ...
Read summary statistics for 1159088 SNPs.
Reading reference panel LD Score from /Users/fandiesmas/Desktop/Molecular_Psychiatry/.codex_work/public_inputs_20260903/reference/extracted/eur_w_ld_chr/[1-22] ... (ldscore_fromlist)
Read reference panel LD Scores for 1290028 SNPs.
Removing partitioned LD Scores with zero variance.
Reading regression weight LD Score from /Users/fandiesmas/Desktop/Molecular_Psychiatry/.codex_work/public_inputs_20260903/reference/weights/weights.hm3_noMHC.[1-22] ... (ldscore_fromlist)
Read regression weight LD Scores for 1187349 SNPs.
After merging with reference panel LD, 1159088 SNPs remain.
After merging with regression SNP LD, 1147139 SNPs remain.
Computing rg for phenotype 2/2
Reading summary statistics from /Users/fandiesmas/Desktop/Molecular_Psychiatry/.codex_work/public_inputs_20260903/standardized/ldsc/ASD.sumstats.gz ...
Read summary statistics for 1050308 SNPs.
After merging with summary statistics, 1024607 SNPs remain.
1024593 SNPs with valid alleles.

Heritability of phenotype 1
---------------------------
Total Observed scale h2: 0.0959 (0.0053)
Lambda GC: 1.4881
Mean Chi^2: 1.56
Intercept: 1.122 (0.0127)
Ratio: 0.2178 (0.0228)

Heritability of phenotype 2/2
-----------------------------
Total Observed scale h2: 0.2025 (0.0175)
Lambda GC: 1.1737
Mean Chi^2: 1.2011
Intercept: 1.0085 (0.0099)
Ratio: 0.0421 (0.0493)

Genetic Covariance
------------------
Total Observed scale gencov: 0.0476 (0.006)
Mean z1*z2: 0.1031
Intercept: 0.006 (0.0074)

Genetic Correlation
-------------------
Genetic Correlation: 0.3417 (0.044)
Z-score: 7.7604
P: 8.4672e-15

Printing covariance matrix of the estimates to /Users/fandiesmas/Desktop/Molecular_Psychiatry/.codex_work/ldsc_recompute_20260904/ldsc_audit/logs/MDD_FINNGEN_R13__ASDMDD_FINNGEN_R13.sumstats.gz_ASD.sumstats.gz.hsq1.cov.
Printing covariance matrix of the estimates to /Users/fandiesmas/Desktop/Molecular_Psychiatry/.codex_work/ldsc_recompute_20260904/ldsc_audit/logs/MDD_FINNGEN_R13__ASDMDD_FINNGEN_R13.sumstats.gz_ASD.sumstats.gz.hsq2.cov.
Printing covariance matrix of the estimates to /Users/fandiesmas/Desktop/Molecular_Psychiatry/.codex_work/ldsc_recompute_20260904/ldsc_audit/logs/MDD_FINNGEN_R13__ASDMDD_FINNGEN_R13.sumstats.gz_ASD.sumstats.gz.gencov.cov.

Summary of Genetic Correlation Results
                                                                                                                              p1                                                                                                                  p2     rg    se      z          p  h2_obs  h2_obs_se  h2_int  h2_int_se  gcov_int  gcov_int_se
/Users/fandiesmas/Desktop/Molecular_Psychiatry/.codex_work/ldsc_recompute_20260904/standardized/ldsc/MDD_FINNGEN_R13.sumstats.gz /Users/fandiesmas/Desktop/Molecular_Psychiatry/.codex_work/public_inputs_20260903/standardized/ldsc/ASD.sumstats.gz 0.3417 0.044 7.7604 8.4672e-15  0.2025     0.0175  1.0085     0.0099     0.006       0.0074

Analysis finished at Fri Sep  4 09:26:46 2026
Total time elapsed: 4.92s
