*********************************************************************
* LD Score Regression (LDSC)
* Version 1.0.1
* (C) 2014-2019 Brendan Bulik-Sullivan and Hilary Finucane
* Broad Institute of MIT and Harvard / MIT Department of Mathematics
* GNU General Public License v3
*********************************************************************
Call: 
./ldsc.py \
--out .codex_work/public_inputs_20260903/ldsc_audit/logs/MDD_QUEST_PGC2025__ANX \
--print-snps .codex_work/public_inputs_20260903/reference/extracted/eur_w_ld_chr/w_hm3.snplist \
--rg .codex_work/public_inputs_20260903/standardized/ldsc/MDD_QUEST_PGC2025.sumstats.gz,.codex_work/public_inputs_20260903/standardized/ldsc/ANX.sumstats.gz \
--ref-ld-chr .codex_work/public_inputs_20260903/reference/extracted/eur_w_ld_chr/ \
--w-ld-chr .codex_work/public_inputs_20260903/reference/weights/weights.hm3_noMHC. \
--print-cov  

Beginning analysis at Thu Sep  3 22:17:33 2026
Reading summary statistics from .codex_work/public_inputs_20260903/standardized/ldsc/MDD_QUEST_PGC2025.sumstats.gz ...
Read summary statistics for 1169742 SNPs.
Reading reference panel LD Score from .codex_work/public_inputs_20260903/reference/extracted/eur_w_ld_chr/[1-22] ... (ldscore_fromlist)
Read reference panel LD Scores for 1290028 SNPs.
Removing partitioned LD Scores with zero variance.
Reading regression weight LD Score from .codex_work/public_inputs_20260903/reference/weights/weights.hm3_noMHC.[1-22] ... (ldscore_fromlist)
Read regression weight LD Scores for 1187349 SNPs.
After merging with reference panel LD, 1169742 SNPs remain.
After merging with regression SNP LD, 1159708 SNPs remain.
Computing rg for phenotype 2/2
Reading summary statistics from .codex_work/public_inputs_20260903/standardized/ldsc/ANX.sumstats.gz ...
Read summary statistics for 1171736 SNPs.
After merging with summary statistics, 1151576 SNPs remain.
1151576 SNPs with valid alleles.

Heritability of phenotype 1
---------------------------
Total Observed scale h2: 0.0702 (0.0037)
Lambda GC: 1.272
Mean Chi^2: 1.3226
Intercept: 1.0172 (0.0091)
Ratio: 0.0534 (0.0281)

Heritability of phenotype 2/2
-----------------------------
Total Observed scale h2: 0.0787 (0.0028)
Lambda GC: 1.4851
Mean Chi^2: 1.6184
Intercept: 1.0426 (0.0088)
Ratio: 0.0689 (0.0143)

Genetic Covariance
------------------
Total Observed scale gencov: 0.0598 (0.0025)
Mean z1*z2: 0.486
Intercept: 0.1467 (0.0068)

Genetic Correlation
-------------------
Genetic Correlation: 0.8045 (0.0217)
Z-score: 37.1111
P: 1.8619e-301

Printing covariance matrix of the estimates to .codex_work/public_inputs_20260903/ldsc_audit/logs/MDD_QUEST_PGC2025__ANXMDD_QUEST_PGC2025.sumstats.gz_ANX.sumstats.gz.hsq1.cov.
Printing covariance matrix of the estimates to .codex_work/public_inputs_20260903/ldsc_audit/logs/MDD_QUEST_PGC2025__ANXMDD_QUEST_PGC2025.sumstats.gz_ANX.sumstats.gz.hsq2.cov.
Printing covariance matrix of the estimates to .codex_work/public_inputs_20260903/ldsc_audit/logs/MDD_QUEST_PGC2025__ANXMDD_QUEST_PGC2025.sumstats.gz_ANX.sumstats.gz.gencov.cov.

Summary of Genetic Correlation Results
                                                                                p1                                                                   p2     rg     se       z           p  h2_obs  h2_obs_se  h2_int  h2_int_se  gcov_int  gcov_int_se
.codex_work/public_inputs_20260903/standardized/ldsc/MDD_QUEST_PGC2025.sumstats.gz .codex_work/public_inputs_20260903/standardized/ldsc/ANX.sumstats.gz 0.8045 0.0217 37.1111 1.8619e-301  0.0787     0.0028  1.0426     0.0088    0.1467       0.0068

Analysis finished at Thu Sep  3 22:17:48 2026
Total time elapsed: 15.03s
