*********************************************************************
* LD Score Regression (LDSC)
* Version 1.0.1
* (C) 2014-2019 Brendan Bulik-Sullivan and Hilary Finucane
* Broad Institute of MIT and Harvard / MIT Department of Mathematics
* GNU General Public License v3
*********************************************************************
Call: 
./ldsc.py \
--out .codex_work/public_inputs_20260903/ldsc_audit/logs/MDD_QUEST_PGC2025__BD_PGC2021 \
--print-snps .codex_work/public_inputs_20260903/reference/extracted/eur_w_ld_chr/w_hm3.snplist \
--rg .codex_work/public_inputs_20260903/standardized/ldsc/MDD_QUEST_PGC2025.sumstats.gz,.codex_work/public_inputs_20260903/standardized/ldsc/BD_PGC2021.sumstats.gz \
--ref-ld-chr .codex_work/public_inputs_20260903/reference/extracted/eur_w_ld_chr/ \
--w-ld-chr .codex_work/public_inputs_20260903/reference/weights/weights.hm3_noMHC. \
--print-cov  

Beginning analysis at Thu Sep  3 22:17:50 2026
Reading summary statistics from .codex_work/public_inputs_20260903/standardized/ldsc/MDD_QUEST_PGC2025.sumstats.gz ...
Read summary statistics for 1169742 SNPs.
Reading reference panel LD Score from .codex_work/public_inputs_20260903/reference/extracted/eur_w_ld_chr/[1-22] ... (ldscore_fromlist)
Read reference panel LD Scores for 1290028 SNPs.
Removing partitioned LD Scores with zero variance.
Reading regression weight LD Score from .codex_work/public_inputs_20260903/reference/weights/weights.hm3_noMHC.[1-22] ... (ldscore_fromlist)
Read regression weight LD Scores for 1187349 SNPs.
After merging with reference panel LD, 1169742 SNPs remain.
After merging with regression SNP LD, 1159708 SNPs remain.
Computing rg for phenotype 2/2
Reading summary statistics from .codex_work/public_inputs_20260903/standardized/ldsc/BD_PGC2021.sumstats.gz ...
Read summary statistics for 1121823 SNPs.
After merging with summary statistics, 1106269 SNPs remain.
1106269 SNPs with valid alleles.

Heritability of phenotype 1
---------------------------
Total Observed scale h2: 0.0697 (0.0041)
Lambda GC: 1.2787
Mean Chi^2: 1.3313
Intercept: 1.0195 (0.0099)
Ratio: 0.0589 (0.03)

Heritability of phenotype 2/2
-----------------------------
Total Observed scale h2: 0.2824 (0.0119)
Lambda GC: 1.4676
Mean Chi^2: 1.6112
Intercept: 1.0317 (0.0111)
Ratio: 0.0518 (0.0181)

Genetic Covariance
------------------
Total Observed scale gencov: 0.0581 (0.0045)
Mean z1*z2: 0.1928
Intercept: 0.0212 (0.0071)

Genetic Correlation
-------------------
Genetic Correlation: 0.4144 (0.028)
Z-score: 14.7932
P: 1.6207e-49

Printing covariance matrix of the estimates to .codex_work/public_inputs_20260903/ldsc_audit/logs/MDD_QUEST_PGC2025__BD_PGC2021MDD_QUEST_PGC2025.sumstats.gz_BD_PGC2021.sumstats.gz.hsq1.cov.
Printing covariance matrix of the estimates to .codex_work/public_inputs_20260903/ldsc_audit/logs/MDD_QUEST_PGC2025__BD_PGC2021MDD_QUEST_PGC2025.sumstats.gz_BD_PGC2021.sumstats.gz.hsq2.cov.
Printing covariance matrix of the estimates to .codex_work/public_inputs_20260903/ldsc_audit/logs/MDD_QUEST_PGC2025__BD_PGC2021MDD_QUEST_PGC2025.sumstats.gz_BD_PGC2021.sumstats.gz.gencov.cov.

Summary of Genetic Correlation Results
                                                                                p1                                                                          p2     rg    se       z          p  h2_obs  h2_obs_se  h2_int  h2_int_se  gcov_int  gcov_int_se
.codex_work/public_inputs_20260903/standardized/ldsc/MDD_QUEST_PGC2025.sumstats.gz .codex_work/public_inputs_20260903/standardized/ldsc/BD_PGC2021.sumstats.gz 0.4144 0.028 14.7932 1.6207e-49  0.2824     0.0119  1.0317     0.0111    0.0212       0.0071

Analysis finished at Thu Sep  3 22:18:05 2026
Total time elapsed: 15.03s
