*********************************************************************
* LD Score Regression (LDSC)
* Version 1.0.1
* (C) 2014-2019 Brendan Bulik-Sullivan and Hilary Finucane
* Broad Institute of MIT and Harvard / MIT Department of Mathematics
* GNU General Public License v3
*********************************************************************
Call: 
./ldsc.py \
--out .codex_work/public_inputs_20260903/ldsc_audit/logs/MDD_CLIN_PGC2025__ANX \
--print-snps .codex_work/public_inputs_20260903/reference/extracted/eur_w_ld_chr/w_hm3.snplist \
--rg .codex_work/public_inputs_20260903/standardized/ldsc/MDD_CLIN_PGC2025.sumstats.gz,.codex_work/public_inputs_20260903/standardized/ldsc/ANX.sumstats.gz \
--ref-ld-chr .codex_work/public_inputs_20260903/reference/extracted/eur_w_ld_chr/ \
--w-ld-chr .codex_work/public_inputs_20260903/reference/weights/weights.hm3_noMHC. \
--print-cov  

Beginning analysis at Thu Sep  3 22:16:24 2026
Reading summary statistics from .codex_work/public_inputs_20260903/standardized/ldsc/MDD_CLIN_PGC2025.sumstats.gz ...
Read summary statistics for 1114009 SNPs.
Reading reference panel LD Score from .codex_work/public_inputs_20260903/reference/extracted/eur_w_ld_chr/[1-22] ... (ldscore_fromlist)
Read reference panel LD Scores for 1290028 SNPs.
Removing partitioned LD Scores with zero variance.
Reading regression weight LD Score from .codex_work/public_inputs_20260903/reference/weights/weights.hm3_noMHC.[1-22] ... (ldscore_fromlist)
Read regression weight LD Scores for 1187349 SNPs.
After merging with reference panel LD, 1114009 SNPs remain.
After merging with regression SNP LD, 1103283 SNPs remain.
Computing rg for phenotype 2/2
Reading summary statistics from .codex_work/public_inputs_20260903/standardized/ldsc/ANX.sumstats.gz ...
Read summary statistics for 1171736 SNPs.
After merging with summary statistics, 1102572 SNPs remain.
1102572 SNPs with valid alleles.

Heritability of phenotype 1
---------------------------
Total Observed scale h2: 0.0945 (0.0096)
Lambda GC: 1.1327
Mean Chi^2: 1.1357
Intercept: 1.0136 (0.0073)
Ratio: 0.1005 (0.0537)

Heritability of phenotype 2/2
-----------------------------
Total Observed scale h2: 0.0791 (0.003)
Lambda GC: 1.5046
Mean Chi^2: 1.6382
Intercept: 1.0406 (0.011)
Ratio: 0.0637 (0.0173)

Genetic Covariance
------------------
Total Observed scale gencov: 0.0708 (0.0041)
Mean z1*z2: 0.2844
Intercept: 0.0633 (0.0067)

Genetic Correlation
-------------------
Genetic Correlation: 0.819 (0.0411)
Z-score: 19.9189
P: 2.7916e-88

Printing covariance matrix of the estimates to .codex_work/public_inputs_20260903/ldsc_audit/logs/MDD_CLIN_PGC2025__ANXMDD_CLIN_PGC2025.sumstats.gz_ANX.sumstats.gz.hsq1.cov.
Printing covariance matrix of the estimates to .codex_work/public_inputs_20260903/ldsc_audit/logs/MDD_CLIN_PGC2025__ANXMDD_CLIN_PGC2025.sumstats.gz_ANX.sumstats.gz.hsq2.cov.
Printing covariance matrix of the estimates to .codex_work/public_inputs_20260903/ldsc_audit/logs/MDD_CLIN_PGC2025__ANXMDD_CLIN_PGC2025.sumstats.gz_ANX.sumstats.gz.gencov.cov.

Summary of Genetic Correlation Results
                                                                               p1                                                                   p2    rg     se       z          p  h2_obs  h2_obs_se  h2_int  h2_int_se  gcov_int  gcov_int_se
.codex_work/public_inputs_20260903/standardized/ldsc/MDD_CLIN_PGC2025.sumstats.gz .codex_work/public_inputs_20260903/standardized/ldsc/ANX.sumstats.gz 0.819 0.0411 19.9189 2.7916e-88  0.0791      0.003  1.0406      0.011    0.0633       0.0067

Analysis finished at Thu Sep  3 22:16:40 2026
Total time elapsed: 15.31s
