*********************************************************************
* LD Score Regression (LDSC)
* Version 1.0.1
* (C) 2014-2019 Brendan Bulik-Sullivan and Hilary Finucane
* Broad Institute of MIT and Harvard / MIT Department of Mathematics
* GNU General Public License v3
*********************************************************************
Call: 
./ldsc.py \
--out .codex_work/public_inputs_20260903/ldsc_audit/logs/MDD_CLIN_PGC2025__BD_PGC2021 \
--print-snps .codex_work/public_inputs_20260903/reference/extracted/eur_w_ld_chr/w_hm3.snplist \
--rg .codex_work/public_inputs_20260903/standardized/ldsc/MDD_CLIN_PGC2025.sumstats.gz,.codex_work/public_inputs_20260903/standardized/ldsc/BD_PGC2021.sumstats.gz \
--ref-ld-chr .codex_work/public_inputs_20260903/reference/extracted/eur_w_ld_chr/ \
--w-ld-chr .codex_work/public_inputs_20260903/reference/weights/weights.hm3_noMHC. \
--print-cov  

Beginning analysis at Thu Sep  3 22:16:25 2026
Reading summary statistics from .codex_work/public_inputs_20260903/standardized/ldsc/MDD_CLIN_PGC2025.sumstats.gz ...
Read summary statistics for 1114009 SNPs.
Reading reference panel LD Score from .codex_work/public_inputs_20260903/reference/extracted/eur_w_ld_chr/[1-22] ... (ldscore_fromlist)
Read reference panel LD Scores for 1290028 SNPs.
Removing partitioned LD Scores with zero variance.
Reading regression weight LD Score from .codex_work/public_inputs_20260903/reference/weights/weights.hm3_noMHC.[1-22] ... (ldscore_fromlist)
Read regression weight LD Scores for 1187349 SNPs.
After merging with reference panel LD, 1114009 SNPs remain.
After merging with regression SNP LD, 1103283 SNPs remain.
Computing rg for phenotype 2/2
Reading summary statistics from .codex_work/public_inputs_20260903/standardized/ldsc/BD_PGC2021.sumstats.gz ...
Read summary statistics for 1121823 SNPs.
After merging with summary statistics, 1098181 SNPs remain.
1098181 SNPs with valid alleles.

Heritability of phenotype 1
---------------------------
Total Observed scale h2: 0.094 (0.0099)
Lambda GC: 1.1338
Mean Chi^2: 1.1363
Intercept: 1.0144 (0.0074)
Ratio: 0.1059 (0.0546)

Heritability of phenotype 2/2
-----------------------------
Total Observed scale h2: 0.2807 (0.0116)
Lambda GC: 1.4719
Mean Chi^2: 1.6152
Intercept: 1.0344 (0.0115)
Ratio: 0.0559 (0.0186)

Genetic Covariance
------------------
Total Observed scale gencov: 0.079 (0.0075)
Mean z1*z2: 0.2394
Intercept: 0.1133 (0.0067)

Genetic Correlation
-------------------
Genetic Correlation: 0.4862 (0.0454)
Z-score: 10.7195
P: 8.2408e-27

Printing covariance matrix of the estimates to .codex_work/public_inputs_20260903/ldsc_audit/logs/MDD_CLIN_PGC2025__BD_PGC2021MDD_CLIN_PGC2025.sumstats.gz_BD_PGC2021.sumstats.gz.hsq1.cov.
Printing covariance matrix of the estimates to .codex_work/public_inputs_20260903/ldsc_audit/logs/MDD_CLIN_PGC2025__BD_PGC2021MDD_CLIN_PGC2025.sumstats.gz_BD_PGC2021.sumstats.gz.hsq2.cov.
Printing covariance matrix of the estimates to .codex_work/public_inputs_20260903/ldsc_audit/logs/MDD_CLIN_PGC2025__BD_PGC2021MDD_CLIN_PGC2025.sumstats.gz_BD_PGC2021.sumstats.gz.gencov.cov.

Summary of Genetic Correlation Results
                                                                               p1                                                                          p2     rg     se       z          p  h2_obs  h2_obs_se  h2_int  h2_int_se  gcov_int  gcov_int_se
.codex_work/public_inputs_20260903/standardized/ldsc/MDD_CLIN_PGC2025.sumstats.gz .codex_work/public_inputs_20260903/standardized/ldsc/BD_PGC2021.sumstats.gz 0.4862 0.0454 10.7195 8.2408e-27  0.2807     0.0116  1.0344     0.0115    0.1133       0.0067

Analysis finished at Thu Sep  3 22:16:40 2026
Total time elapsed: 15.03s
