*********************************************************************
* LD Score Regression (LDSC)
* Version 1.0.1
* (C) 2014-2019 Brendan Bulik-Sullivan and Hilary Finucane
* Broad Institute of MIT and Harvard / MIT Department of Mathematics
* GNU General Public License v3
*********************************************************************
Call: 
./ldsc.py \
--out /Users/fandiesmas/Desktop/Molecular_Psychiatry/.codex_work/ldsc_recompute_20260904/ldsc_audit/logs/MDD_CLIN_PGC2025__MDD_FINNGEN_R13 \
--print-snps /Users/fandiesmas/Desktop/Molecular_Psychiatry/.codex_work/public_inputs_20260903/reference/extracted/eur_w_ld_chr/w_hm3.snplist \
--rg /Users/fandiesmas/Desktop/Molecular_Psychiatry/.codex_work/public_inputs_20260903/standardized/ldsc/MDD_CLIN_PGC2025.sumstats.gz,/Users/fandiesmas/Desktop/Molecular_Psychiatry/.codex_work/ldsc_recompute_20260904/standardized/ldsc/MDD_FINNGEN_R13.sumstats.gz \
--ref-ld-chr /Users/fandiesmas/Desktop/Molecular_Psychiatry/.codex_work/public_inputs_20260903/reference/extracted/eur_w_ld_chr/ \
--w-ld-chr /Users/fandiesmas/Desktop/Molecular_Psychiatry/.codex_work/public_inputs_20260903/reference/weights/weights.hm3_noMHC. \
--print-cov  

Beginning analysis at Fri Sep  4 09:26:53 2026
Reading summary statistics from /Users/fandiesmas/Desktop/Molecular_Psychiatry/.codex_work/public_inputs_20260903/standardized/ldsc/MDD_CLIN_PGC2025.sumstats.gz ...
Read summary statistics for 1114009 SNPs.
Reading reference panel LD Score from /Users/fandiesmas/Desktop/Molecular_Psychiatry/.codex_work/public_inputs_20260903/reference/extracted/eur_w_ld_chr/[1-22] ... (ldscore_fromlist)
Read reference panel LD Scores for 1290028 SNPs.
Removing partitioned LD Scores with zero variance.
Reading regression weight LD Score from /Users/fandiesmas/Desktop/Molecular_Psychiatry/.codex_work/public_inputs_20260903/reference/weights/weights.hm3_noMHC.[1-22] ... (ldscore_fromlist)
Read regression weight LD Scores for 1187349 SNPs.
After merging with reference panel LD, 1114009 SNPs remain.
After merging with regression SNP LD, 1103283 SNPs remain.
Computing rg for phenotype 2/2
Reading summary statistics from /Users/fandiesmas/Desktop/Molecular_Psychiatry/.codex_work/ldsc_recompute_20260904/standardized/ldsc/MDD_FINNGEN_R13.sumstats.gz ...
Read summary statistics for 1159088 SNPs.
After merging with summary statistics, 1086397 SNPs remain.
1086384 SNPs with valid alleles.

Heritability of phenotype 1
---------------------------
Total Observed scale h2: 0.0946 (0.0098)
Lambda GC: 1.1343
Mean Chi^2: 1.1365
Intercept: 1.0136 (0.0076)
Ratio: 0.0994 (0.0558)

Heritability of phenotype 2/2
-----------------------------
Total Observed scale h2: 0.0955 (0.0055)
Lambda GC: 1.4734
Mean Chi^2: 1.5435
Intercept: 1.1232 (0.0126)
Ratio: 0.2267 (0.0232)

Genetic Covariance
------------------
Total Observed scale gencov: 0.0789 (0.0052)
Mean z1*z2: 0.19
Intercept: 0.0032 (0.0071)

Genetic Correlation
-------------------
Genetic Correlation: 0.8297 (0.0445)
Z-score: 18.6367
P: 1.62e-77

Printing covariance matrix of the estimates to /Users/fandiesmas/Desktop/Molecular_Psychiatry/.codex_work/ldsc_recompute_20260904/ldsc_audit/logs/MDD_CLIN_PGC2025__MDD_FINNGEN_R13MDD_CLIN_PGC2025.sumstats.gz_MDD_FINNGEN_R13.sumstats.gz.hsq1.cov.
Printing covariance matrix of the estimates to /Users/fandiesmas/Desktop/Molecular_Psychiatry/.codex_work/ldsc_recompute_20260904/ldsc_audit/logs/MDD_CLIN_PGC2025__MDD_FINNGEN_R13MDD_CLIN_PGC2025.sumstats.gz_MDD_FINNGEN_R13.sumstats.gz.hsq2.cov.
Printing covariance matrix of the estimates to /Users/fandiesmas/Desktop/Molecular_Psychiatry/.codex_work/ldsc_recompute_20260904/ldsc_audit/logs/MDD_CLIN_PGC2025__MDD_FINNGEN_R13MDD_CLIN_PGC2025.sumstats.gz_MDD_FINNGEN_R13.sumstats.gz.gencov.cov.

Summary of Genetic Correlation Results
                                                                                                                              p1                                                                                                                               p2     rg     se       z          p  h2_obs  h2_obs_se  h2_int  h2_int_se  gcov_int  gcov_int_se
/Users/fandiesmas/Desktop/Molecular_Psychiatry/.codex_work/public_inputs_20260903/standardized/ldsc/MDD_CLIN_PGC2025.sumstats.gz /Users/fandiesmas/Desktop/Molecular_Psychiatry/.codex_work/ldsc_recompute_20260904/standardized/ldsc/MDD_FINNGEN_R13.sumstats.gz 0.8297 0.0445 18.6367 1.6200e-77  0.0955     0.0055  1.1232     0.0126    0.0032       0.0071

Analysis finished at Fri Sep  4 09:26:58 2026
Total time elapsed: 4.96s
