*********************************************************************
* LD Score Regression (LDSC)
* Version 1.0.1
* (C) 2014-2019 Brendan Bulik-Sullivan and Hilary Finucane
* Broad Institute of MIT and Harvard / MIT Department of Mathematics
* GNU General Public License v3
*********************************************************************
Call: 
./ldsc.py \
--out .codex_work/public_inputs_20260903/ldsc_audit/logs/MDD_CLIN_PGC2025__ADHD \
--print-snps .codex_work/public_inputs_20260903/reference/extracted/eur_w_ld_chr/w_hm3.snplist \
--rg .codex_work/public_inputs_20260903/standardized/ldsc/MDD_CLIN_PGC2025.sumstats.gz,.codex_work/public_inputs_20260903/standardized/ldsc/ADHD.sumstats.gz \
--ref-ld-chr .codex_work/public_inputs_20260903/reference/extracted/eur_w_ld_chr/ \
--w-ld-chr .codex_work/public_inputs_20260903/reference/weights/weights.hm3_noMHC. \
--print-cov  

Beginning analysis at Thu Sep  3 22:16:06 2026
Reading summary statistics from .codex_work/public_inputs_20260903/standardized/ldsc/MDD_CLIN_PGC2025.sumstats.gz ...
Read summary statistics for 1114009 SNPs.
Reading reference panel LD Score from .codex_work/public_inputs_20260903/reference/extracted/eur_w_ld_chr/[1-22] ... (ldscore_fromlist)
Read reference panel LD Scores for 1290028 SNPs.
Removing partitioned LD Scores with zero variance.
Reading regression weight LD Score from .codex_work/public_inputs_20260903/reference/weights/weights.hm3_noMHC.[1-22] ... (ldscore_fromlist)
Read regression weight LD Scores for 1187349 SNPs.
After merging with reference panel LD, 1114009 SNPs remain.
After merging with regression SNP LD, 1103283 SNPs remain.
Computing rg for phenotype 2/2
Reading summary statistics from .codex_work/public_inputs_20260903/standardized/ldsc/ADHD.sumstats.gz ...
Read summary statistics for 1129139 SNPs.
After merging with summary statistics, 1092483 SNPs remain.
1092483 SNPs with valid alleles.

Heritability of phenotype 1
---------------------------
Total Observed scale h2: 0.0947 (0.0099)
Lambda GC: 1.1342
Mean Chi^2: 1.1368
Intercept: 1.0139 (0.0079)
Ratio: 0.1017 (0.0575)

Heritability of phenotype 2/2
-----------------------------
Total Observed scale h2: 0.1656 (0.0077)
Lambda GC: 1.3633
Mean Chi^2: 1.4571
Intercept: 1.0291 (0.0101)
Ratio: 0.0636 (0.0221)

Genetic Covariance
------------------
Total Observed scale gencov: 0.063 (0.0062)
Mean z1*z2: 0.1313
Intercept: 0.0165 (0.0073)

Genetic Correlation
-------------------
Genetic Correlation: 0.5031 (0.0486)
Z-score: 10.3531
P: 4.0505e-25

Printing covariance matrix of the estimates to .codex_work/public_inputs_20260903/ldsc_audit/logs/MDD_CLIN_PGC2025__ADHDMDD_CLIN_PGC2025.sumstats.gz_ADHD.sumstats.gz.hsq1.cov.
Printing covariance matrix of the estimates to .codex_work/public_inputs_20260903/ldsc_audit/logs/MDD_CLIN_PGC2025__ADHDMDD_CLIN_PGC2025.sumstats.gz_ADHD.sumstats.gz.hsq2.cov.
Printing covariance matrix of the estimates to .codex_work/public_inputs_20260903/ldsc_audit/logs/MDD_CLIN_PGC2025__ADHDMDD_CLIN_PGC2025.sumstats.gz_ADHD.sumstats.gz.gencov.cov.

Summary of Genetic Correlation Results
                                                                               p1                                                                    p2     rg     se       z          p  h2_obs  h2_obs_se  h2_int  h2_int_se  gcov_int  gcov_int_se
.codex_work/public_inputs_20260903/standardized/ldsc/MDD_CLIN_PGC2025.sumstats.gz .codex_work/public_inputs_20260903/standardized/ldsc/ADHD.sumstats.gz 0.5031 0.0486 10.3531 4.0505e-25  0.1656     0.0077  1.0291     0.0101    0.0165       0.0073

Analysis finished at Thu Sep  3 22:16:23 2026
Total time elapsed: 16.29s
