*********************************************************************
* LD Score Regression (LDSC)
* Version 1.0.1
* (C) 2014-2019 Brendan Bulik-Sullivan and Hilary Finucane
* Broad Institute of MIT and Harvard / MIT Department of Mathematics
* GNU General Public License v3
*********************************************************************
Call: 
./ldsc.py \
--out /Users/fandiesmas/Desktop/Molecular_Psychiatry/.codex_work/ldsc_recompute_20260904/ldsc_audit/logs/MDD_FINNGEN_R13__SCZ_PGC2022 \
--print-snps /Users/fandiesmas/Desktop/Molecular_Psychiatry/.codex_work/public_inputs_20260903/reference/extracted/eur_w_ld_chr/w_hm3.snplist \
--rg /Users/fandiesmas/Desktop/Molecular_Psychiatry/.codex_work/ldsc_recompute_20260904/standardized/ldsc/MDD_FINNGEN_R13.sumstats.gz,/Users/fandiesmas/Desktop/Molecular_Psychiatry/.codex_work/public_inputs_20260903/standardized/ldsc/SCZ_PGC2022.sumstats.gz \
--ref-ld-chr /Users/fandiesmas/Desktop/Molecular_Psychiatry/.codex_work/public_inputs_20260903/reference/extracted/eur_w_ld_chr/ \
--w-ld-chr /Users/fandiesmas/Desktop/Molecular_Psychiatry/.codex_work/public_inputs_20260903/reference/weights/weights.hm3_noMHC. \
--print-cov  

Beginning analysis at Fri Sep  4 09:26:47 2026
Reading summary statistics from /Users/fandiesmas/Desktop/Molecular_Psychiatry/.codex_work/ldsc_recompute_20260904/standardized/ldsc/MDD_FINNGEN_R13.sumstats.gz ...
Read summary statistics for 1159088 SNPs.
Reading reference panel LD Score from /Users/fandiesmas/Desktop/Molecular_Psychiatry/.codex_work/public_inputs_20260903/reference/extracted/eur_w_ld_chr/[1-22] ... (ldscore_fromlist)
Read reference panel LD Scores for 1290028 SNPs.
Removing partitioned LD Scores with zero variance.
Reading regression weight LD Score from /Users/fandiesmas/Desktop/Molecular_Psychiatry/.codex_work/public_inputs_20260903/reference/weights/weights.hm3_noMHC.[1-22] ... (ldscore_fromlist)
Read regression weight LD Scores for 1187349 SNPs.
After merging with reference panel LD, 1159088 SNPs remain.
After merging with regression SNP LD, 1147139 SNPs remain.
Computing rg for phenotype 2/2
Reading summary statistics from /Users/fandiesmas/Desktop/Molecular_Psychiatry/.codex_work/public_inputs_20260903/standardized/ldsc/SCZ_PGC2022.sumstats.gz ...
Read summary statistics for 1131521 SNPs.
After merging with summary statistics, 1101075 SNPs remain.
1101060 SNPs with valid alleles.

Heritability of phenotype 1
---------------------------
Total Observed scale h2: 0.0952 (0.0054)
Lambda GC: 1.4696
Mean Chi^2: 1.54
Intercept: 1.1246 (0.0121)
Ratio: 0.2307 (0.0224)

Heritability of phenotype 2/2
-----------------------------
Total Observed scale h2: 0.8034 (0.0312)
Lambda GC: 1.7764
Mean Chi^2: 2.0594
Intercept: 1.0787 (0.0161)
Ratio: 0.0743 (0.0152)

Genetic Covariance
------------------
Total Observed scale gencov: 0.1179 (0.0078)
Mean z1*z2: 0.2755
Intercept: 0.0102 (0.0079)

Genetic Correlation
-------------------
Genetic Correlation: 0.4264 (0.0221)
Z-score: 19.2616
P: 1.1273e-82

Printing covariance matrix of the estimates to /Users/fandiesmas/Desktop/Molecular_Psychiatry/.codex_work/ldsc_recompute_20260904/ldsc_audit/logs/MDD_FINNGEN_R13__SCZ_PGC2022MDD_FINNGEN_R13.sumstats.gz_SCZ_PGC2022.sumstats.gz.hsq1.cov.
Printing covariance matrix of the estimates to /Users/fandiesmas/Desktop/Molecular_Psychiatry/.codex_work/ldsc_recompute_20260904/ldsc_audit/logs/MDD_FINNGEN_R13__SCZ_PGC2022MDD_FINNGEN_R13.sumstats.gz_SCZ_PGC2022.sumstats.gz.hsq2.cov.
Printing covariance matrix of the estimates to /Users/fandiesmas/Desktop/Molecular_Psychiatry/.codex_work/ldsc_recompute_20260904/ldsc_audit/logs/MDD_FINNGEN_R13__SCZ_PGC2022MDD_FINNGEN_R13.sumstats.gz_SCZ_PGC2022.sumstats.gz.gencov.cov.

Summary of Genetic Correlation Results
                                                                                                                              p1                                                                                                                          p2     rg     se       z          p  h2_obs  h2_obs_se  h2_int  h2_int_se  gcov_int  gcov_int_se
/Users/fandiesmas/Desktop/Molecular_Psychiatry/.codex_work/ldsc_recompute_20260904/standardized/ldsc/MDD_FINNGEN_R13.sumstats.gz /Users/fandiesmas/Desktop/Molecular_Psychiatry/.codex_work/public_inputs_20260903/standardized/ldsc/SCZ_PGC2022.sumstats.gz 0.4264 0.0221 19.2616 1.1273e-82  0.8034     0.0312  1.0787     0.0161    0.0102       0.0079

Analysis finished at Fri Sep  4 09:26:52 2026
Total time elapsed: 4.99s
