*********************************************************************
* LD Score Regression (LDSC)
* Version 1.0.1
* (C) 2014-2019 Brendan Bulik-Sullivan and Hilary Finucane
* Broad Institute of MIT and Harvard / MIT Department of Mathematics
* GNU General Public License v3
*********************************************************************
Call: 
./ldsc.py \
--out /Users/fandiesmas/Desktop/Molecular_Psychiatry/.codex_work/ldsc_recompute_20260904/ldsc_audit/logs/MDD_FINNGEN_R13__OCD_2025 \
--print-snps /Users/fandiesmas/Desktop/Molecular_Psychiatry/.codex_work/public_inputs_20260903/reference/extracted/eur_w_ld_chr/w_hm3.snplist \
--rg /Users/fandiesmas/Desktop/Molecular_Psychiatry/.codex_work/ldsc_recompute_20260904/standardized/ldsc/MDD_FINNGEN_R13.sumstats.gz,/Users/fandiesmas/Desktop/Molecular_Psychiatry/.codex_work/public_inputs_20260903/standardized/ldsc/OCD_2025.sumstats.gz \
--ref-ld-chr /Users/fandiesmas/Desktop/Molecular_Psychiatry/.codex_work/public_inputs_20260903/reference/extracted/eur_w_ld_chr/ \
--w-ld-chr /Users/fandiesmas/Desktop/Molecular_Psychiatry/.codex_work/public_inputs_20260903/reference/weights/weights.hm3_noMHC. \
--print-cov  

Beginning analysis at Fri Sep  4 09:26:47 2026
Reading summary statistics from /Users/fandiesmas/Desktop/Molecular_Psychiatry/.codex_work/ldsc_recompute_20260904/standardized/ldsc/MDD_FINNGEN_R13.sumstats.gz ...
Read summary statistics for 1159088 SNPs.
Reading reference panel LD Score from /Users/fandiesmas/Desktop/Molecular_Psychiatry/.codex_work/public_inputs_20260903/reference/extracted/eur_w_ld_chr/[1-22] ... (ldscore_fromlist)
Read reference panel LD Scores for 1290028 SNPs.
Removing partitioned LD Scores with zero variance.
Reading regression weight LD Score from /Users/fandiesmas/Desktop/Molecular_Psychiatry/.codex_work/public_inputs_20260903/reference/weights/weights.hm3_noMHC.[1-22] ... (ldscore_fromlist)
Read regression weight LD Scores for 1187349 SNPs.
After merging with reference panel LD, 1159088 SNPs remain.
After merging with regression SNP LD, 1147139 SNPs remain.
Computing rg for phenotype 2/2
Reading summary statistics from /Users/fandiesmas/Desktop/Molecular_Psychiatry/.codex_work/public_inputs_20260903/standardized/ldsc/OCD_2025.sumstats.gz ...
Read summary statistics for 1141452 SNPs.
After merging with summary statistics, 1111051 SNPs remain.
1111036 SNPs with valid alleles.

Heritability of phenotype 1
---------------------------
Total Observed scale h2: 0.0956 (0.0052)
Lambda GC: 1.4674
Mean Chi^2: 1.5372
Intercept: 1.1233 (0.0118)
Ratio: 0.2295 (0.0219)

Heritability of phenotype 2/2
-----------------------------
Total Observed scale h2: 0.3144 (0.0202)
Lambda GC: 1.2182
Mean Chi^2: 1.2315
Intercept: 1.0243 (0.0069)
Ratio: 0.1049 (0.0299)

Genetic Covariance
------------------
Total Observed scale gencov: 0.0902 (0.0062)
Mean z1*z2: 0.1755
Intercept: 0.0269 (0.0062)

Genetic Correlation
-------------------
Genetic Correlation: 0.5202 (0.0335)
Z-score: 15.5107
P: 2.9358e-54

Printing covariance matrix of the estimates to /Users/fandiesmas/Desktop/Molecular_Psychiatry/.codex_work/ldsc_recompute_20260904/ldsc_audit/logs/MDD_FINNGEN_R13__OCD_2025MDD_FINNGEN_R13.sumstats.gz_OCD_2025.sumstats.gz.hsq1.cov.
Printing covariance matrix of the estimates to /Users/fandiesmas/Desktop/Molecular_Psychiatry/.codex_work/ldsc_recompute_20260904/ldsc_audit/logs/MDD_FINNGEN_R13__OCD_2025MDD_FINNGEN_R13.sumstats.gz_OCD_2025.sumstats.gz.hsq2.cov.
Printing covariance matrix of the estimates to /Users/fandiesmas/Desktop/Molecular_Psychiatry/.codex_work/ldsc_recompute_20260904/ldsc_audit/logs/MDD_FINNGEN_R13__OCD_2025MDD_FINNGEN_R13.sumstats.gz_OCD_2025.sumstats.gz.gencov.cov.

Summary of Genetic Correlation Results
                                                                                                                              p1                                                                                                                       p2     rg     se       z          p  h2_obs  h2_obs_se  h2_int  h2_int_se  gcov_int  gcov_int_se
/Users/fandiesmas/Desktop/Molecular_Psychiatry/.codex_work/ldsc_recompute_20260904/standardized/ldsc/MDD_FINNGEN_R13.sumstats.gz /Users/fandiesmas/Desktop/Molecular_Psychiatry/.codex_work/public_inputs_20260903/standardized/ldsc/OCD_2025.sumstats.gz 0.5202 0.0335 15.5107 2.9358e-54  0.3144     0.0202  1.0243     0.0069    0.0269       0.0062

Analysis finished at Fri Sep  4 09:26:52 2026
Total time elapsed: 5.09s
