*********************************************************************
* LD Score Regression (LDSC)
* Version 1.0.1
* (C) 2014-2019 Brendan Bulik-Sullivan and Hilary Finucane
* Broad Institute of MIT and Harvard / MIT Department of Mathematics
* GNU General Public License v3
*********************************************************************
Call: 
./ldsc.py \
--out .codex_work/public_inputs_20260903/ldsc_audit/logs/MDD_QUEST_PGC2025__ADHD \
--print-snps .codex_work/public_inputs_20260903/reference/extracted/eur_w_ld_chr/w_hm3.snplist \
--rg .codex_work/public_inputs_20260903/standardized/ldsc/MDD_QUEST_PGC2025.sumstats.gz,.codex_work/public_inputs_20260903/standardized/ldsc/ADHD.sumstats.gz \
--ref-ld-chr .codex_work/public_inputs_20260903/reference/extracted/eur_w_ld_chr/ \
--w-ld-chr .codex_work/public_inputs_20260903/reference/weights/weights.hm3_noMHC. \
--print-cov  

Beginning analysis at Thu Sep  3 22:17:33 2026
Reading summary statistics from .codex_work/public_inputs_20260903/standardized/ldsc/MDD_QUEST_PGC2025.sumstats.gz ...
Read summary statistics for 1169742 SNPs.
Reading reference panel LD Score from .codex_work/public_inputs_20260903/reference/extracted/eur_w_ld_chr/[1-22] ... (ldscore_fromlist)
Read reference panel LD Scores for 1290028 SNPs.
Removing partitioned LD Scores with zero variance.
Reading regression weight LD Score from .codex_work/public_inputs_20260903/reference/weights/weights.hm3_noMHC.[1-22] ... (ldscore_fromlist)
Read regression weight LD Scores for 1187349 SNPs.
After merging with reference panel LD, 1169742 SNPs remain.
After merging with regression SNP LD, 1159708 SNPs remain.
Computing rg for phenotype 2/2
Reading summary statistics from .codex_work/public_inputs_20260903/standardized/ldsc/ADHD.sumstats.gz ...
Read summary statistics for 1129139 SNPs.
After merging with summary statistics, 1115673 SNPs remain.
1115673 SNPs with valid alleles.

Heritability of phenotype 1
---------------------------
Total Observed scale h2: 0.0692 (0.0039)
Lambda GC: 1.2769
Mean Chi^2: 1.3294
Intercept: 1.0215 (0.0094)
Ratio: 0.0654 (0.0286)

Heritability of phenotype 2/2
-----------------------------
Total Observed scale h2: 0.1669 (0.008)
Lambda GC: 1.357
Mean Chi^2: 1.4498
Intercept: 1.0254 (0.0098)
Ratio: 0.0564 (0.0217)

Genetic Covariance
------------------
Total Observed scale gencov: 0.0505 (0.0035)
Mean z1*z2: 0.1832
Intercept: 0.0102 (0.0064)

Genetic Correlation
-------------------
Genetic Correlation: 0.4702 (0.0271)
Z-score: 17.3446
P: 2.1687e-67

Printing covariance matrix of the estimates to .codex_work/public_inputs_20260903/ldsc_audit/logs/MDD_QUEST_PGC2025__ADHDMDD_QUEST_PGC2025.sumstats.gz_ADHD.sumstats.gz.hsq1.cov.
Printing covariance matrix of the estimates to .codex_work/public_inputs_20260903/ldsc_audit/logs/MDD_QUEST_PGC2025__ADHDMDD_QUEST_PGC2025.sumstats.gz_ADHD.sumstats.gz.hsq2.cov.
Printing covariance matrix of the estimates to .codex_work/public_inputs_20260903/ldsc_audit/logs/MDD_QUEST_PGC2025__ADHDMDD_QUEST_PGC2025.sumstats.gz_ADHD.sumstats.gz.gencov.cov.

Summary of Genetic Correlation Results
                                                                                p1                                                                    p2     rg     se       z          p  h2_obs  h2_obs_se  h2_int  h2_int_se  gcov_int  gcov_int_se
.codex_work/public_inputs_20260903/standardized/ldsc/MDD_QUEST_PGC2025.sumstats.gz .codex_work/public_inputs_20260903/standardized/ldsc/ADHD.sumstats.gz 0.4702 0.0271 17.3446 2.1687e-67  0.1669      0.008  1.0254     0.0098    0.0102       0.0064

Analysis finished at Thu Sep  3 22:17:48 2026
Total time elapsed: 15.22s
