*********************************************************************
* LD Score Regression (LDSC)
* Version 1.0.1
* (C) 2014-2019 Brendan Bulik-Sullivan and Hilary Finucane
* Broad Institute of MIT and Harvard / MIT Department of Mathematics
* GNU General Public License v3
*********************************************************************
Call: 
./ldsc.py \
--out .codex_work/public_inputs_20260903/ldsc_audit/logs/MDD_EHR_PGC2025__MDD_QUEST_PGC2025 \
--print-snps .codex_work/public_inputs_20260903/reference/extracted/eur_w_ld_chr/w_hm3.snplist \
--rg .codex_work/public_inputs_20260903/standardized/ldsc/MDD_EHR_PGC2025.sumstats.gz,.codex_work/public_inputs_20260903/standardized/ldsc/MDD_QUEST_PGC2025.sumstats.gz \
--ref-ld-chr .codex_work/public_inputs_20260903/reference/extracted/eur_w_ld_chr/ \
--w-ld-chr .codex_work/public_inputs_20260903/reference/weights/weights.hm3_noMHC. \
--print-cov  

Beginning analysis at Thu Sep  3 22:19:29 2026
Reading summary statistics from .codex_work/public_inputs_20260903/standardized/ldsc/MDD_EHR_PGC2025.sumstats.gz ...
Read summary statistics for 1077617 SNPs.
Reading reference panel LD Score from .codex_work/public_inputs_20260903/reference/extracted/eur_w_ld_chr/[1-22] ... (ldscore_fromlist)
Read reference panel LD Scores for 1290028 SNPs.
Removing partitioned LD Scores with zero variance.
Reading regression weight LD Score from .codex_work/public_inputs_20260903/reference/weights/weights.hm3_noMHC.[1-22] ... (ldscore_fromlist)
Read regression weight LD Scores for 1187349 SNPs.
After merging with reference panel LD, 1077617 SNPs remain.
After merging with regression SNP LD, 1075169 SNPs remain.
Computing rg for phenotype 2/2
Reading summary statistics from .codex_work/public_inputs_20260903/standardized/ldsc/MDD_QUEST_PGC2025.sumstats.gz ...
Read summary statistics for 1169742 SNPs.
After merging with summary statistics, 1072850 SNPs remain.
1072850 SNPs with valid alleles.

Heritability of phenotype 1
---------------------------
Total Observed scale h2: 0.0486 (0.0018)
Lambda GC: 1.636
Mean Chi^2: 1.8344
Intercept: 1.0316 (0.0127)
Ratio: 0.0379 (0.0152)

Heritability of phenotype 2/2
-----------------------------
Total Observed scale h2: 0.069 (0.004)
Lambda GC: 1.2751
Mean Chi^2: 1.3229
Intercept: 1.021 (0.0097)
Ratio: 0.0652 (0.0299)

Genetic Covariance
------------------
Total Observed scale gencov: 0.0509 (0.0022)
Mean z1*z2: 0.4597
Intercept: 0.0238 (0.008)

Genetic Correlation
-------------------
Genetic Correlation: 0.8794 (0.0218)
Z-score: 40.248
P: 0.

Printing covariance matrix of the estimates to .codex_work/public_inputs_20260903/ldsc_audit/logs/MDD_EHR_PGC2025__MDD_QUEST_PGC2025MDD_EHR_PGC2025.sumstats.gz_MDD_QUEST_PGC2025.sumstats.gz.hsq1.cov.
Printing covariance matrix of the estimates to .codex_work/public_inputs_20260903/ldsc_audit/logs/MDD_EHR_PGC2025__MDD_QUEST_PGC2025MDD_EHR_PGC2025.sumstats.gz_MDD_QUEST_PGC2025.sumstats.gz.hsq2.cov.
Printing covariance matrix of the estimates to .codex_work/public_inputs_20260903/ldsc_audit/logs/MDD_EHR_PGC2025__MDD_QUEST_PGC2025MDD_EHR_PGC2025.sumstats.gz_MDD_QUEST_PGC2025.sumstats.gz.gencov.cov.

Summary of Genetic Correlation Results
                                                                              p1                                                                                 p2     rg     se      z   p  h2_obs  h2_obs_se  h2_int  h2_int_se  gcov_int  gcov_int_se
.codex_work/public_inputs_20260903/standardized/ldsc/MDD_EHR_PGC2025.sumstats.gz .codex_work/public_inputs_20260903/standardized/ldsc/MDD_QUEST_PGC2025.sumstats.gz 0.8794 0.0218 40.248 0.0   0.069      0.004   1.021     0.0097    0.0238        0.008

Analysis finished at Thu Sep  3 22:19:38 2026
Total time elapsed: 8.84s
