*********************************************************************
* LD Score Regression (LDSC)
* Version 1.0.1
* (C) 2014-2019 Brendan Bulik-Sullivan and Hilary Finucane
* Broad Institute of MIT and Harvard / MIT Department of Mathematics
* GNU General Public License v3
*********************************************************************
Call: 
./ldsc.py \
--out .codex_work/public_inputs_20260903/ldsc_audit/logs/MDD_EHR_PGC2025__SCZ_PGC2022 \
--print-snps .codex_work/public_inputs_20260903/reference/extracted/eur_w_ld_chr/w_hm3.snplist \
--rg .codex_work/public_inputs_20260903/standardized/ldsc/MDD_EHR_PGC2025.sumstats.gz,.codex_work/public_inputs_20260903/standardized/ldsc/SCZ_PGC2022.sumstats.gz \
--ref-ld-chr .codex_work/public_inputs_20260903/reference/extracted/eur_w_ld_chr/ \
--w-ld-chr .codex_work/public_inputs_20260903/reference/weights/weights.hm3_noMHC. \
--print-cov  

Beginning analysis at Thu Sep  3 22:17:16 2026
Reading summary statistics from .codex_work/public_inputs_20260903/standardized/ldsc/MDD_EHR_PGC2025.sumstats.gz ...
Read summary statistics for 1077617 SNPs.
Reading reference panel LD Score from .codex_work/public_inputs_20260903/reference/extracted/eur_w_ld_chr/[1-22] ... (ldscore_fromlist)
Read reference panel LD Scores for 1290028 SNPs.
Removing partitioned LD Scores with zero variance.
Reading regression weight LD Score from .codex_work/public_inputs_20260903/reference/weights/weights.hm3_noMHC.[1-22] ... (ldscore_fromlist)
Read regression weight LD Scores for 1187349 SNPs.
After merging with reference panel LD, 1077617 SNPs remain.
After merging with regression SNP LD, 1075169 SNPs remain.
Computing rg for phenotype 2/2
Reading summary statistics from .codex_work/public_inputs_20260903/standardized/ldsc/SCZ_PGC2022.sumstats.gz ...
Read summary statistics for 1131521 SNPs.
After merging with summary statistics, 1047329 SNPs remain.
1047329 SNPs with valid alleles.

Heritability of phenotype 1
---------------------------
Total Observed scale h2: 0.0491 (0.0016)
Lambda GC: 1.6491
Mean Chi^2: 1.8478
Intercept: 1.0242 (0.0132)
Ratio: 0.0286 (0.0155)

Heritability of phenotype 2/2
-----------------------------
Total Observed scale h2: 0.799 (0.0311)
Lambda GC: 1.7699
Mean Chi^2: 2.0508
Intercept: 1.0804 (0.0159)
Ratio: 0.0766 (0.0151)

Genetic Covariance
------------------
Total Observed scale gencov: 0.0732 (0.0047)
Mean z1*z2: 0.3604
Intercept: 0.0381 (0.0088)

Genetic Correlation
-------------------
Genetic Correlation: 0.3694 (0.0195)
Z-score: 18.8958
P: 1.2343e-79

Printing covariance matrix of the estimates to .codex_work/public_inputs_20260903/ldsc_audit/logs/MDD_EHR_PGC2025__SCZ_PGC2022MDD_EHR_PGC2025.sumstats.gz_SCZ_PGC2022.sumstats.gz.hsq1.cov.
Printing covariance matrix of the estimates to .codex_work/public_inputs_20260903/ldsc_audit/logs/MDD_EHR_PGC2025__SCZ_PGC2022MDD_EHR_PGC2025.sumstats.gz_SCZ_PGC2022.sumstats.gz.hsq2.cov.
Printing covariance matrix of the estimates to .codex_work/public_inputs_20260903/ldsc_audit/logs/MDD_EHR_PGC2025__SCZ_PGC2022MDD_EHR_PGC2025.sumstats.gz_SCZ_PGC2022.sumstats.gz.gencov.cov.

Summary of Genetic Correlation Results
                                                                              p1                                                                           p2     rg     se       z          p  h2_obs  h2_obs_se  h2_int  h2_int_se  gcov_int  gcov_int_se
.codex_work/public_inputs_20260903/standardized/ldsc/MDD_EHR_PGC2025.sumstats.gz .codex_work/public_inputs_20260903/standardized/ldsc/SCZ_PGC2022.sumstats.gz 0.3694 0.0195 18.8958 1.2343e-79   0.799     0.0311  1.0804     0.0159    0.0381       0.0088

Analysis finished at Thu Sep  3 22:17:31 2026
Total time elapsed: 14.88s
