*********************************************************************
* LD Score Regression (LDSC)
* Version 1.0.1
* (C) 2014-2019 Brendan Bulik-Sullivan and Hilary Finucane
* Broad Institute of MIT and Harvard / MIT Department of Mathematics
* GNU General Public License v3
*********************************************************************
Call: 
./ldsc.py \
--out .codex_work/public_inputs_20260903/ldsc_audit/logs/MDD_CLIN_PGC2025__MDD_QUEST_PGC2025 \
--print-snps .codex_work/public_inputs_20260903/reference/extracted/eur_w_ld_chr/w_hm3.snplist \
--rg .codex_work/public_inputs_20260903/standardized/ldsc/MDD_CLIN_PGC2025.sumstats.gz,.codex_work/public_inputs_20260903/standardized/ldsc/MDD_QUEST_PGC2025.sumstats.gz \
--ref-ld-chr .codex_work/public_inputs_20260903/reference/extracted/eur_w_ld_chr/ \
--w-ld-chr .codex_work/public_inputs_20260903/reference/weights/weights.hm3_noMHC. \
--print-cov  

Beginning analysis at Thu Sep  3 22:19:29 2026
Reading summary statistics from .codex_work/public_inputs_20260903/standardized/ldsc/MDD_CLIN_PGC2025.sumstats.gz ...
Read summary statistics for 1114009 SNPs.
Reading reference panel LD Score from .codex_work/public_inputs_20260903/reference/extracted/eur_w_ld_chr/[1-22] ... (ldscore_fromlist)
Read reference panel LD Scores for 1290028 SNPs.
Removing partitioned LD Scores with zero variance.
Reading regression weight LD Score from .codex_work/public_inputs_20260903/reference/weights/weights.hm3_noMHC.[1-22] ... (ldscore_fromlist)
Read regression weight LD Scores for 1187349 SNPs.
After merging with reference panel LD, 1114009 SNPs remain.
After merging with regression SNP LD, 1103283 SNPs remain.
Computing rg for phenotype 2/2
Reading summary statistics from .codex_work/public_inputs_20260903/standardized/ldsc/MDD_QUEST_PGC2025.sumstats.gz ...
Read summary statistics for 1169742 SNPs.
After merging with summary statistics, 1099881 SNPs remain.
1099881 SNPs with valid alleles.

Heritability of phenotype 1
---------------------------
Total Observed scale h2: 0.0952 (0.0098)
Lambda GC: 1.1326
Mean Chi^2: 1.1358
Intercept: 1.0128 (0.0075)
Ratio: 0.0944 (0.055)

Heritability of phenotype 2/2
-----------------------------
Total Observed scale h2: 0.0693 (0.0042)
Lambda GC: 1.2816
Mean Chi^2: 1.3329
Intercept: 1.0211 (0.0105)
Ratio: 0.0635 (0.0315)

Genetic Covariance
------------------
Total Observed scale gencov: 0.0704 (0.0046)
Mean z1*z2: 0.176
Intercept: 0.0082 (0.0066)

Genetic Correlation
-------------------
Genetic Correlation: 0.8663 (0.0514)
Z-score: 16.8676
P: 7.7935e-64

Printing covariance matrix of the estimates to .codex_work/public_inputs_20260903/ldsc_audit/logs/MDD_CLIN_PGC2025__MDD_QUEST_PGC2025MDD_CLIN_PGC2025.sumstats.gz_MDD_QUEST_PGC2025.sumstats.gz.hsq1.cov.
Printing covariance matrix of the estimates to .codex_work/public_inputs_20260903/ldsc_audit/logs/MDD_CLIN_PGC2025__MDD_QUEST_PGC2025MDD_CLIN_PGC2025.sumstats.gz_MDD_QUEST_PGC2025.sumstats.gz.hsq2.cov.
Printing covariance matrix of the estimates to .codex_work/public_inputs_20260903/ldsc_audit/logs/MDD_CLIN_PGC2025__MDD_QUEST_PGC2025MDD_CLIN_PGC2025.sumstats.gz_MDD_QUEST_PGC2025.sumstats.gz.gencov.cov.

Summary of Genetic Correlation Results
                                                                               p1                                                                                 p2     rg     se       z          p  h2_obs  h2_obs_se  h2_int  h2_int_se  gcov_int  gcov_int_se
.codex_work/public_inputs_20260903/standardized/ldsc/MDD_CLIN_PGC2025.sumstats.gz .codex_work/public_inputs_20260903/standardized/ldsc/MDD_QUEST_PGC2025.sumstats.gz 0.8663 0.0514 16.8676 7.7935e-64  0.0693     0.0042  1.0211     0.0105    0.0082       0.0066

Analysis finished at Thu Sep  3 22:19:38 2026
Total time elapsed: 8.73s
