*********************************************************************
* LD Score Regression (LDSC)
* Version 1.0.1
* (C) 2014-2019 Brendan Bulik-Sullivan and Hilary Finucane
* Broad Institute of MIT and Harvard / MIT Department of Mathematics
* GNU General Public License v3
*********************************************************************
Call: 
./ldsc.py \
--out .codex_work/public_inputs_20260903/ldsc_audit/logs/MDD_EHR_PGC2025__OCD_2025 \
--print-snps .codex_work/public_inputs_20260903/reference/extracted/eur_w_ld_chr/w_hm3.snplist \
--rg .codex_work/public_inputs_20260903/standardized/ldsc/MDD_EHR_PGC2025.sumstats.gz,.codex_work/public_inputs_20260903/standardized/ldsc/OCD_2025.sumstats.gz \
--ref-ld-chr .codex_work/public_inputs_20260903/reference/extracted/eur_w_ld_chr/ \
--w-ld-chr .codex_work/public_inputs_20260903/reference/weights/weights.hm3_noMHC. \
--print-cov  

Beginning analysis at Thu Sep  3 22:17:15 2026
Reading summary statistics from .codex_work/public_inputs_20260903/standardized/ldsc/MDD_EHR_PGC2025.sumstats.gz ...
Read summary statistics for 1077617 SNPs.
Reading reference panel LD Score from .codex_work/public_inputs_20260903/reference/extracted/eur_w_ld_chr/[1-22] ... (ldscore_fromlist)
Read reference panel LD Scores for 1290028 SNPs.
Removing partitioned LD Scores with zero variance.
Reading regression weight LD Score from .codex_work/public_inputs_20260903/reference/weights/weights.hm3_noMHC.[1-22] ... (ldscore_fromlist)
Read regression weight LD Scores for 1187349 SNPs.
After merging with reference panel LD, 1077617 SNPs remain.
After merging with regression SNP LD, 1075169 SNPs remain.
Computing rg for phenotype 2/2
Reading summary statistics from .codex_work/public_inputs_20260903/standardized/ldsc/OCD_2025.sumstats.gz ...
Read summary statistics for 1141452 SNPs.
After merging with summary statistics, 1055457 SNPs remain.
1055457 SNPs with valid alleles.

Heritability of phenotype 1
---------------------------
Total Observed scale h2: 0.0487 (0.0016)
Lambda GC: 1.642
Mean Chi^2: 1.8437
Intercept: 1.0311 (0.0127)
Ratio: 0.0369 (0.0151)

Heritability of phenotype 2/2
-----------------------------
Total Observed scale h2: 0.312 (0.02)
Lambda GC: 1.2163
Mean Chi^2: 1.2297
Intercept: 1.0235 (0.0073)
Ratio: 0.1022 (0.0317)

Genetic Covariance
------------------
Total Observed scale gencov: 0.0645 (0.0038)
Mean z1*z2: 0.3022
Intercept: 0.0926 (0.0064)

Genetic Correlation
-------------------
Genetic Correlation: 0.5237 (0.0281)
Z-score: 18.6684
P: 8.9504e-78

Printing covariance matrix of the estimates to .codex_work/public_inputs_20260903/ldsc_audit/logs/MDD_EHR_PGC2025__OCD_2025MDD_EHR_PGC2025.sumstats.gz_OCD_2025.sumstats.gz.hsq1.cov.
Printing covariance matrix of the estimates to .codex_work/public_inputs_20260903/ldsc_audit/logs/MDD_EHR_PGC2025__OCD_2025MDD_EHR_PGC2025.sumstats.gz_OCD_2025.sumstats.gz.hsq2.cov.
Printing covariance matrix of the estimates to .codex_work/public_inputs_20260903/ldsc_audit/logs/MDD_EHR_PGC2025__OCD_2025MDD_EHR_PGC2025.sumstats.gz_OCD_2025.sumstats.gz.gencov.cov.

Summary of Genetic Correlation Results
                                                                              p1                                                                        p2     rg     se       z          p  h2_obs  h2_obs_se  h2_int  h2_int_se  gcov_int  gcov_int_se
.codex_work/public_inputs_20260903/standardized/ldsc/MDD_EHR_PGC2025.sumstats.gz .codex_work/public_inputs_20260903/standardized/ldsc/OCD_2025.sumstats.gz 0.5237 0.0281 18.6684 8.9504e-78   0.312       0.02  1.0235     0.0073    0.0926       0.0064

Analysis finished at Thu Sep  3 22:17:30 2026
Total time elapsed: 15.06s
