*********************************************************************
* LD Score Regression (LDSC)
* Version 1.0.1
* (C) 2014-2019 Brendan Bulik-Sullivan and Hilary Finucane
* Broad Institute of MIT and Harvard / MIT Department of Mathematics
* GNU General Public License v3
*********************************************************************
Call: 
./ldsc.py \
--out .codex_work/public_inputs_20260903/ldsc_audit/logs/MDD_CLIN_PGC2025__MDD_EHR_PGC2025 \
--print-snps .codex_work/public_inputs_20260903/reference/extracted/eur_w_ld_chr/w_hm3.snplist \
--rg .codex_work/public_inputs_20260903/standardized/ldsc/MDD_CLIN_PGC2025.sumstats.gz,.codex_work/public_inputs_20260903/standardized/ldsc/MDD_EHR_PGC2025.sumstats.gz \
--ref-ld-chr .codex_work/public_inputs_20260903/reference/extracted/eur_w_ld_chr/ \
--w-ld-chr .codex_work/public_inputs_20260903/reference/weights/weights.hm3_noMHC. \
--print-cov  

Beginning analysis at Thu Sep  3 22:19:19 2026
Reading summary statistics from .codex_work/public_inputs_20260903/standardized/ldsc/MDD_CLIN_PGC2025.sumstats.gz ...
Read summary statistics for 1114009 SNPs.
Reading reference panel LD Score from .codex_work/public_inputs_20260903/reference/extracted/eur_w_ld_chr/[1-22] ... (ldscore_fromlist)
Read reference panel LD Scores for 1290028 SNPs.
Removing partitioned LD Scores with zero variance.
Reading regression weight LD Score from .codex_work/public_inputs_20260903/reference/weights/weights.hm3_noMHC.[1-22] ... (ldscore_fromlist)
Read regression weight LD Scores for 1187349 SNPs.
After merging with reference panel LD, 1114009 SNPs remain.
After merging with regression SNP LD, 1103283 SNPs remain.
Computing rg for phenotype 2/2
Reading summary statistics from .codex_work/public_inputs_20260903/standardized/ldsc/MDD_EHR_PGC2025.sumstats.gz ...
Read summary statistics for 1077617 SNPs.
After merging with summary statistics, 1035240 SNPs remain.
1035240 SNPs with valid alleles.

Heritability of phenotype 1
---------------------------
Total Observed scale h2: 0.0947 (0.0103)
Lambda GC: 1.1325
Mean Chi^2: 1.1358
Intercept: 1.0137 (0.0078)
Ratio: 0.1012 (0.0577)

Heritability of phenotype 2/2
-----------------------------
Total Observed scale h2: 0.0493 (0.0016)
Lambda GC: 1.6532
Mean Chi^2: 1.8542
Intercept: 1.0221 (0.014)
Ratio: 0.0258 (0.0163)

Genetic Covariance
------------------
Total Observed scale gencov: 0.0587 (0.0033)
Mean z1*z2: 0.2919
Intercept: 0.0154 (0.0081)

Genetic Correlation
-------------------
Genetic Correlation: 0.8594 (0.0456)
Z-score: 18.8405
P: 3.5164e-79

Printing covariance matrix of the estimates to .codex_work/public_inputs_20260903/ldsc_audit/logs/MDD_CLIN_PGC2025__MDD_EHR_PGC2025MDD_CLIN_PGC2025.sumstats.gz_MDD_EHR_PGC2025.sumstats.gz.hsq1.cov.
Printing covariance matrix of the estimates to .codex_work/public_inputs_20260903/ldsc_audit/logs/MDD_CLIN_PGC2025__MDD_EHR_PGC2025MDD_CLIN_PGC2025.sumstats.gz_MDD_EHR_PGC2025.sumstats.gz.hsq2.cov.
Printing covariance matrix of the estimates to .codex_work/public_inputs_20260903/ldsc_audit/logs/MDD_CLIN_PGC2025__MDD_EHR_PGC2025MDD_CLIN_PGC2025.sumstats.gz_MDD_EHR_PGC2025.sumstats.gz.gencov.cov.

Summary of Genetic Correlation Results
                                                                               p1                                                                               p2     rg     se       z          p  h2_obs  h2_obs_se  h2_int  h2_int_se  gcov_int  gcov_int_se
.codex_work/public_inputs_20260903/standardized/ldsc/MDD_CLIN_PGC2025.sumstats.gz .codex_work/public_inputs_20260903/standardized/ldsc/MDD_EHR_PGC2025.sumstats.gz 0.8594 0.0456 18.8405 3.5164e-79  0.0493     0.0016  1.0221      0.014    0.0154       0.0081

Analysis finished at Thu Sep  3 22:19:28 2026
Total time elapsed: 9.22s
