*********************************************************************
* LD Score Regression (LDSC)
* Version 1.0.1
* (C) 2014-2019 Brendan Bulik-Sullivan and Hilary Finucane
* Broad Institute of MIT and Harvard / MIT Department of Mathematics
* GNU General Public License v3
*********************************************************************
Call: 
./ldsc.py \
--out .codex_work/public_inputs_20260903/ldsc_audit/logs/MDD_QUEST_PGC2025__CUD_2023_EUR \
--print-snps .codex_work/public_inputs_20260903/reference/extracted/eur_w_ld_chr/w_hm3.snplist \
--rg .codex_work/public_inputs_20260903/standardized/ldsc/MDD_QUEST_PGC2025.sumstats.gz,.codex_work/public_inputs_20260903/standardized/ldsc/CUD_2023_EUR.sumstats.gz \
--ref-ld-chr .codex_work/public_inputs_20260903/reference/extracted/eur_w_ld_chr/ \
--w-ld-chr .codex_work/public_inputs_20260903/reference/weights/weights.hm3_noMHC. \
--print-cov  

Beginning analysis at Thu Sep  3 22:17:50 2026
Reading summary statistics from .codex_work/public_inputs_20260903/standardized/ldsc/MDD_QUEST_PGC2025.sumstats.gz ...
Read summary statistics for 1169742 SNPs.
Reading reference panel LD Score from .codex_work/public_inputs_20260903/reference/extracted/eur_w_ld_chr/[1-22] ... (ldscore_fromlist)
Read reference panel LD Scores for 1290028 SNPs.
Removing partitioned LD Scores with zero variance.
Reading regression weight LD Score from .codex_work/public_inputs_20260903/reference/weights/weights.hm3_noMHC.[1-22] ... (ldscore_fromlist)
Read regression weight LD Scores for 1187349 SNPs.
After merging with reference panel LD, 1169742 SNPs remain.
After merging with regression SNP LD, 1159708 SNPs remain.
Computing rg for phenotype 2/2
Reading summary statistics from .codex_work/public_inputs_20260903/standardized/ldsc/CUD_2023_EUR.sumstats.gz ...
Read summary statistics for 1185253 SNPs.
After merging with summary statistics, 1159271 SNPs remain.
1159271 SNPs with valid alleles.

Heritability of phenotype 1
---------------------------
Total Observed scale h2: 0.0705 (0.0037)
Lambda GC: 1.2692
Mean Chi^2: 1.3206
Intercept: 1.0155 (0.009)
Ratio: 0.0485 (0.028)

Heritability of phenotype 2/2
-----------------------------
Total Observed scale h2: 0.0875 (0.0047)
Lambda GC: 1.2301
Mean Chi^2: 1.278
Intercept: 0.9932 (0.0076)
Ratio < 0 (usually indicates GC correction).

Genetic Covariance
------------------
Total Observed scale gencov: 0.0278 (0.0027)
Mean z1*z2: 0.1067
Intercept: 0.0026 (0.0052)

Genetic Correlation
-------------------
Genetic Correlation: 0.3545 (0.0322)
Z-score: 11.0192
P: 3.0891e-28

Printing covariance matrix of the estimates to .codex_work/public_inputs_20260903/ldsc_audit/logs/MDD_QUEST_PGC2025__CUD_2023_EURMDD_QUEST_PGC2025.sumstats.gz_CUD_2023_EUR.sumstats.gz.hsq1.cov.
Printing covariance matrix of the estimates to .codex_work/public_inputs_20260903/ldsc_audit/logs/MDD_QUEST_PGC2025__CUD_2023_EURMDD_QUEST_PGC2025.sumstats.gz_CUD_2023_EUR.sumstats.gz.hsq2.cov.
Printing covariance matrix of the estimates to .codex_work/public_inputs_20260903/ldsc_audit/logs/MDD_QUEST_PGC2025__CUD_2023_EURMDD_QUEST_PGC2025.sumstats.gz_CUD_2023_EUR.sumstats.gz.gencov.cov.

Summary of Genetic Correlation Results
                                                                                p1                                                                            p2     rg     se       z          p  h2_obs  h2_obs_se  h2_int  h2_int_se  gcov_int  gcov_int_se
.codex_work/public_inputs_20260903/standardized/ldsc/MDD_QUEST_PGC2025.sumstats.gz .codex_work/public_inputs_20260903/standardized/ldsc/CUD_2023_EUR.sumstats.gz 0.3545 0.0322 11.0192 3.0891e-28  0.0875     0.0047  0.9932     0.0076    0.0026       0.0052

Analysis finished at Thu Sep  3 22:18:06 2026
Total time elapsed: 15.77s
