*********************************************************************
* LD Score Regression (LDSC)
* Version 1.0.1
* (C) 2014-2019 Brendan Bulik-Sullivan and Hilary Finucane
* Broad Institute of MIT and Harvard / MIT Department of Mathematics
* GNU General Public License v3
*********************************************************************
Call: 
./ldsc.py \
--out /Users/fandiesmas/Desktop/Molecular_Psychiatry/.codex_work/ldsc_recompute_20260904/ldsc_audit/logs/MDD_FINNGEN_R13__AN \
--print-snps /Users/fandiesmas/Desktop/Molecular_Psychiatry/.codex_work/public_inputs_20260903/reference/extracted/eur_w_ld_chr/w_hm3.snplist \
--rg /Users/fandiesmas/Desktop/Molecular_Psychiatry/.codex_work/ldsc_recompute_20260904/standardized/ldsc/MDD_FINNGEN_R13.sumstats.gz,/Users/fandiesmas/Desktop/Molecular_Psychiatry/.codex_work/public_inputs_20260903/standardized/ldsc/AN.sumstats.gz \
--ref-ld-chr /Users/fandiesmas/Desktop/Molecular_Psychiatry/.codex_work/public_inputs_20260903/reference/extracted/eur_w_ld_chr/ \
--w-ld-chr /Users/fandiesmas/Desktop/Molecular_Psychiatry/.codex_work/public_inputs_20260903/reference/weights/weights.hm3_noMHC. \
--print-cov  

Beginning analysis at Fri Sep  4 09:26:36 2026
Reading summary statistics from /Users/fandiesmas/Desktop/Molecular_Psychiatry/.codex_work/ldsc_recompute_20260904/standardized/ldsc/MDD_FINNGEN_R13.sumstats.gz ...
Read summary statistics for 1159088 SNPs.
Reading reference panel LD Score from /Users/fandiesmas/Desktop/Molecular_Psychiatry/.codex_work/public_inputs_20260903/reference/extracted/eur_w_ld_chr/[1-22] ... (ldscore_fromlist)
Read reference panel LD Scores for 1290028 SNPs.
Removing partitioned LD Scores with zero variance.
Reading regression weight LD Score from /Users/fandiesmas/Desktop/Molecular_Psychiatry/.codex_work/public_inputs_20260903/reference/weights/weights.hm3_noMHC.[1-22] ... (ldscore_fromlist)
Read regression weight LD Scores for 1187349 SNPs.
After merging with reference panel LD, 1159088 SNPs remain.
After merging with regression SNP LD, 1147139 SNPs remain.
Computing rg for phenotype 2/2
Reading summary statistics from /Users/fandiesmas/Desktop/Molecular_Psychiatry/.codex_work/public_inputs_20260903/standardized/ldsc/AN.sumstats.gz ...
Read summary statistics for 928536 SNPs.
After merging with summary statistics, 910630 SNPs remain.
910617 SNPs with valid alleles.

Heritability of phenotype 1
---------------------------
Total Observed scale h2: 0.0989 (0.0053)
Lambda GC: 1.4992
Mean Chi^2: 1.5719
Intercept: 1.1122 (0.0133)
Ratio: 0.1961 (0.0233)

Heritability of phenotype 2/2
-----------------------------
Total Observed scale h2: 0.2501 (0.0175)
Lambda GC: 1.2598
Mean Chi^2: 1.3048
Intercept: 1.0213 (0.0113)
Ratio: 0.0699 (0.0372)

Genetic Covariance
------------------
Total Observed scale gencov: 0.0464 (0.0056)
Mean z1*z2: 0.1106
Intercept: 0.0121 (0.0078)

Genetic Correlation
-------------------
Genetic Correlation: 0.2952 (0.0364)
Z-score: 8.1136
P: 4.9122e-16

Printing covariance matrix of the estimates to /Users/fandiesmas/Desktop/Molecular_Psychiatry/.codex_work/ldsc_recompute_20260904/ldsc_audit/logs/MDD_FINNGEN_R13__ANMDD_FINNGEN_R13.sumstats.gz_AN.sumstats.gz.hsq1.cov.
Printing covariance matrix of the estimates to /Users/fandiesmas/Desktop/Molecular_Psychiatry/.codex_work/ldsc_recompute_20260904/ldsc_audit/logs/MDD_FINNGEN_R13__ANMDD_FINNGEN_R13.sumstats.gz_AN.sumstats.gz.hsq2.cov.
Printing covariance matrix of the estimates to /Users/fandiesmas/Desktop/Molecular_Psychiatry/.codex_work/ldsc_recompute_20260904/ldsc_audit/logs/MDD_FINNGEN_R13__ANMDD_FINNGEN_R13.sumstats.gz_AN.sumstats.gz.gencov.cov.

Summary of Genetic Correlation Results
                                                                                                                              p1                                                                                                                 p2     rg     se      z          p  h2_obs  h2_obs_se  h2_int  h2_int_se  gcov_int  gcov_int_se
/Users/fandiesmas/Desktop/Molecular_Psychiatry/.codex_work/ldsc_recompute_20260904/standardized/ldsc/MDD_FINNGEN_R13.sumstats.gz /Users/fandiesmas/Desktop/Molecular_Psychiatry/.codex_work/public_inputs_20260903/standardized/ldsc/AN.sumstats.gz 0.2952 0.0364 8.1136 4.9122e-16  0.2501     0.0175  1.0213     0.0113    0.0121       0.0078

Analysis finished at Fri Sep  4 09:26:40 2026
Total time elapsed: 4.77s
