*********************************************************************
* LD Score Regression (LDSC)
* Version 1.0.1
* (C) 2014-2019 Brendan Bulik-Sullivan and Hilary Finucane
* Broad Institute of MIT and Harvard / MIT Department of Mathematics
* GNU General Public License v3
*********************************************************************
Call: 
./ldsc.py \
--out .codex_work/public_inputs_20260903/ldsc_audit/logs/SCZ_PGC2022__AN \
--print-snps .codex_work/public_inputs_20260903/reference/extracted/eur_w_ld_chr/w_hm3.snplist \
--rg .codex_work/public_inputs_20260903/standardized/ldsc/SCZ_PGC2022.sumstats.gz,.codex_work/public_inputs_20260903/standardized/ldsc/AN.sumstats.gz \
--ref-ld-chr .codex_work/public_inputs_20260903/reference/extracted/eur_w_ld_chr/ \
--w-ld-chr .codex_work/public_inputs_20260903/reference/weights/weights.hm3_noMHC. \
--print-cov  

Beginning analysis at Thu Sep  3 22:18:46 2026
Reading summary statistics from .codex_work/public_inputs_20260903/standardized/ldsc/SCZ_PGC2022.sumstats.gz ...
Read summary statistics for 1131521 SNPs.
Reading reference panel LD Score from .codex_work/public_inputs_20260903/reference/extracted/eur_w_ld_chr/[1-22] ... (ldscore_fromlist)
Read reference panel LD Scores for 1290028 SNPs.
Removing partitioned LD Scores with zero variance.
Reading regression weight LD Score from .codex_work/public_inputs_20260903/reference/weights/weights.hm3_noMHC.[1-22] ... (ldscore_fromlist)
Read regression weight LD Scores for 1187349 SNPs.
After merging with reference panel LD, 1131521 SNPs remain.
After merging with regression SNP LD, 1119805 SNPs remain.
Computing rg for phenotype 2/2
Reading summary statistics from .codex_work/public_inputs_20260903/standardized/ldsc/AN.sumstats.gz ...
Read summary statistics for 928536 SNPs.
After merging with summary statistics, 915516 SNPs remain.
915515 SNPs with valid alleles.

Heritability of phenotype 1
---------------------------
Total Observed scale h2: 0.8189 (0.0327)
Lambda GC: 1.8408
Mean Chi^2: 2.1508
Intercept: 1.0811 (0.0186)
Ratio: 0.0705 (0.0161)

Heritability of phenotype 2/2
-----------------------------
Total Observed scale h2: 0.2482 (0.017)
Lambda GC: 1.2598
Mean Chi^2: 1.3044
Intercept: 1.0224 (0.0111)
Ratio: 0.0737 (0.0364)

Genetic Covariance
------------------
Total Observed scale gencov: 0.1037 (0.0145)
Mean z1*z2: 0.1812
Intercept: 0.0602 (0.0101)

Genetic Correlation
-------------------
Genetic Correlation: 0.23 (0.029)
Z-score: 7.918
P: 2.4133e-15

Printing covariance matrix of the estimates to .codex_work/public_inputs_20260903/ldsc_audit/logs/SCZ_PGC2022__ANSCZ_PGC2022.sumstats.gz_AN.sumstats.gz.hsq1.cov.
Printing covariance matrix of the estimates to .codex_work/public_inputs_20260903/ldsc_audit/logs/SCZ_PGC2022__ANSCZ_PGC2022.sumstats.gz_AN.sumstats.gz.hsq2.cov.
Printing covariance matrix of the estimates to .codex_work/public_inputs_20260903/ldsc_audit/logs/SCZ_PGC2022__ANSCZ_PGC2022.sumstats.gz_AN.sumstats.gz.gencov.cov.

Summary of Genetic Correlation Results
                                                                          p1                                                                  p2   rg    se     z          p  h2_obs  h2_obs_se  h2_int  h2_int_se  gcov_int  gcov_int_se
.codex_work/public_inputs_20260903/standardized/ldsc/SCZ_PGC2022.sumstats.gz .codex_work/public_inputs_20260903/standardized/ldsc/AN.sumstats.gz 0.23 0.029 7.918 2.4133e-15  0.2482      0.017  1.0224     0.0111    0.0602       0.0101

Analysis finished at Thu Sep  3 22:19:01 2026
Total time elapsed: 14.67s
