*********************************************************************
* LD Score Regression (LDSC)
* Version 1.0.1
* (C) 2014-2019 Brendan Bulik-Sullivan and Hilary Finucane
* Broad Institute of MIT and Harvard / MIT Department of Mathematics
* GNU General Public License v3
*********************************************************************
Call: 
./ldsc.py \
--out .codex_work/public_inputs_20260903/ldsc_audit/logs/SCZ_FINNGEN_R13__AN \
--print-snps .codex_work/public_inputs_20260903/reference/extracted/eur_w_ld_chr/w_hm3.snplist \
--rg .codex_work/public_inputs_20260903/standardized/ldsc/SCZ_FINNGEN_R13.sumstats.gz,.codex_work/public_inputs_20260903/standardized/ldsc/AN.sumstats.gz \
--ref-ld-chr .codex_work/public_inputs_20260903/reference/extracted/eur_w_ld_chr/ \
--w-ld-chr .codex_work/public_inputs_20260903/reference/weights/weights.hm3_noMHC. \
--print-cov  

Beginning analysis at Thu Sep  3 22:18:08 2026
Reading summary statistics from .codex_work/public_inputs_20260903/standardized/ldsc/SCZ_FINNGEN_R13.sumstats.gz ...
Read summary statistics for 1159089 SNPs.
Reading reference panel LD Score from .codex_work/public_inputs_20260903/reference/extracted/eur_w_ld_chr/[1-22] ... (ldscore_fromlist)
Read reference panel LD Scores for 1290028 SNPs.
Removing partitioned LD Scores with zero variance.
Reading regression weight LD Score from .codex_work/public_inputs_20260903/reference/weights/weights.hm3_noMHC.[1-22] ... (ldscore_fromlist)
Read regression weight LD Scores for 1187349 SNPs.
After merging with reference panel LD, 1159089 SNPs remain.
After merging with regression SNP LD, 1147142 SNPs remain.
Computing rg for phenotype 2/2
Reading summary statistics from .codex_work/public_inputs_20260903/standardized/ldsc/AN.sumstats.gz ...
Read summary statistics for 928536 SNPs.
After merging with summary statistics, 910627 SNPs remain.
910614 SNPs with valid alleles.

Heritability of phenotype 1
---------------------------
Total Observed scale h2: 0.1311 (0.0208)
Lambda GC: 1.1112
Mean Chi^2: 1.1186
Intercept: 1.0368 (0.009)
Ratio: 0.3104 (0.076)

Heritability of phenotype 2/2
-----------------------------
Total Observed scale h2: 0.2501 (0.0175)
Lambda GC: 1.2598
Mean Chi^2: 1.3048
Intercept: 1.0213 (0.0113)
Ratio: 0.0699 (0.0372)

Genetic Covariance
------------------
Total Observed scale gencov: 0.0281 (0.0111)
Mean z1*z2: 0.0238
Intercept: 0.0001 (0.0062)

Genetic Correlation
-------------------
Genetic Correlation: 0.1552 (0.0611)
Z-score: 2.5396
P: 0.0111

Printing covariance matrix of the estimates to .codex_work/public_inputs_20260903/ldsc_audit/logs/SCZ_FINNGEN_R13__ANSCZ_FINNGEN_R13.sumstats.gz_AN.sumstats.gz.hsq1.cov.
Printing covariance matrix of the estimates to .codex_work/public_inputs_20260903/ldsc_audit/logs/SCZ_FINNGEN_R13__ANSCZ_FINNGEN_R13.sumstats.gz_AN.sumstats.gz.hsq2.cov.
Printing covariance matrix of the estimates to .codex_work/public_inputs_20260903/ldsc_audit/logs/SCZ_FINNGEN_R13__ANSCZ_FINNGEN_R13.sumstats.gz_AN.sumstats.gz.gencov.cov.

Summary of Genetic Correlation Results
                                                                              p1                                                                  p2     rg     se      z      p  h2_obs  h2_obs_se  h2_int  h2_int_se  gcov_int  gcov_int_se
.codex_work/public_inputs_20260903/standardized/ldsc/SCZ_FINNGEN_R13.sumstats.gz .codex_work/public_inputs_20260903/standardized/ldsc/AN.sumstats.gz 0.1552 0.0611 2.5396 0.0111  0.2501     0.0175  1.0213     0.0113    0.0001       0.0062

Analysis finished at Thu Sep  3 22:18:22 2026
Total time elapsed: 14.45s
