*********************************************************************
* LD Score Regression (LDSC)
* Version 1.0.1
* (C) 2014-2019 Brendan Bulik-Sullivan and Hilary Finucane
* Broad Institute of MIT and Harvard / MIT Department of Mathematics
* GNU General Public License v3
*********************************************************************
Call: 
./ldsc.py \
--out .codex_work/public_inputs_20260903/ldsc_audit/logs/SCZ_FINNGEN_R13_EXMORE__SCZ_FINNGEN_R13 \
--print-snps .codex_work/public_inputs_20260903/reference/extracted/eur_w_ld_chr/w_hm3.snplist \
--rg .codex_work/public_inputs_20260903/standardized/ldsc/SCZ_FINNGEN_R13_EXMORE.sumstats.gz,.codex_work/public_inputs_20260903/standardized/ldsc/SCZ_FINNGEN_R13.sumstats.gz \
--ref-ld-chr .codex_work/public_inputs_20260903/reference/extracted/eur_w_ld_chr/ \
--w-ld-chr .codex_work/public_inputs_20260903/reference/weights/weights.hm3_noMHC. \
--print-cov  

Beginning analysis at Thu Sep  3 22:24:23 2026
Reading summary statistics from .codex_work/public_inputs_20260903/standardized/ldsc/SCZ_FINNGEN_R13_EXMORE.sumstats.gz ...
Read summary statistics for 1159132 SNPs.
Reading reference panel LD Score from .codex_work/public_inputs_20260903/reference/extracted/eur_w_ld_chr/[1-22] ... (ldscore_fromlist)
Read reference panel LD Scores for 1290028 SNPs.
Removing partitioned LD Scores with zero variance.
Reading regression weight LD Score from .codex_work/public_inputs_20260903/reference/weights/weights.hm3_noMHC.[1-22] ... (ldscore_fromlist)
Read regression weight LD Scores for 1187349 SNPs.
After merging with reference panel LD, 1159132 SNPs remain.
After merging with regression SNP LD, 1147181 SNPs remain.
Computing rg for phenotype 2/2
Reading summary statistics from .codex_work/public_inputs_20260903/standardized/ldsc/SCZ_FINNGEN_R13.sumstats.gz ...
Read summary statistics for 1159089 SNPs.
After merging with summary statistics, 1147097 SNPs remain.
1147097 SNPs with valid alleles.

Heritability of phenotype 1
---------------------------
Total Observed scale h2: 0.1281 (0.0113)
Lambda GC: 1.185
Mean Chi^2: 1.2134
Intercept: 1.0593 (0.0082)
Ratio: 0.2781 (0.0382)

Heritability of phenotype 2/2
-----------------------------
Total Observed scale h2: 0.1298 (0.0182)
Lambda GC: 1.1056
Mean Chi^2: 1.1112
Intercept: 1.0373 (0.0067)
Ratio: 0.3355 (0.0607)

Genetic Covariance
------------------
Total Observed scale gencov: 0.1155 (0.0117)
Mean z1*z2: 0.5939
Intercept: 0.498 (0.0063)

Genetic Correlation
-------------------
Genetic Correlation: 0.8955 (0.0481)
Z-score: 18.6346
P: 1.6828e-77

Printing covariance matrix of the estimates to .codex_work/public_inputs_20260903/ldsc_audit/logs/SCZ_FINNGEN_R13_EXMORE__SCZ_FINNGEN_R13SCZ_FINNGEN_R13_EXMORE.sumstats.gz_SCZ_FINNGEN_R13.sumstats.gz.hsq1.cov.
Printing covariance matrix of the estimates to .codex_work/public_inputs_20260903/ldsc_audit/logs/SCZ_FINNGEN_R13_EXMORE__SCZ_FINNGEN_R13SCZ_FINNGEN_R13_EXMORE.sumstats.gz_SCZ_FINNGEN_R13.sumstats.gz.hsq2.cov.
Printing covariance matrix of the estimates to .codex_work/public_inputs_20260903/ldsc_audit/logs/SCZ_FINNGEN_R13_EXMORE__SCZ_FINNGEN_R13SCZ_FINNGEN_R13_EXMORE.sumstats.gz_SCZ_FINNGEN_R13.sumstats.gz.gencov.cov.

Summary of Genetic Correlation Results
                                                                                     p1                                                                               p2     rg     se       z          p  h2_obs  h2_obs_se  h2_int  h2_int_se  gcov_int  gcov_int_se
.codex_work/public_inputs_20260903/standardized/ldsc/SCZ_FINNGEN_R13_EXMORE.sumstats.gz .codex_work/public_inputs_20260903/standardized/ldsc/SCZ_FINNGEN_R13.sumstats.gz 0.8955 0.0481 18.6346 1.6828e-77  0.1298     0.0182  1.0373     0.0067     0.498       0.0063

Analysis finished at Thu Sep  3 22:24:33 2026
Total time elapsed: 9.4s
