*********************************************************************
* LD Score Regression (LDSC)
* Version 1.0.1
* (C) 2014-2019 Brendan Bulik-Sullivan and Hilary Finucane
* Broad Institute of MIT and Harvard / MIT Department of Mathematics
* GNU General Public License v3
*********************************************************************
Call: 
./ldsc.py \
--out .codex_work/public_inputs_20260903/ldsc_audit/logs/SCZ_FINNGEN_R13__ANX \
--print-snps .codex_work/public_inputs_20260903/reference/extracted/eur_w_ld_chr/w_hm3.snplist \
--rg .codex_work/public_inputs_20260903/standardized/ldsc/SCZ_FINNGEN_R13.sumstats.gz,.codex_work/public_inputs_20260903/standardized/ldsc/ANX.sumstats.gz \
--ref-ld-chr .codex_work/public_inputs_20260903/reference/extracted/eur_w_ld_chr/ \
--w-ld-chr .codex_work/public_inputs_20260903/reference/weights/weights.hm3_noMHC. \
--print-cov  

Beginning analysis at Thu Sep  3 22:18:08 2026
Reading summary statistics from .codex_work/public_inputs_20260903/standardized/ldsc/SCZ_FINNGEN_R13.sumstats.gz ...
Read summary statistics for 1159089 SNPs.
Reading reference panel LD Score from .codex_work/public_inputs_20260903/reference/extracted/eur_w_ld_chr/[1-22] ... (ldscore_fromlist)
Read reference panel LD Scores for 1290028 SNPs.
Removing partitioned LD Scores with zero variance.
Reading regression weight LD Score from .codex_work/public_inputs_20260903/reference/weights/weights.hm3_noMHC.[1-22] ... (ldscore_fromlist)
Read regression weight LD Scores for 1187349 SNPs.
After merging with reference panel LD, 1159089 SNPs remain.
After merging with regression SNP LD, 1147142 SNPs remain.
Computing rg for phenotype 2/2
Reading summary statistics from .codex_work/public_inputs_20260903/standardized/ldsc/ANX.sumstats.gz ...
Read summary statistics for 1171736 SNPs.
After merging with summary statistics, 1140954 SNPs remain.
1140939 SNPs with valid alleles.

Heritability of phenotype 1
---------------------------
Total Observed scale h2: 0.1262 (0.0187)
Lambda GC: 1.1065
Mean Chi^2: 1.1116
Intercept: 1.0395 (0.0072)
Ratio: 0.3538 (0.0643)

Heritability of phenotype 2/2
-----------------------------
Total Observed scale h2: 0.0784 (0.003)
Lambda GC: 1.4886
Mean Chi^2: 1.6214
Intercept: 1.0453 (0.0093)
Ratio: 0.0729 (0.015)

Genetic Covariance
------------------
Total Observed scale gencov: 0.0218 (0.0046)
Mean z1*z2: 0.0392
Intercept: -0.0073 (0.0052)

Genetic Correlation
-------------------
Genetic Correlation: 0.2189 (0.0463)
Z-score: 4.7303
P: 2.2413e-06

Printing covariance matrix of the estimates to .codex_work/public_inputs_20260903/ldsc_audit/logs/SCZ_FINNGEN_R13__ANXSCZ_FINNGEN_R13.sumstats.gz_ANX.sumstats.gz.hsq1.cov.
Printing covariance matrix of the estimates to .codex_work/public_inputs_20260903/ldsc_audit/logs/SCZ_FINNGEN_R13__ANXSCZ_FINNGEN_R13.sumstats.gz_ANX.sumstats.gz.hsq2.cov.
Printing covariance matrix of the estimates to .codex_work/public_inputs_20260903/ldsc_audit/logs/SCZ_FINNGEN_R13__ANXSCZ_FINNGEN_R13.sumstats.gz_ANX.sumstats.gz.gencov.cov.

Summary of Genetic Correlation Results
                                                                              p1                                                                   p2     rg     se      z          p  h2_obs  h2_obs_se  h2_int  h2_int_se  gcov_int  gcov_int_se
.codex_work/public_inputs_20260903/standardized/ldsc/SCZ_FINNGEN_R13.sumstats.gz .codex_work/public_inputs_20260903/standardized/ldsc/ANX.sumstats.gz 0.2189 0.0463 4.7303 2.2413e-06  0.0784      0.003  1.0453     0.0093   -0.0073       0.0052

Analysis finished at Thu Sep  3 22:18:23 2026
Total time elapsed: 15.46s
