*********************************************************************
* LD Score Regression (LDSC)
* Version 1.0.1
* (C) 2014-2019 Brendan Bulik-Sullivan and Hilary Finucane
* Broad Institute of MIT and Harvard / MIT Department of Mathematics
* GNU General Public License v3
*********************************************************************
Call: 
./ldsc.py \
--out .codex_work/public_inputs_20260903/ldsc_audit/logs/SCZ_FINNGEN_R13_EXMORE__CUD_2023_EUR \
--print-snps .codex_work/public_inputs_20260903/reference/extracted/eur_w_ld_chr/w_hm3.snplist \
--rg .codex_work/public_inputs_20260903/standardized/ldsc/SCZ_FINNGEN_R13_EXMORE.sumstats.gz,.codex_work/public_inputs_20260903/standardized/ldsc/CUD_2023_EUR.sumstats.gz \
--ref-ld-chr .codex_work/public_inputs_20260903/reference/extracted/eur_w_ld_chr/ \
--w-ld-chr .codex_work/public_inputs_20260903/reference/weights/weights.hm3_noMHC. \
--print-cov  

Beginning analysis at Thu Sep  3 22:24:23 2026
Reading summary statistics from .codex_work/public_inputs_20260903/standardized/ldsc/SCZ_FINNGEN_R13_EXMORE.sumstats.gz ...
Read summary statistics for 1159132 SNPs.
Reading reference panel LD Score from .codex_work/public_inputs_20260903/reference/extracted/eur_w_ld_chr/[1-22] ... (ldscore_fromlist)
Read reference panel LD Scores for 1290028 SNPs.
Removing partitioned LD Scores with zero variance.
Reading regression weight LD Score from .codex_work/public_inputs_20260903/reference/weights/weights.hm3_noMHC.[1-22] ... (ldscore_fromlist)
Read regression weight LD Scores for 1187349 SNPs.
After merging with reference panel LD, 1159132 SNPs remain.
After merging with regression SNP LD, 1147181 SNPs remain.
Computing rg for phenotype 2/2
Reading summary statistics from .codex_work/public_inputs_20260903/standardized/ldsc/CUD_2023_EUR.sumstats.gz ...
Read summary statistics for 1185253 SNPs.
After merging with summary statistics, 1146803 SNPs remain.
1146787 SNPs with valid alleles.

Heritability of phenotype 1
---------------------------
Total Observed scale h2: 0.1279 (0.0113)
Lambda GC: 1.1851
Mean Chi^2: 1.2134
Intercept: 1.0597 (0.0082)
Ratio: 0.2795 (0.0383)

Heritability of phenotype 2/2
-----------------------------
Total Observed scale h2: 0.0887 (0.0047)
Lambda GC: 1.2312
Mean Chi^2: 1.2798
Intercept: 0.9905 (0.0078)
Ratio < 0 (usually indicates GC correction).

Genetic Covariance
------------------
Total Observed scale gencov: 0.0355 (0.0044)
Mean z1*z2: 0.0748
Intercept: 0.0032 (0.0046)

Genetic Correlation
-------------------
Genetic Correlation: 0.3333 (0.0388)
Z-score: 8.5987
P: 8.0624e-18

Printing covariance matrix of the estimates to .codex_work/public_inputs_20260903/ldsc_audit/logs/SCZ_FINNGEN_R13_EXMORE__CUD_2023_EURSCZ_FINNGEN_R13_EXMORE.sumstats.gz_CUD_2023_EUR.sumstats.gz.hsq1.cov.
Printing covariance matrix of the estimates to .codex_work/public_inputs_20260903/ldsc_audit/logs/SCZ_FINNGEN_R13_EXMORE__CUD_2023_EURSCZ_FINNGEN_R13_EXMORE.sumstats.gz_CUD_2023_EUR.sumstats.gz.hsq2.cov.
Printing covariance matrix of the estimates to .codex_work/public_inputs_20260903/ldsc_audit/logs/SCZ_FINNGEN_R13_EXMORE__CUD_2023_EURSCZ_FINNGEN_R13_EXMORE.sumstats.gz_CUD_2023_EUR.sumstats.gz.gencov.cov.

Summary of Genetic Correlation Results
                                                                                     p1                                                                            p2     rg     se      z          p  h2_obs  h2_obs_se  h2_int  h2_int_se  gcov_int  gcov_int_se
.codex_work/public_inputs_20260903/standardized/ldsc/SCZ_FINNGEN_R13_EXMORE.sumstats.gz .codex_work/public_inputs_20260903/standardized/ldsc/CUD_2023_EUR.sumstats.gz 0.3333 0.0388 8.5987 8.0624e-18  0.0887     0.0047  0.9905     0.0078    0.0032       0.0046

Analysis finished at Thu Sep  3 22:24:33 2026
Total time elapsed: 9.67s
