*********************************************************************
* LD Score Regression (LDSC)
* Version 1.0.1
* (C) 2014-2019 Brendan Bulik-Sullivan and Hilary Finucane
* Broad Institute of MIT and Harvard / MIT Department of Mathematics
* GNU General Public License v3
*********************************************************************
Call: 
./ldsc.py \
--out .codex_work/public_inputs_20260903/ldsc_audit/logs/SCZ_PGC2022__BD_PGC2021 \
--print-snps .codex_work/public_inputs_20260903/reference/extracted/eur_w_ld_chr/w_hm3.snplist \
--rg .codex_work/public_inputs_20260903/standardized/ldsc/SCZ_PGC2022.sumstats.gz,.codex_work/public_inputs_20260903/standardized/ldsc/BD_PGC2021.sumstats.gz \
--ref-ld-chr .codex_work/public_inputs_20260903/reference/extracted/eur_w_ld_chr/ \
--w-ld-chr .codex_work/public_inputs_20260903/reference/weights/weights.hm3_noMHC. \
--print-cov  

Beginning analysis at Thu Sep  3 22:19:03 2026
Reading summary statistics from .codex_work/public_inputs_20260903/standardized/ldsc/SCZ_PGC2022.sumstats.gz ...
Read summary statistics for 1131521 SNPs.
Reading reference panel LD Score from .codex_work/public_inputs_20260903/reference/extracted/eur_w_ld_chr/[1-22] ... (ldscore_fromlist)
Read reference panel LD Scores for 1290028 SNPs.
Removing partitioned LD Scores with zero variance.
Reading regression weight LD Score from .codex_work/public_inputs_20260903/reference/weights/weights.hm3_noMHC.[1-22] ... (ldscore_fromlist)
Read regression weight LD Scores for 1187349 SNPs.
After merging with reference panel LD, 1131521 SNPs remain.
After merging with regression SNP LD, 1119805 SNPs remain.
Computing rg for phenotype 2/2
Reading summary statistics from .codex_work/public_inputs_20260903/standardized/ldsc/BD_PGC2021.sumstats.gz ...
Read summary statistics for 1121823 SNPs.
After merging with summary statistics, 1107696 SNPs remain.
1107695 SNPs with valid alleles.

Heritability of phenotype 1
---------------------------
Total Observed scale h2: 0.795 (0.0315)
Lambda GC: 1.777
Mean Chi^2: 2.0596
Intercept: 1.0864 (0.0159)
Ratio: 0.0815 (0.015)

Heritability of phenotype 2/2
-----------------------------
Total Observed scale h2: 0.2824 (0.0119)
Lambda GC: 1.4676
Mean Chi^2: 1.6115
Intercept: 1.0313 (0.0111)
Ratio: 0.0512 (0.0182)

Genetic Covariance
------------------
Total Observed scale gencov: 0.3216 (0.0144)
Mean z1*z2: 0.7237
Intercept: 0.2134 (0.0087)

Genetic Correlation
-------------------
Genetic Correlation: 0.6788 (0.0169)
Z-score: 40.1893
P: 0.

Printing covariance matrix of the estimates to .codex_work/public_inputs_20260903/ldsc_audit/logs/SCZ_PGC2022__BD_PGC2021SCZ_PGC2022.sumstats.gz_BD_PGC2021.sumstats.gz.hsq1.cov.
Printing covariance matrix of the estimates to .codex_work/public_inputs_20260903/ldsc_audit/logs/SCZ_PGC2022__BD_PGC2021SCZ_PGC2022.sumstats.gz_BD_PGC2021.sumstats.gz.hsq2.cov.
Printing covariance matrix of the estimates to .codex_work/public_inputs_20260903/ldsc_audit/logs/SCZ_PGC2022__BD_PGC2021SCZ_PGC2022.sumstats.gz_BD_PGC2021.sumstats.gz.gencov.cov.

Summary of Genetic Correlation Results
                                                                          p1                                                                          p2     rg     se       z   p  h2_obs  h2_obs_se  h2_int  h2_int_se  gcov_int  gcov_int_se
.codex_work/public_inputs_20260903/standardized/ldsc/SCZ_PGC2022.sumstats.gz .codex_work/public_inputs_20260903/standardized/ldsc/BD_PGC2021.sumstats.gz 0.6788 0.0169 40.1893 0.0  0.2824     0.0119  1.0313     0.0111    0.2134       0.0087

Analysis finished at Thu Sep  3 22:19:17 2026
Total time elapsed: 13.57s
