*********************************************************************
* LD Score Regression (LDSC)
* Version 1.0.1
* (C) 2014-2019 Brendan Bulik-Sullivan and Hilary Finucane
* Broad Institute of MIT and Harvard / MIT Department of Mathematics
* GNU General Public License v3
*********************************************************************
Call: 
./ldsc.py \
--out results/p26_broad_scz/cross_definition_rg/SCZ_FINNGEN_R13_EXMORE__AUD \
--print-snps /public/home/zhengxiaoyang/PTSD_JPEP/resources/ldsc_ref/w_hm3.snplist \
--rg results/p26_broad_scz/ldsc_input/SCZ_FINNGEN_R13_EXMORE.sumstats.gz,/public/home/zhengxiaoyang/BPD_transdiagnostic_genetics/analysis/ldsc/munged/AUD.sumstats.gz \
--ref-ld-chr /public/home/zhengxiaoyang/PTSD_JPEP/resources/ldsc_ref/eur_w_ld_chr/ \
--w-ld-chr /public/home/zhengxiaoyang/PTSD_JPEP/resources/ldsc_ref/weights_hm3_noMHC/weights.hm3_noMHC. \
--print-cov  

Beginning analysis at Fri Sep  4 12:41:03 2026
Reading summary statistics from results/p26_broad_scz/ldsc_input/SCZ_FINNGEN_R13_EXMORE.sumstats.gz ...
Read summary statistics for 1151100 SNPs.
Reading reference panel LD Score from /public/home/zhengxiaoyang/PTSD_JPEP/resources/ldsc_ref/eur_w_ld_chr/[1-22] ... (ldscore_fromlist)
Read reference panel LD Scores for 1290028 SNPs.
Removing partitioned LD Scores with zero variance.
Reading regression weight LD Score from /public/home/zhengxiaoyang/PTSD_JPEP/resources/ldsc_ref/weights_hm3_noMHC/weights.hm3_noMHC.[1-22] ... (ldscore_fromlist)
Read regression weight LD Scores for 1187349 SNPs.
After merging with reference panel LD, 1147181 SNPs remain.
After merging with regression SNP LD, 1147181 SNPs remain.
Computing rg for phenotype 2/2
Reading summary statistics from /public/home/zhengxiaoyang/BPD_transdiagnostic_genetics/analysis/ldsc/munged/AUD.sumstats.gz ...
Read summary statistics for 1176971 SNPs.
After merging with summary statistics, 1134652 SNPs remain.
1134636 SNPs with valid alleles.

Heritability of phenotype 1
---------------------------
Total Observed scale h2: 0.1268 (0.0118)
Lambda GC: 1.1863
Mean Chi^2: 1.2148
Intercept: 1.061 (0.0087)
Ratio: 0.2841 (0.0404)

Heritability of phenotype 2/2
-----------------------------
Total Observed scale h2: 0.0869 (0.0037)
Lambda GC: 1.3374
Mean Chi^2: 1.4496
Intercept: 1.0462 (0.0069)
Ratio: 0.1027 (0.0153)

Genetic Covariance
------------------
Total Observed scale gencov: 0.0314 (0.0043)
Mean z1*z2: 0.1389
Intercept: 0.0625 (0.0056)

Genetic Correlation
-------------------
Genetic Correlation: 0.2989 (0.0385)
Z-score: 7.7541
P: 8.8939e-15

Printing covariance matrix of the estimates to results/p26_broad_scz/cross_definition_rg/SCZ_FINNGEN_R13_EXMORE__AUDSCZ_FINNGEN_R13_EXMORE.sumstats.gz_AUD.sumstats.gz.hsq1.cov.
Printing covariance matrix of the estimates to results/p26_broad_scz/cross_definition_rg/SCZ_FINNGEN_R13_EXMORE__AUDSCZ_FINNGEN_R13_EXMORE.sumstats.gz_AUD.sumstats.gz.hsq2.cov.
Printing covariance matrix of the estimates to results/p26_broad_scz/cross_definition_rg/SCZ_FINNGEN_R13_EXMORE__AUDSCZ_FINNGEN_R13_EXMORE.sumstats.gz_AUD.sumstats.gz.gencov.cov.

Summary of Genetic Correlation Results
                                                                 p1                                                                                           p2     rg     se      z          p  h2_obs  h2_obs_se  h2_int  h2_int_se  gcov_int  gcov_int_se
results/p26_broad_scz/ldsc_input/SCZ_FINNGEN_R13_EXMORE.sumstats.gz /public/home/zhengxiaoyang/BPD_transdiagnostic_genetics/analysis/ldsc/munged/AUD.sumstats.gz 0.2989 0.0385 7.7541 8.8939e-15  0.0869     0.0037  1.0462     0.0069    0.0625       0.0056

Analysis finished at Fri Sep  4 12:41:14 2026
Total time elapsed: 10.96s
