*********************************************************************
* LD Score Regression (LDSC)
* Version 1.0.1
* (C) 2014-2019 Brendan Bulik-Sullivan and Hilary Finucane
* Broad Institute of MIT and Harvard / MIT Department of Mathematics
* GNU General Public License v3
*********************************************************************
Call: 
./ldsc.py \
--out .codex_work/public_inputs_20260903/ldsc_audit/logs/SCZ_FINNGEN_R13_EXMORE__BD_PGC2021 \
--print-snps .codex_work/public_inputs_20260903/reference/extracted/eur_w_ld_chr/w_hm3.snplist \
--rg .codex_work/public_inputs_20260903/standardized/ldsc/SCZ_FINNGEN_R13_EXMORE.sumstats.gz,.codex_work/public_inputs_20260903/standardized/ldsc/BD_PGC2021.sumstats.gz \
--ref-ld-chr .codex_work/public_inputs_20260903/reference/extracted/eur_w_ld_chr/ \
--w-ld-chr .codex_work/public_inputs_20260903/reference/weights/weights.hm3_noMHC. \
--print-cov  

Beginning analysis at Thu Sep  3 22:24:00 2026
Reading summary statistics from .codex_work/public_inputs_20260903/standardized/ldsc/SCZ_FINNGEN_R13_EXMORE.sumstats.gz ...
Read summary statistics for 1159132 SNPs.
Reading reference panel LD Score from .codex_work/public_inputs_20260903/reference/extracted/eur_w_ld_chr/[1-22] ... (ldscore_fromlist)
Read reference panel LD Scores for 1290028 SNPs.
Removing partitioned LD Scores with zero variance.
Reading regression weight LD Score from .codex_work/public_inputs_20260903/reference/weights/weights.hm3_noMHC.[1-22] ... (ldscore_fromlist)
Read regression weight LD Scores for 1187349 SNPs.
After merging with reference panel LD, 1159132 SNPs remain.
After merging with regression SNP LD, 1147181 SNPs remain.
Computing rg for phenotype 2/2
Reading summary statistics from .codex_work/public_inputs_20260903/standardized/ldsc/BD_PGC2021.sumstats.gz ...
Read summary statistics for 1121823 SNPs.
After merging with summary statistics, 1092350 SNPs remain.
1092337 SNPs with valid alleles.

Heritability of phenotype 1
---------------------------
Total Observed scale h2: 0.1261 (0.0121)
Lambda GC: 1.1909
Mean Chi^2: 1.2193
Intercept: 1.0623 (0.0089)
Ratio: 0.2843 (0.0406)

Heritability of phenotype 2/2
-----------------------------
Total Observed scale h2: 0.2803 (0.0122)
Lambda GC: 1.4726
Mean Chi^2: 1.6164
Intercept: 1.0367 (0.0114)
Ratio: 0.0595 (0.0185)

Genetic Covariance
------------------
Total Observed scale gencov: 0.1324 (0.0082)
Mean z1*z2: 0.2422
Intercept: 0.0273 (0.0071)

Genetic Correlation
-------------------
Genetic Correlation: 0.7043 (0.038)
Z-score: 18.5217
P: 1.3806e-76

Printing covariance matrix of the estimates to .codex_work/public_inputs_20260903/ldsc_audit/logs/SCZ_FINNGEN_R13_EXMORE__BD_PGC2021SCZ_FINNGEN_R13_EXMORE.sumstats.gz_BD_PGC2021.sumstats.gz.hsq1.cov.
Printing covariance matrix of the estimates to .codex_work/public_inputs_20260903/ldsc_audit/logs/SCZ_FINNGEN_R13_EXMORE__BD_PGC2021SCZ_FINNGEN_R13_EXMORE.sumstats.gz_BD_PGC2021.sumstats.gz.hsq2.cov.
Printing covariance matrix of the estimates to .codex_work/public_inputs_20260903/ldsc_audit/logs/SCZ_FINNGEN_R13_EXMORE__BD_PGC2021SCZ_FINNGEN_R13_EXMORE.sumstats.gz_BD_PGC2021.sumstats.gz.gencov.cov.

Summary of Genetic Correlation Results
                                                                                     p1                                                                          p2     rg    se       z          p  h2_obs  h2_obs_se  h2_int  h2_int_se  gcov_int  gcov_int_se
.codex_work/public_inputs_20260903/standardized/ldsc/SCZ_FINNGEN_R13_EXMORE.sumstats.gz .codex_work/public_inputs_20260903/standardized/ldsc/BD_PGC2021.sumstats.gz 0.7043 0.038 18.5217 1.3806e-76  0.2803     0.0122  1.0367     0.0114    0.0273       0.0071

Analysis finished at Thu Sep  3 22:24:10 2026
Total time elapsed: 9.66s
