*********************************************************************
* LD Score Regression (LDSC)
* Version 1.0.1
* (C) 2014-2019 Brendan Bulik-Sullivan and Hilary Finucane
* Broad Institute of MIT and Harvard / MIT Department of Mathematics
* GNU General Public License v3
*********************************************************************
Call: 
./ldsc.py \
--out .codex_work/public_inputs_20260903/ldsc_audit/logs/SCZ_PGC2022__ADHD \
--print-snps .codex_work/public_inputs_20260903/reference/extracted/eur_w_ld_chr/w_hm3.snplist \
--rg .codex_work/public_inputs_20260903/standardized/ldsc/SCZ_PGC2022.sumstats.gz,.codex_work/public_inputs_20260903/standardized/ldsc/ADHD.sumstats.gz \
--ref-ld-chr .codex_work/public_inputs_20260903/reference/extracted/eur_w_ld_chr/ \
--w-ld-chr .codex_work/public_inputs_20260903/reference/weights/weights.hm3_noMHC. \
--print-cov  

Beginning analysis at Thu Sep  3 22:18:46 2026
Reading summary statistics from .codex_work/public_inputs_20260903/standardized/ldsc/SCZ_PGC2022.sumstats.gz ...
Read summary statistics for 1131521 SNPs.
Reading reference panel LD Score from .codex_work/public_inputs_20260903/reference/extracted/eur_w_ld_chr/[1-22] ... (ldscore_fromlist)
Read reference panel LD Scores for 1290028 SNPs.
Removing partitioned LD Scores with zero variance.
Reading regression weight LD Score from .codex_work/public_inputs_20260903/reference/weights/weights.hm3_noMHC.[1-22] ... (ldscore_fromlist)
Read regression weight LD Scores for 1187349 SNPs.
After merging with reference panel LD, 1131521 SNPs remain.
After merging with regression SNP LD, 1119805 SNPs remain.
Computing rg for phenotype 2/2
Reading summary statistics from .codex_work/public_inputs_20260903/standardized/ldsc/ADHD.sumstats.gz ...
Read summary statistics for 1129139 SNPs.
After merging with summary statistics, 1103357 SNPs remain.
1103355 SNPs with valid alleles.

Heritability of phenotype 1
---------------------------
Total Observed scale h2: 0.8016 (0.0324)
Lambda GC: 1.7767
Mean Chi^2: 2.0602
Intercept: 1.0793 (0.0167)
Ratio: 0.0748 (0.0157)

Heritability of phenotype 2/2
-----------------------------
Total Observed scale h2: 0.167 (0.0079)
Lambda GC: 1.3604
Mean Chi^2: 1.4537
Intercept: 1.0252 (0.01)
Ratio: 0.0556 (0.022)

Genetic Covariance
------------------
Total Observed scale gencov: 0.0724 (0.0094)
Mean z1*z2: 0.1652
Intercept: 0.0359 (0.0084)

Genetic Correlation
-------------------
Genetic Correlation: 0.1979 (0.0236)
Z-score: 8.3854
P: 5.057e-17

Printing covariance matrix of the estimates to .codex_work/public_inputs_20260903/ldsc_audit/logs/SCZ_PGC2022__ADHDSCZ_PGC2022.sumstats.gz_ADHD.sumstats.gz.hsq1.cov.
Printing covariance matrix of the estimates to .codex_work/public_inputs_20260903/ldsc_audit/logs/SCZ_PGC2022__ADHDSCZ_PGC2022.sumstats.gz_ADHD.sumstats.gz.hsq2.cov.
Printing covariance matrix of the estimates to .codex_work/public_inputs_20260903/ldsc_audit/logs/SCZ_PGC2022__ADHDSCZ_PGC2022.sumstats.gz_ADHD.sumstats.gz.gencov.cov.

Summary of Genetic Correlation Results
                                                                          p1                                                                    p2     rg     se      z          p  h2_obs  h2_obs_se  h2_int  h2_int_se  gcov_int  gcov_int_se
.codex_work/public_inputs_20260903/standardized/ldsc/SCZ_PGC2022.sumstats.gz .codex_work/public_inputs_20260903/standardized/ldsc/ADHD.sumstats.gz 0.1979 0.0236 8.3854 5.0570e-17   0.167     0.0079  1.0252       0.01    0.0359       0.0084

Analysis finished at Thu Sep  3 22:19:01 2026
Total time elapsed: 15.35s
