*********************************************************************
* LD Score Regression (LDSC)
* Version 1.0.1
* (C) 2014-2019 Brendan Bulik-Sullivan and Hilary Finucane
* Broad Institute of MIT and Harvard / MIT Department of Mathematics
* GNU General Public License v3
*********************************************************************
Call: 
./ldsc.py \
--out results/p11_scz_neff_audit/pairwise/SCZ_PGC2022__AUD_Nx2 \
--print-snps /public/home/zhengxiaoyang/PTSD_JPEP/resources/ldsc_ref/w_hm3.snplist \
--rg results/p11_scz_neff_audit/input/SCZ_PGC2022_Nx2.sumstats.gz,/public/home/zhengxiaoyang/BPD_transdiagnostic_genetics/analysis/ldsc/munged/AUD.sumstats.gz \
--ref-ld-chr /public/home/zhengxiaoyang/PTSD_JPEP/resources/ldsc_ref/eur_w_ld_chr/ \
--w-ld-chr /public/home/zhengxiaoyang/PTSD_JPEP/resources/ldsc_ref/weights_hm3_noMHC/weights.hm3_noMHC. \
--print-cov  

Beginning analysis at Fri Sep  4 12:40:23 2026
Reading summary statistics from results/p11_scz_neff_audit/input/SCZ_PGC2022_Nx2.sumstats.gz ...
Read summary statistics for 1122923 SNPs.
Reading reference panel LD Score from /public/home/zhengxiaoyang/PTSD_JPEP/resources/ldsc_ref/eur_w_ld_chr/[1-22] ... (ldscore_fromlist)
Read reference panel LD Scores for 1290028 SNPs.
Removing partitioned LD Scores with zero variance.
Reading regression weight LD Score from /public/home/zhengxiaoyang/PTSD_JPEP/resources/ldsc_ref/weights_hm3_noMHC/weights.hm3_noMHC.[1-22] ... (ldscore_fromlist)
Read regression weight LD Scores for 1187349 SNPs.
After merging with reference panel LD, 1119751 SNPs remain.
After merging with regression SNP LD, 1119751 SNPs remain.
Computing rg for phenotype 2/2
Reading summary statistics from /public/home/zhengxiaoyang/BPD_transdiagnostic_genetics/analysis/ldsc/munged/AUD.sumstats.gz ...
Read summary statistics for 1176971 SNPs.
After merging with summary statistics, 1115398 SNPs remain.
1115398 SNPs with valid alleles.

Heritability of phenotype 1
---------------------------
Total Observed scale h2: 0.4024 (0.0148)
Lambda GC: 1.772
Mean Chi^2: 2.0522
Intercept: 1.0753 (0.0154)
Ratio: 0.0715 (0.0146)

Heritability of phenotype 2/2
-----------------------------
Total Observed scale h2: 0.0874 (0.0039)
Lambda GC: 1.3409
Mean Chi^2: 1.4567
Intercept: 1.0431 (0.0069)
Ratio: 0.0944 (0.0151)

Genetic Covariance
------------------
Total Observed scale gencov: 0.0677 (0.0047)
Mean z1*z2: 0.2478
Intercept: 0.0351 (0.0064)

Genetic Correlation
-------------------
Genetic Correlation: 0.3609 (0.0222)
Z-score: 16.2508
P: 2.2056e-59

Printing covariance matrix of the estimates to results/p11_scz_neff_audit/pairwise/SCZ_PGC2022__AUD_Nx2SCZ_PGC2022_Nx2.sumstats.gz_AUD.sumstats.gz.hsq1.cov.
Printing covariance matrix of the estimates to results/p11_scz_neff_audit/pairwise/SCZ_PGC2022__AUD_Nx2SCZ_PGC2022_Nx2.sumstats.gz_AUD.sumstats.gz.hsq2.cov.
Printing covariance matrix of the estimates to results/p11_scz_neff_audit/pairwise/SCZ_PGC2022__AUD_Nx2SCZ_PGC2022_Nx2.sumstats.gz_AUD.sumstats.gz.gencov.cov.

Summary of Genetic Correlation Results
                                                          p1                                                                                           p2     rg     se       z          p  h2_obs  h2_obs_se  h2_int  h2_int_se  gcov_int  gcov_int_se
results/p11_scz_neff_audit/input/SCZ_PGC2022_Nx2.sumstats.gz /public/home/zhengxiaoyang/BPD_transdiagnostic_genetics/analysis/ldsc/munged/AUD.sumstats.gz 0.3609 0.0222 16.2508 2.2056e-59  0.0874     0.0039  1.0431     0.0069    0.0351       0.0064

Analysis finished at Fri Sep  4 12:40:42 2026
Total time elapsed: 19.05s
