*********************************************************************
* LD Score Regression (LDSC)
* Version 1.0.1
* (C) 2014-2019 Brendan Bulik-Sullivan and Hilary Finucane
* Broad Institute of MIT and Harvard / MIT Department of Mathematics
* GNU General Public License v3
*********************************************************************
Call: 
./ldsc.py \
--out .codex_work/public_inputs_20260903/ldsc_audit/logs/SCZ_FINNGEN_R13_EXMORE__OCD_2025 \
--print-snps .codex_work/public_inputs_20260903/reference/extracted/eur_w_ld_chr/w_hm3.snplist \
--rg .codex_work/public_inputs_20260903/standardized/ldsc/SCZ_FINNGEN_R13_EXMORE.sumstats.gz,.codex_work/public_inputs_20260903/standardized/ldsc/OCD_2025.sumstats.gz \
--ref-ld-chr .codex_work/public_inputs_20260903/reference/extracted/eur_w_ld_chr/ \
--w-ld-chr .codex_work/public_inputs_20260903/reference/weights/weights.hm3_noMHC. \
--print-cov  

Beginning analysis at Thu Sep  3 22:24:11 2026
Reading summary statistics from .codex_work/public_inputs_20260903/standardized/ldsc/SCZ_FINNGEN_R13_EXMORE.sumstats.gz ...
Read summary statistics for 1159132 SNPs.
Reading reference panel LD Score from .codex_work/public_inputs_20260903/reference/extracted/eur_w_ld_chr/[1-22] ... (ldscore_fromlist)
Read reference panel LD Scores for 1290028 SNPs.
Removing partitioned LD Scores with zero variance.
Reading regression weight LD Score from .codex_work/public_inputs_20260903/reference/weights/weights.hm3_noMHC.[1-22] ... (ldscore_fromlist)
Read regression weight LD Scores for 1187349 SNPs.
After merging with reference panel LD, 1159132 SNPs remain.
After merging with regression SNP LD, 1147181 SNPs remain.
Computing rg for phenotype 2/2
Reading summary statistics from .codex_work/public_inputs_20260903/standardized/ldsc/OCD_2025.sumstats.gz ...
Read summary statistics for 1141452 SNPs.
After merging with summary statistics, 1111084 SNPs remain.
1111069 SNPs with valid alleles.

Heritability of phenotype 1
---------------------------
Total Observed scale h2: 0.1287 (0.0116)
Lambda GC: 1.1879
Mean Chi^2: 1.2162
Intercept: 1.0583 (0.0081)
Ratio: 0.2697 (0.0374)

Heritability of phenotype 2/2
-----------------------------
Total Observed scale h2: 0.3144 (0.0203)
Lambda GC: 1.2182
Mean Chi^2: 1.2315
Intercept: 1.0243 (0.007)
Ratio: 0.1049 (0.0301)

Genetic Covariance
------------------
Total Observed scale gencov: 0.077 (0.0103)
Mean z1*z2: 0.0938
Intercept: 0.0271 (0.0058)

Genetic Correlation
-------------------
Genetic Correlation: 0.383 (0.0522)
Z-score: 7.3313
P: 2.2799e-13

Printing covariance matrix of the estimates to .codex_work/public_inputs_20260903/ldsc_audit/logs/SCZ_FINNGEN_R13_EXMORE__OCD_2025SCZ_FINNGEN_R13_EXMORE.sumstats.gz_OCD_2025.sumstats.gz.hsq1.cov.
Printing covariance matrix of the estimates to .codex_work/public_inputs_20260903/ldsc_audit/logs/SCZ_FINNGEN_R13_EXMORE__OCD_2025SCZ_FINNGEN_R13_EXMORE.sumstats.gz_OCD_2025.sumstats.gz.hsq2.cov.
Printing covariance matrix of the estimates to .codex_work/public_inputs_20260903/ldsc_audit/logs/SCZ_FINNGEN_R13_EXMORE__OCD_2025SCZ_FINNGEN_R13_EXMORE.sumstats.gz_OCD_2025.sumstats.gz.gencov.cov.

Summary of Genetic Correlation Results
                                                                                     p1                                                                        p2    rg     se      z          p  h2_obs  h2_obs_se  h2_int  h2_int_se  gcov_int  gcov_int_se
.codex_work/public_inputs_20260903/standardized/ldsc/SCZ_FINNGEN_R13_EXMORE.sumstats.gz .codex_work/public_inputs_20260903/standardized/ldsc/OCD_2025.sumstats.gz 0.383 0.0522 7.3313 2.2799e-13  0.3144     0.0203  1.0243      0.007    0.0271       0.0058

Analysis finished at Thu Sep  3 22:24:22 2026
Total time elapsed: 10.32s
