*********************************************************************
* LD Score Regression (LDSC)
* Version 1.0.1
* (C) 2014-2019 Brendan Bulik-Sullivan and Hilary Finucane
* Broad Institute of MIT and Harvard / MIT Department of Mathematics
* GNU General Public License v3
*********************************************************************
Call: 
./ldsc.py \
--out .codex_work/public_inputs_20260903/ldsc_audit/logs/SCZ_FINNGEN_R13__ASD \
--print-snps .codex_work/public_inputs_20260903/reference/extracted/eur_w_ld_chr/w_hm3.snplist \
--rg .codex_work/public_inputs_20260903/standardized/ldsc/SCZ_FINNGEN_R13.sumstats.gz,.codex_work/public_inputs_20260903/standardized/ldsc/ASD.sumstats.gz \
--ref-ld-chr .codex_work/public_inputs_20260903/reference/extracted/eur_w_ld_chr/ \
--w-ld-chr .codex_work/public_inputs_20260903/reference/weights/weights.hm3_noMHC. \
--print-cov  

Beginning analysis at Thu Sep  3 22:18:24 2026
Reading summary statistics from .codex_work/public_inputs_20260903/standardized/ldsc/SCZ_FINNGEN_R13.sumstats.gz ...
Read summary statistics for 1159089 SNPs.
Reading reference panel LD Score from .codex_work/public_inputs_20260903/reference/extracted/eur_w_ld_chr/[1-22] ... (ldscore_fromlist)
Read reference panel LD Scores for 1290028 SNPs.
Removing partitioned LD Scores with zero variance.
Reading regression weight LD Score from .codex_work/public_inputs_20260903/reference/weights/weights.hm3_noMHC.[1-22] ... (ldscore_fromlist)
Read regression weight LD Scores for 1187349 SNPs.
After merging with reference panel LD, 1159089 SNPs remain.
After merging with regression SNP LD, 1147142 SNPs remain.
Computing rg for phenotype 2/2
Reading summary statistics from .codex_work/public_inputs_20260903/standardized/ldsc/ASD.sumstats.gz ...
Read summary statistics for 1050308 SNPs.
After merging with summary statistics, 1024610 SNPs remain.
1024596 SNPs with valid alleles.

Heritability of phenotype 1
---------------------------
Total Observed scale h2: 0.1235 (0.0207)
Lambda GC: 1.1105
Mean Chi^2: 1.1163
Intercept: 1.0405 (0.0091)
Ratio: 0.3482 (0.0784)

Heritability of phenotype 2/2
-----------------------------
Total Observed scale h2: 0.2026 (0.0176)
Lambda GC: 1.1737
Mean Chi^2: 1.2011
Intercept: 1.0084 (0.0099)
Ratio: 0.042 (0.0493)

Genetic Covariance
------------------
Total Observed scale gencov: 0.0307 (0.0143)
Mean z1*z2: 0.0262
Intercept: 0.0031 (0.0064)

Genetic Correlation
-------------------
Genetic Correlation: 0.1942 (0.0931)
Z-score: 2.0856
P: 0.037

Printing covariance matrix of the estimates to .codex_work/public_inputs_20260903/ldsc_audit/logs/SCZ_FINNGEN_R13__ASDSCZ_FINNGEN_R13.sumstats.gz_ASD.sumstats.gz.hsq1.cov.
Printing covariance matrix of the estimates to .codex_work/public_inputs_20260903/ldsc_audit/logs/SCZ_FINNGEN_R13__ASDSCZ_FINNGEN_R13.sumstats.gz_ASD.sumstats.gz.hsq2.cov.
Printing covariance matrix of the estimates to .codex_work/public_inputs_20260903/ldsc_audit/logs/SCZ_FINNGEN_R13__ASDSCZ_FINNGEN_R13.sumstats.gz_ASD.sumstats.gz.gencov.cov.

Summary of Genetic Correlation Results
                                                                              p1                                                                   p2     rg     se      z     p  h2_obs  h2_obs_se  h2_int  h2_int_se  gcov_int  gcov_int_se
.codex_work/public_inputs_20260903/standardized/ldsc/SCZ_FINNGEN_R13.sumstats.gz .codex_work/public_inputs_20260903/standardized/ldsc/ASD.sumstats.gz 0.1942 0.0931 2.0856 0.037  0.2026     0.0176  1.0084     0.0099    0.0031       0.0064

Analysis finished at Thu Sep  3 22:18:42 2026
Total time elapsed: 17.75s
