*********************************************************************
* LD Score Regression (LDSC)
* Version 1.0.1
* (C) 2014-2019 Brendan Bulik-Sullivan and Hilary Finucane
* Broad Institute of MIT and Harvard / MIT Department of Mathematics
* GNU General Public License v3
*********************************************************************
Call: 
./ldsc.py \
--out .codex_work/public_inputs_20260903/ldsc_audit/logs/SCZ_PGC2022__ASD \
--print-snps .codex_work/public_inputs_20260903/reference/extracted/eur_w_ld_chr/w_hm3.snplist \
--rg .codex_work/public_inputs_20260903/standardized/ldsc/SCZ_PGC2022.sumstats.gz,.codex_work/public_inputs_20260903/standardized/ldsc/ASD.sumstats.gz \
--ref-ld-chr .codex_work/public_inputs_20260903/reference/extracted/eur_w_ld_chr/ \
--w-ld-chr .codex_work/public_inputs_20260903/reference/weights/weights.hm3_noMHC. \
--print-cov  

Beginning analysis at Thu Sep  3 22:19:03 2026
Reading summary statistics from .codex_work/public_inputs_20260903/standardized/ldsc/SCZ_PGC2022.sumstats.gz ...
Read summary statistics for 1131521 SNPs.
Reading reference panel LD Score from .codex_work/public_inputs_20260903/reference/extracted/eur_w_ld_chr/[1-22] ... (ldscore_fromlist)
Read reference panel LD Scores for 1290028 SNPs.
Removing partitioned LD Scores with zero variance.
Reading regression weight LD Score from .codex_work/public_inputs_20260903/reference/weights/weights.hm3_noMHC.[1-22] ... (ldscore_fromlist)
Read regression weight LD Scores for 1187349 SNPs.
After merging with reference panel LD, 1131521 SNPs remain.
After merging with regression SNP LD, 1119805 SNPs remain.
Computing rg for phenotype 2/2
Reading summary statistics from .codex_work/public_inputs_20260903/standardized/ldsc/ASD.sumstats.gz ...
Read summary statistics for 1050308 SNPs.
After merging with summary statistics, 1034939 SNPs remain.
1034938 SNPs with valid alleles.

Heritability of phenotype 1
---------------------------
Total Observed scale h2: 0.7716 (0.0318)
Lambda GC: 1.8176
Mean Chi^2: 2.1103
Intercept: 1.1193 (0.0191)
Ratio: 0.1074 (0.0172)

Heritability of phenotype 2/2
-----------------------------
Total Observed scale h2: 0.2076 (0.0176)
Lambda GC: 1.1721
Mean Chi^2: 1.2001
Intercept: 1.0038 (0.0099)
Ratio: 0.0189 (0.0495)

Genetic Covariance
------------------
Total Observed scale gencov: 0.1018 (0.0145)
Mean z1*z2: 0.1341
Intercept: 0.0235 (0.0091)

Genetic Correlation
-------------------
Genetic Correlation: 0.2543 (0.0374)
Z-score: 6.7974
P: 1.0653e-11

Printing covariance matrix of the estimates to .codex_work/public_inputs_20260903/ldsc_audit/logs/SCZ_PGC2022__ASDSCZ_PGC2022.sumstats.gz_ASD.sumstats.gz.hsq1.cov.
Printing covariance matrix of the estimates to .codex_work/public_inputs_20260903/ldsc_audit/logs/SCZ_PGC2022__ASDSCZ_PGC2022.sumstats.gz_ASD.sumstats.gz.hsq2.cov.
Printing covariance matrix of the estimates to .codex_work/public_inputs_20260903/ldsc_audit/logs/SCZ_PGC2022__ASDSCZ_PGC2022.sumstats.gz_ASD.sumstats.gz.gencov.cov.

Summary of Genetic Correlation Results
                                                                          p1                                                                   p2     rg     se      z          p  h2_obs  h2_obs_se  h2_int  h2_int_se  gcov_int  gcov_int_se
.codex_work/public_inputs_20260903/standardized/ldsc/SCZ_PGC2022.sumstats.gz .codex_work/public_inputs_20260903/standardized/ldsc/ASD.sumstats.gz 0.2543 0.0374 6.7974 1.0653e-11  0.2076     0.0176  1.0038     0.0099    0.0235       0.0091

Analysis finished at Thu Sep  3 22:19:16 2026
Total time elapsed: 13.64s
