*********************************************************************
* LD Score Regression (LDSC)
* Version 1.0.1
* (C) 2014-2019 Brendan Bulik-Sullivan and Hilary Finucane
* Broad Institute of MIT and Harvard / MIT Department of Mathematics
* GNU General Public License v3
*********************************************************************
Call: 
./ldsc.py \
--out .codex_work/public_inputs_20260903/ldsc_audit/logs/SCZ_PGC2022__OCD_2025 \
--print-snps .codex_work/public_inputs_20260903/reference/extracted/eur_w_ld_chr/w_hm3.snplist \
--rg .codex_work/public_inputs_20260903/standardized/ldsc/SCZ_PGC2022.sumstats.gz,.codex_work/public_inputs_20260903/standardized/ldsc/OCD_2025.sumstats.gz \
--ref-ld-chr .codex_work/public_inputs_20260903/reference/extracted/eur_w_ld_chr/ \
--w-ld-chr .codex_work/public_inputs_20260903/reference/weights/weights.hm3_noMHC. \
--print-cov  

Beginning analysis at Thu Sep  3 22:19:18 2026
Reading summary statistics from .codex_work/public_inputs_20260903/standardized/ldsc/SCZ_PGC2022.sumstats.gz ...
Read summary statistics for 1131521 SNPs.
Reading reference panel LD Score from .codex_work/public_inputs_20260903/reference/extracted/eur_w_ld_chr/[1-22] ... (ldscore_fromlist)
Read reference panel LD Scores for 1290028 SNPs.
Removing partitioned LD Scores with zero variance.
Reading regression weight LD Score from .codex_work/public_inputs_20260903/reference/weights/weights.hm3_noMHC.[1-22] ... (ldscore_fromlist)
Read regression weight LD Scores for 1187349 SNPs.
After merging with reference panel LD, 1131521 SNPs remain.
After merging with regression SNP LD, 1119805 SNPs remain.
Computing rg for phenotype 2/2
Reading summary statistics from .codex_work/public_inputs_20260903/standardized/ldsc/OCD_2025.sumstats.gz ...
Read summary statistics for 1141452 SNPs.
After merging with summary statistics, 1104477 SNPs remain.
1104475 SNPs with valid alleles.

Heritability of phenotype 1
---------------------------
Total Observed scale h2: 0.8033 (0.032)
Lambda GC: 1.7766
Mean Chi^2: 2.0598
Intercept: 1.0777 (0.0165)
Ratio: 0.0734 (0.0156)

Heritability of phenotype 2/2
-----------------------------
Total Observed scale h2: 0.3165 (0.0203)
Lambda GC: 1.219
Mean Chi^2: 1.2324
Intercept: 1.022 (0.0075)
Ratio: 0.0945 (0.0321)

Genetic Covariance
------------------
Total Observed scale gencov: 0.2038 (0.0176)
Mean z1*z2: 0.205
Intercept: 0.0293 (0.0082)

Genetic Correlation
-------------------
Genetic Correlation: 0.4042 (0.0297)
Z-score: 13.6001
P: 3.997e-42

Printing covariance matrix of the estimates to .codex_work/public_inputs_20260903/ldsc_audit/logs/SCZ_PGC2022__OCD_2025SCZ_PGC2022.sumstats.gz_OCD_2025.sumstats.gz.hsq1.cov.
Printing covariance matrix of the estimates to .codex_work/public_inputs_20260903/ldsc_audit/logs/SCZ_PGC2022__OCD_2025SCZ_PGC2022.sumstats.gz_OCD_2025.sumstats.gz.hsq2.cov.
Printing covariance matrix of the estimates to .codex_work/public_inputs_20260903/ldsc_audit/logs/SCZ_PGC2022__OCD_2025SCZ_PGC2022.sumstats.gz_OCD_2025.sumstats.gz.gencov.cov.

Summary of Genetic Correlation Results
                                                                          p1                                                                        p2     rg     se       z          p  h2_obs  h2_obs_se  h2_int  h2_int_se  gcov_int  gcov_int_se
.codex_work/public_inputs_20260903/standardized/ldsc/SCZ_PGC2022.sumstats.gz .codex_work/public_inputs_20260903/standardized/ldsc/OCD_2025.sumstats.gz 0.4042 0.0297 13.6001 3.9970e-42  0.3165     0.0203   1.022     0.0075    0.0293       0.0082

Analysis finished at Thu Sep  3 22:19:28 2026
Total time elapsed: 9.69s
