*********************************************************************
* LD Score Regression (LDSC)
* Version 1.0.1
* (C) 2014-2019 Brendan Bulik-Sullivan and Hilary Finucane
* Broad Institute of MIT and Harvard / MIT Department of Mathematics
* GNU General Public License v3
*********************************************************************
Call: 
./ldsc.py \
--out .codex_work/public_inputs_20260903/ldsc_audit/logs/SCZ_FINNGEN_R13_EXMORE__AN \
--print-snps .codex_work/public_inputs_20260903/reference/extracted/eur_w_ld_chr/w_hm3.snplist \
--rg .codex_work/public_inputs_20260903/standardized/ldsc/SCZ_FINNGEN_R13_EXMORE.sumstats.gz,.codex_work/public_inputs_20260903/standardized/ldsc/AN.sumstats.gz \
--ref-ld-chr .codex_work/public_inputs_20260903/reference/extracted/eur_w_ld_chr/ \
--w-ld-chr .codex_work/public_inputs_20260903/reference/weights/weights.hm3_noMHC. \
--print-cov  

Beginning analysis at Thu Sep  3 22:24:12 2026
Reading summary statistics from .codex_work/public_inputs_20260903/standardized/ldsc/SCZ_FINNGEN_R13_EXMORE.sumstats.gz ...
Read summary statistics for 1159132 SNPs.
Reading reference panel LD Score from .codex_work/public_inputs_20260903/reference/extracted/eur_w_ld_chr/[1-22] ... (ldscore_fromlist)
Read reference panel LD Scores for 1290028 SNPs.
Removing partitioned LD Scores with zero variance.
Reading regression weight LD Score from .codex_work/public_inputs_20260903/reference/weights/weights.hm3_noMHC.[1-22] ... (ldscore_fromlist)
Read regression weight LD Scores for 1187349 SNPs.
After merging with reference panel LD, 1159132 SNPs remain.
After merging with regression SNP LD, 1147181 SNPs remain.
Computing rg for phenotype 2/2
Reading summary statistics from .codex_work/public_inputs_20260903/standardized/ldsc/AN.sumstats.gz ...
Read summary statistics for 928536 SNPs.
After merging with summary statistics, 910646 SNPs remain.
910633 SNPs with valid alleles.

Heritability of phenotype 1
---------------------------
Total Observed scale h2: 0.1333 (0.0133)
Lambda GC: 1.198
Mean Chi^2: 1.2294
Intercept: 1.0538 (0.0109)
Ratio: 0.2347 (0.0474)

Heritability of phenotype 2/2
-----------------------------
Total Observed scale h2: 0.25 (0.0175)
Lambda GC: 1.2598
Mean Chi^2: 1.3048
Intercept: 1.0213 (0.0113)
Ratio: 0.07 (0.0372)

Genetic Covariance
------------------
Total Observed scale gencov: 0.0485 (0.0089)
Mean z1*z2: 0.0585
Intercept: 0.0015 (0.007)

Genetic Correlation
-------------------
Genetic Correlation: 0.2659 (0.049)
Z-score: 5.4216
P: 5.9063e-08

Printing covariance matrix of the estimates to .codex_work/public_inputs_20260903/ldsc_audit/logs/SCZ_FINNGEN_R13_EXMORE__ANSCZ_FINNGEN_R13_EXMORE.sumstats.gz_AN.sumstats.gz.hsq1.cov.
Printing covariance matrix of the estimates to .codex_work/public_inputs_20260903/ldsc_audit/logs/SCZ_FINNGEN_R13_EXMORE__ANSCZ_FINNGEN_R13_EXMORE.sumstats.gz_AN.sumstats.gz.hsq2.cov.
Printing covariance matrix of the estimates to .codex_work/public_inputs_20260903/ldsc_audit/logs/SCZ_FINNGEN_R13_EXMORE__ANSCZ_FINNGEN_R13_EXMORE.sumstats.gz_AN.sumstats.gz.gencov.cov.

Summary of Genetic Correlation Results
                                                                                     p1                                                                  p2     rg    se      z          p  h2_obs  h2_obs_se  h2_int  h2_int_se  gcov_int  gcov_int_se
.codex_work/public_inputs_20260903/standardized/ldsc/SCZ_FINNGEN_R13_EXMORE.sumstats.gz .codex_work/public_inputs_20260903/standardized/ldsc/AN.sumstats.gz 0.2659 0.049 5.4216 5.9063e-08    0.25     0.0175  1.0213     0.0113    0.0015        0.007

Analysis finished at Thu Sep  3 22:24:21 2026
Total time elapsed: 9.71s
